# Syllable operating system Devanagari INSCRIPT (Sanskrit) keymap

# Preliminary implementation only

Version    = 0    


#InitialLocks = CapsLock NumLock ScrollLock
#InitialLocks = NumLock
#InitialLocks = CapsLock     

# Qualifiers:
#   n = Normal
#   s = Shift
#   c = Control
#   C = Caps lock
#   o = Option
#
#   Key     n          s          c          o          os         C          Cs         Co        Cos        cs   

Key 0x00 = 0x0        0x0        0x0        0x0        0x0        0x0        0x0        0x0        0x0                    
Key 0x01 = 0x1b       0x1b       0x1b       0x1b       0x1b       0x1b       0x1b       0x1b       0x1b      
Key 0x02 = 0x10       0x10       0x10       0x10       0x10       0x10       0x10       0x10       0x10      
Key 0x03 = 0x10       0x10       0x10       0x10       0x10       0x10       0x10       0x10       0x10      
Key 0x04 = 0x10       0x10       0x10       0x10       0x10       0x10       0x10       0x10       0x10      
Key 0x05 = 0x10       0x10       0x10       0x10       0x10       0x10       0x10       0x10       0x10      
Key 0x06 = 0x10       0x10       0x10       0x10       0x10       0x10       0x10       0x10       0x10      
Key 0x07 = 0x10       0x10       0x10       0x10       0x10       0x10       0x10       0x10       0x10      
Key 0x08 = 0x10       0x10       0x10       0x10       0x10       0x10       0x10       0x10       0x10      
Key 0x09 = 0x10       0x10       0x10       0x10       0x10       0x10       0x10       0x10       0x10      
Key 0x0a = 0x10       0x10       0x10       0x10       0x10       0x10       0x10       0x10       0x10      
Key 0x0b = 0x10       0x10       0x10       0x10       0x10       0x10       0x10       0x10       0x10      
Key 0x0c = 0x10       0x10       0x10       0x10       0x10       0x10       0x10       0x10       0x10      
Key 0x0d = 0x10       0x10       0x10       0x10       0x10       0x10       0x10       0x10       0x10      
Key 0x0e = 0x10       0x10       0x10       0x10       0x10       0x10       0x10       0x10       0x10      
Key 0x0f = 0x10       0x10       0x10       0x10       0x10       0x10       0x10       0x10       0x10      
Key 0x10 = 0x10       0x10       0x10       0x10       0x10       0x10       0x10       0x10       0x10      
#
Key 0x11 = 0xe0a58a   0xe0a492   0x0        0x0        0x0        '`'        '~'        0x0        0x0       
Key 0x12 = 0xe0a5a7   0xe0a48d   0x0        0x31       0x0        '1'        '!'        0xe0a5a7   0x0        0xe2808d  # ZERO WIDTH JOINER
Key 0x13 = 0xe0a5a8   0xe0a585   0x0        0x32       0x0        '2'        '@'        0xe0a5a8   0x0        0xe2808c  # ZERO WIDTH NON-JOINER
#
#
# 
Key 0x14 = 0xe0a5a9   0xe0a58d   0x0        0x33       0x0        '3'        '#'        0xe0a5a9   0x0       
Key 0x15 = 0xe0a5aa   0xe0a4b0   0x0        0x34       0x0        '4'        '$'        0xe0a5aa   0x0       
Key 0x16 = 0xe0a5ab   0xe0a49c   0x0        0x35       0x0        '5'        '%'        0xe0a5ab   0x0       
Key 0x17 = 0xe0a5ac   0xe0a4a4   0x1e       0x36       0x0        '6'        '^'        0xe0a5ac   0x0       
Key 0x18 = 0xe0a5ad   0xe0a495   0x0        0x37       0x0        '7'        '&'        0xe0a5ad   0x0       
Key 0x19 = 0xe0a5ae   0xe0a4b6   0x0        0x38       0x0        '8'        '*'        0xe0a5ae   0x0       
#  primary glyths here as placeholders.
#
#
Key 0x1a = 0xe0a5af   '('        0x0        0x39       0x0        '9'        '('        0xe0a5af   0x0       
Key 0x1b = 0xe0a5a6   ')'        0x0        0x30       0x0        '0'        ')'        0xe0a5a6   0x0       
Key 0x1c = '-'        0xe0a483   0x1f       0x0        0x0        '-'        '_'        0x0        0x0       
Key 0x1d = 0xe0a583   0xe0a48b   0x0        0xe0a584   0xe0a5a0   '='        '+'        0x0        0x0       
#
Key 0x1e = 0x8        0x8        0x7f       0x8        0x8        0x8        0x8        0x8        0x8       
Key 0x1f = 0x5        0x5        0x5        0x5        0x5        0x5        0x5        0x5        0x5       
Key 0x20 = 0x1        0x1        0x1        0x1        0x1        0x1        0x1        0x1        0x1       
Key 0x21 = 0xb        0xb        0xb        0xb        0xb        0xb        0xb        0xb        0xb       
Key 0x22 = 0x0        0x0        0x0        0x0        0x0        0x0        0x0        0x0        0x0       
Key 0x23 = '/'        '/'        '/'        '/'        '/'        '/'        '/'        '/'        '/'       
Key 0x24 = '*'        '*'        '*'        '*'        '*'        '*'        '*'        '*'        '*'       
Key 0x25 = '-'        '-'        '-'        '-'        '-'        '-'        '-'        '-'        '-'       
Key 0x26 = 0x9        0x9        0x9        0x9        0x9        0x9        0x9        0x9        0x9       
#
Key 0x27 = 0xe0a58c   0xe0a494   0x11       0x0        0x0        'q'        'Q'        0x0        0x0       
Key 0x28 = 0xe0a588   0xe0a490   0x17       0x0        0x0        'w'        'W'        0x0        0x0       
Key 0x29 = 0xe0a4be   0xe0a486   0x5        0x0        0x0        'e'        'E'        0xe282ac   0xc2a2    
Key 0x2a = 0xe0a580   0xe0a488   0x12       0xe0a5a3   0xe0a5a1   'r'        'R'        0x0        0x0       
Key 0x2b = 0xe0a582   0xe0a48a   0x14       0x0        0x0        't'        'T'        0x0        0x0       
Key 0x2c = 0xe0a4ac   0xe0a4ad   0x19       0x0        0x0        'y'        'Y'        0x0        0x0       
Key 0x2d = 0xe0a4b9   0xe0a499   0x15       0x0        0x0        'u'        'U'        0x0        0x0       
Key 0x2e = 0xe0a497   0xe0a498   0x9        0xe0a59a   0x0        'i'        'I'        0x0        0x0       
Key 0x2f = 0xe0a4a6   0xe0a4a7   0xf        0x0        0x0        'o'        'O'        0x0        0x0       
Key 0x30 = 0xe0a49c   0xe0a49d   0x10       0xe0a59b   0x0        'p'        'P'        0x0        0x0       
Key 0x31 = 0xe0a4a1   0xe0a4a2   0x1b       0xe0a59c   0xe0a59d   '['        '{'        0x0        0x0       
Key 0x32 = 0xe0a4bc   0xe0a49e   0x1d       0x0        0x0        ']'        '}'        0x0        0x0       
#
Key 0x33 = 0xe0a589   0xe0a491   0x1c       0x0        0x0        '\'        '|'        0x0        0x0       
#
Key 0x34 = 0x7f       0x7f       0x7f       0x7f       0x7f       0x7f       0x7f       0x7f       0x7f      
Key 0x35 = 0x4        0x4        0x4        0x4        0x4        0x4        0x4        0x4        0x4       
Key 0x36 = 0xc        0xc        0xc        0xc        0xc        0xc        0xc        0xc        0xc       
Key 0x37 = 0x1        '7'        0x1        0x1        '7'        0x1        '7'        0x1        '7'       
Key 0x38 = 0x1e       '8'        0x1e       0x1e       '8'        0x1e       '8'        0x1e       '8'       
Key 0x39 = 0xb        '9'        0xb        0xb        '9'        0xb        '9'        0xb        '9'       
Key 0x3a = '+'        '+'        '+'        '+'        '+'        '+'        '+'        '+'        '+'       
Key 0x3b = 0x0        0x0        0x0        0x0        0x0        0x0        0x0        0x0        0x0       
#
Key 0x3c = 0xe0a58b   0xe0a493   0x1        0x0        0x0        'a'        'A'        0x0        0x0       
Key 0x3d = 0xe0a587   0xe0a48f   0x13       0x0        0x0        's'        'S'        0x0        0x0       
Key 0x3e = 0xe0a58d   0xe0a485   0x4        0x0        0x0        'd'        'D'        0x0        0x0       
Key 0x3f = 0xe0a4bf   0xe0a487   0x6        0xe0a5a2   0xe0a48c   'f'        'F'        0x0        0x0       
Key 0x40 = 0xe0a581   0xe0a489   0x7        0x0        0x0        'g'        'G'        0x0        0x0       
Key 0x41 = 0xe0a4aa   0xe0a4ab   0x8        0x0        0xe0a59e   'h'        'H'        0x0        0x0       
Key 0x42 = 0xe0a4b0   0xe0a4b1   0xa        0x0        0x0        'j'        'J'        0x0        0x0       
Key 0x43 = 0xe0a495   0xe0a496   0xb        0xe0a598   0xe0a599   'k'        'K'        0x0        0x0       
Key 0x44 = 0xe0a4a4   0xe0a4a5   0xc        0x0        0x0        'l'        'L'        0x0        0x0       
Key 0x45 = 0xe0a49a   0xe0a49b   0x0        0xe0a592   0x0        ';'        ':'        0x0        0x0       
Key 0x46 = 0xe0a49f   0xe0a4a0   0x0        0x0        0xe0a591   '''        '"'        0x0        0x0       
#
Key 0x47 = 0xa        0xa        0xa        0xa        0xa        0xa        0xa        0xa        0xa       
Key 0x48 = 0x1c       '4'        0x1c       0x1c       '4'        0x1c       '4'        0x1c       '4'       
Key 0x49 = 0x0        '5'        0x0        0x0        '5'        0x0        '5'        0x0        '5'       
Key 0x4a = 0x1d       '6'        0x1d       0x1d       '6'        0x1d       '6'        0x1d       '6'       
Key 0x4b = 0x0        0x0        0x0        0x0        0x0        0x0        0x0        0x0        0x0       
#
Key 0x4c = 0xe0a586   0xe0a48e   0x1a       0xe0a593   0x0        'z'        'Z'        0x0        0x0       
Key 0x4d = 0xe0a482   0xe0a481   0x18       0x0        0xe0a590   'x'        'X'        0x0        0x0       
Key 0x4e = 0xe0a4ae   0xe0a4a3   0x3        0xe0a594   0x0        'c'        'C'        0x0        0x0       
Key 0x4f = 0xe0a4a8   0xe0a4a9   0x16       0x0        0x0        'v'        'V'        0x0        0x0       
Key 0x50 = 0xe0a4b5   0xe0a4b4   0x2        0x0        0x0        'b'        'B'        0x0        0x0       
Key 0x51 = 0xe0a4b2   0xe0a4b3   0xe        0x0        0x0        'n'        'N'        0x0        0x0       
Key 0x52 = 0xe0a4b8   0xe0a4b6   0xd        0x0        0x0        'm'        'M'        0x0        0x0       
Key 0x53 = ','        0xe0a4b7   0x0        0xe0a5b0   0x0        ','        '<'        0x0        0x0       
Key 0x54 = '.'        0xe0a5a4   0x0        0xe0a5a5   0xe0a4bd   '.'        '>'        0x0        0x0       
Key 0x55 = 0xe0a4af   0xe0a59f   0x0        0x0        0x0        '/'        '?'        0x0        0x0       
#
Key 0x56 = 0x0        0x0        0x0        0x0        0x0        0x0        0x0        0x0        0x0       
Key 0x57 = 0x1e       0x1e       0x1e       0x1e       0x1e       0x1e       0x1e       0x1e       0x1e      
Key 0x58 = 0x4        '1'        0x4        0x4        '1'        0x4        '1'        0x4        '1'       
Key 0x59 = 0x1f       '2'        0x1f       0x1f       '2'        0x1f       '2'        0x1f       '2'       
Key 0x5a = 0xc        '3'        0xc        0xc        '3'        0xc        '3'        0xc        '3'       
Key 0x5b = 0xa        0xa        0xa        0xa        0xa        0xa        0xa        0xa        0xa       
Key 0x5c = 0x0        0x0        0x0        0x0        0x0        0x0        0x0        0x0        0x0       
Key 0x5d = 0x0        0x0        0x0        0x0        0x0        0x0        0x0        0x0        0x0       
#
Key 0x5e = 0x20       0x20       0x20       0xc2a0     0xc2a0     0x20       0x20       0xc2a0     0xc2a0    
#
Key 0x5f = 0x0        0x0        0x0        0x0        0x0        0x0        0x0        0x0        0x0       
Key 0x60 = 0x0        0x0        0x0        0x0        0x0        0x0        0x0        0x0        0x0       
Key 0x61 = 0x1c       0x1c       0x1c       0x1c       0x1c       0x1c       0x1c       0x1c       0x1c      
Key 0x62 = 0x1f       0x1f       0x1f       0x1f       0x1f       0x1f       0x1f       0x1f       0x1f      
Key 0x63 = 0x1d       0x1d       0x1d       0x1d       0x1d       0x1d       0x1d       0x1d       0x1d      
Key 0x64 = 0x5        '0'        0x5        0x5        '0'        0x5        '0'        0x5        '0'       
#
Key 0x65 = 0x7f       '.'        0x7f       0x7f       '.'        0x7f       '.'        0x7f       '.'       
#
Key 0x66 = 0x0        0x0        0x0        0x0        0x0        0x0        0x0        0x0        0x0       
Key 0x67 = 0x0        0x0        0x0        0x0        0x0        0x0        0x0        0x0        0x0       
Key 0x68 = 0x0        0x0        0x0        0x0        0x0        0x0        0x0        0x0        0x0       
#
Key 0x69 = 0x0        0x0        0x0        0x0        0x0        0x0        0x0        0x0        0x0    
Key 0x6a = 0x0        0x0        0x0        0x0        0x0        0x0        0x0        0x0        0x0       
Key 0x6b = 0x0        0x0        0x0        0x0        0x0        0x0        0x0        0x0        0x0       
Key 0x6c = 0x0        0x0        0x0        0x0        0x0        0x0        0x0        0x0        0x0       
Key 0x6d = 0x0        0x0        0x0        0x0        0x0        0x0        0x0        0x0        0x0       
Key 0x6e = 0x0        0x0        0x0        0x0        0x0        0x0        0x0        0x0        0x0       
Key 0x6f = 0x0        0x0        0x0        0x0        0x0        0x0        0x0        0x0        0x0       
Key 0x70 = 0x0        0x0        0x0        0x0        0x0        0x0        0x0        0x0        0x0       
Key 0x71 = 0x0        0x0        0x0        0x0        0x0        0x0        0x0        0x0        0x0       
Key 0x72 = 0x0        0x0        0x0        0x0        0x0        0x0        0x0        0x0        0x0       
Key 0x73 = 0x0        0x0        0x0        0x0        0x0        0x0        0x0        0x0        0x0       
Key 0x74 = 0x0        0x0        0x0        0x0        0x0        0x0        0x0        0x0        0x0       
Key 0x75 = 0x0        0x0        0x0        0x0        0x0        0x0        0x0        0x0        0x0       
Key 0x76 = 0x0        0x0        0x0        0x0        0x0        0x0        0x0        0x0        0x0       
Key 0x77 = 0x0        0x0        0x0        0x0        0x0        0x0        0x0        0x0        0x0       
Key 0x78 = 0x0        0x0        0x0        0x0        0x0        0x0        0x0        0x0        0x0       
Key 0x79 = 0x0        0x0        0x0        0x0        0x0        0x0        0x0        0x0        0x0       
Key 0x7a = 0x0        0x0        0x0        0x0        0x0        0x0        0x0        0x0        0x0       
Key 0x7b = 0x0        0x0        0x0        0x0        0x0        0x0        0x0        0x0        0x0       
Key 0x7c = 0x0        0x0        0x0        0x0        0x0        0x0        0x0        0x0        0x0       
Key 0x7d = 0x0        0x0        0x0        0x0        0x0        0x0        0x0        0x0        0x0       
Key 0x7e = 0x0        0x0        0x0        0x0        0x0        0x0        0x0        0x0        0x0       
Key 0x7f = 0x0        0x0        0x0        0x0        0x0        0x0        0x0        0x0        0x0       

# Dead keys:
# DeadKey <qualifiers> <rawkey> <second_key> = <result>
# qualifier is one of the qualifiers listed above (n, s, c, o, os)
# rawkey is the raw key code of the dead key
# second_key is the translated key code (unicode) of the key following the dead key
# result is the character to display when the key sequence is encountered
#
#       qual raw   second     = result

