##################################################
# Made by: Flemming "BurningShadow" H. Sørensen  #
# Date: 13/11 2005                               #
# Name: Føroysku QWERTY / Faroese QWERTY         #
##################################################
# ---------------------------------------------- #
# |§ |! |" |# |¤ |% |& |/ |( |) |= |? |` |     | #
# |½ |1 |2@|3£|4$|5 |6 |7{|8[|9]|0}|+ |´||     | #
# ---------------------------------------------- #
# |   |Q |W |E |R |T |Y |U |I |O |P |Å |Ð |    | #
# |   |q |w |e€|r®|t™|y |u |i |o°|p |å¨|ð~|    | #
# ------------------------------------------   | #
# |    |A |S |D |F |G |H |J |K |L |Æ |Ø |* |   | #
# |    |a |s |d |f |g |h |j |k |l |æ |ø^|' |   | #
# ---------------------------------------------- #
# |   |> |Z |X |C |V |B |N |M |; |: |_ |       | #
# |   |<\|z |x |c©|v |b |n |mµ|, |.…|- |       | #
# ---------------------------------------------- #
##################################################

Version    = 3

CapsLock   = 0x3b
ScrollLock = 0x0f
NumLock    = 0x22
LShift     = 0x4b
RShift     = 0x56
LCommand   = 0x5d
RCommand   = 0x67
LControl   = 0x5c
RControl   = 0x60
LOption    = 0x66
ROption    = 0x5f
Menu       = 0x68

#InitialLocks = CapsLock NumLock ScrollLock
InitialLocks =

# Qualifiers:
#   n = Normal
#   s = Shift
#   c = Control
#   C = Caps lock
#   o = Option
#
#   Key     n          s          c          o          os         C          Cs         Co        Cos

Key 0x00 = 0x0        0x0        0x0        0x0        0x0        0x0        0x0        0x0        0x0       
Key 0x01 = 0x1b       0x1b       0x1b       0x1b       0x1b       0x1b       0x1b       0x1b       0x1b      
Key 0x02 = 0x10       0x10       0x10       0x10       0x10       0x10       0x10       0x10       0x10      
Key 0x03 = 0x10       0x10       0x10       0x10       0x10       0x10       0x10       0x10       0x10      
Key 0x04 = 0x10       0x10       0x10       0x10       0x10       0x10       0x10       0x10       0x10      
Key 0x05 = 0x10       0x10       0x10       0x10       0x10       0x10       0x10       0x10       0x10      
Key 0x06 = 0x10       0x10       0x10       0x10       0x10       0x10       0x10       0x10       0x10      
Key 0x07 = 0x10       0x10       0x10       0x10       0x10       0x10       0x10       0x10       0x10      
Key 0x08 = 0x10       0x10       0x10       0x10       0x10       0x10       0x10       0x10       0x10      
Key 0x09 = 0x10       0x10       0x10       0x10       0x10       0x10       0x10       0x10       0x10      
Key 0x0a = 0x10       0x10       0x10       0x10       0x10       0x10       0x10       0x10       0x10      
Key 0x0b = 0x10       0x10       0x10       0x10       0x10       0x10       0x10       0x10       0x10      
Key 0x0c = 0x10       0x10       0x10       0x10       0x10       0x10       0x10       0x10       0x10      
Key 0x0d = 0x10       0x10       0x10       0x10       0x10       0x10       0x10       0x10       0x10      
Key 0x0e = 0x10       0x10       0x10       0x10       0x10       0x10       0x10       0x10       0x10      
Key 0x0f = 0x10       0x10       0x10       0x10       0x10       0x10       0x10       0x10       0x10      
Key 0x10 = 0x10       0x10       0x10       0x10       0x10       0x10       0x10       0x10       0x10      
Key 0x11 = 0xc2bd     0xc2a7     0x0        0x0        0x0        0xc2bd     0xC2a7     0x0        0x0      
Key 0x12 = 0x31       0x21       0x0        0x0        0x0        0x31       0x21       0x0        0x0       
Key 0x13 = 0x32       0x22       0x0        0x40       0x0        0x32       0x22       0x40       0x0       
Key 0x14 = 0x33       0x23       0x0        0xc2a3     0x0        0x33       0x23       0xc2a3     0x0       
Key 0x15 = 0x34       0xc2a4     0x0        0x24       0x0        0x34       0xc2a4     0x24       0x0       
Key 0x16 = 0x35       0x25       0x0        0x0        0x0        0x35       0x25       0x0        0x0       
Key 0x17 = 0x36       0x26       0x0        0x0        0x0        0x36       0x26       0x0        0x0       
Key 0x18 = 0x37       0x2f       0x0        0x7b       0x0        0x37       0x2f       0x7b       0x0       
Key 0x19 = 0x38       0x28       0x0        0x5b       0x0        0x38       0x28       0x5b       0x0       
Key 0x1a = 0x39       0x29       0x0        0x5d       0x0        0x39       0x29       0x5d       0x0       
Key 0x1b = 0x30       0x3d       0x0        0x7d       0x0        0x30       0x3d       0x7d       0x0       
Key 0x1c = 0x2b       0x3f       0x0        0x0        0x0        0x2b       0x3f       0x0        0x0       
Key 0x1d = DEADKEY    DEADKEY    0x0        0x7c       0x0        DEADKEY    DEADKEY    0x7c       0x0       
Key 0x1e = 0x8        0x8        0x1f       0x8        0x8        0x8        0x8        0x8        0x8       
Key 0x1f = 0x5        0x5        0x5        0x5        0x5        0x5        0x5        0x5        0x5       
Key 0x20 = 0x1        0x1        0x1        0x1        0x1        0x1        0x1        0x1        0x1       
Key 0x21 = 0xb        0xb        0xb        0xb        0xb        0xb        0xb        0xb        0xb       
Key 0x22 = 0x0        0x0        0x0        0x0        0x0        0x0        0x0        0x0        0x0       
Key 0x23 = 0x2f       0x2f       0x2f       0x2f       0x2f       0x2f       0x2f       0x2f       0x2f       
Key 0x24 = 0x2a       0x2a       0x2a       0x2a       0x2a       0x2a       0x2a       0x2a       0x2a      
Key 0x25 = 0x2d       0x2d       0x2d       0x2d       0x2d       0x2d       0x2d       0x2d       0x2d      
Key 0x26 = 0x9        0x9        0x9        0x9        0x9        0x9        0x9        0x9        0x9       
Key 0x27 = 0x71       0x51       0x11       0x0        0x0        0x51       0x71       0x0        0x0       
Key 0x28 = 0x77       0x57       0x17       0x0        0x0        0x57       0x77       0x0        0x0       
Key 0x29 = 0x65       0x45       0x5        0xe282ac   0x0        0x45       0x65       0xe282ac   0x0       
Key 0x2a = 0x72       0x52       0x12       0xc2ae     0x0        0x52       0x72       0xc2ae     0x0       
Key 0x2b = 0x74       0x54       0x14       0xe284a2   0x0        0x54       0x74       0xe284a2   0x0       
Key 0x2c = 0x79       0x59       0x19       0x0        0x0        0x59       0x79       0x0        0x0       
Key 0x2d = 0x75       0x55       0x15       0x0        0x0        0x55       0x75       0x0        0x0       
Key 0x2e = 0x69       0x49       0x9        0x0        0x0        0x49       0x69       0x0        0x0       
Key 0x2f = 0x6f       0x4f       0xf        0xc2b0     0x0        0x4f       0x6f       0xc2b0     0x0       
Key 0x30 = 0x70       0x50       0x10       0x0        0x0        0x50       0x70       0x0        0x0       
Key 0x31 = 0xc3a5     0xc385     0x1d       DEADKEY    0x0        0xc385     0xc3a5     DEADKEY    0x0    
Key 0x32 = 0xc3b0     0xc390     0x1e       DEADKEY    0x0        0xc390     0xc3b0     DEADKEY    0x0      
Key 0x33 = 0x27       0x2a       0x0        0x0        0x0        0x27       0x2a       0x0        0x0       
Key 0x34 = 0x7f       0x7f       0x7f       0x7f       0x7f       0x7f       0x7f       0x7f       0x7f      
Key 0x35 = 0x4        0x4        0x4        0x4        0x4        0x4        0x4        0x4        0x4       
Key 0x36 = 0xc        0xc        0xc        0xc        0xc        0xc        0xc        0xc        0xc       
Key 0x37 = 0x1        0x37       0x1        0x1        0x37       0x37       0x1        0x1        0x37      
Key 0x38 = 0x1e       0x38       0x1e       0x1e       0x38       0x38       0x1e       0x1e       0x38      
Key 0x39 = 0xb        0x39       0xb        0xb        0x39       0x39       0xb        0xb        0x39      
Key 0x3a = 0x2b       0x2b       0x2b       0x2b       0x2b       0x2b       0x2b       0x2b       0x2b      
Key 0x3b = 0x0        0x0        0x0        0x0        0x0        0x0        0x0        0x0        0x0       
Key 0x3c = 0x61       0x41       0x1        0x0        0x0        0x41       0x61       0x0        0x0       
Key 0x3d = 0x73       0x53       0x13       0x0        0x0        0x53       0x73       0x0        0x0       
Key 0x3e = 0x64       0x44       0x4        0x0        0x0        0x44       0x64       0x0        0x0       
Key 0x3f = 0x66       0x46       0x6        0x0        0x0        0x46       0x66       0x0        0x0       
Key 0x40 = 0x67       0x47       0x7        0x0        0x0        0x47       0x67       0x0        0x0       
Key 0x41 = 0x68       0x48       0x8        0x0        0x0        0x48       0x68       0x0        0x0       
Key 0x42 = 0x6a       0x4a       0xa        0x0        0x0        0x4a       0x6a       0x0        0x0       
Key 0x43 = 0x6b       0x4b       0xb        0x0        0x0        0x4b       0x6b       0x0        0x0       
Key 0x44 = 0x6c       0x4c       0xc        0x0        0x0        0x4c       0x6c       0x0        0x0       
Key 0x45 = 0xc3a6     0xc386     0x1c       0x0        0x0        0xc386     0xc3a6     0x0        0x0    
Key 0x46 = 0xc3b8     0xc398     0x1b       DEADKEY    0x0        0xc398     0xc3b8     DEADKEY    0x0    
Key 0x47 = 0xa        0xa        0xa        0xa        0xa        0xa        0xa        0xa        0xa       
Key 0x48 = 0x1c       0x34       0x1c       0x1c       0x34       0x34       0x1c       0x1c       0x34      
Key 0x49 = 0x0        0x35       0x0        0x0        0x35       0x35       0x0        0x0        0x35      
Key 0x4a = 0x1d       0x36       0x1d       0x1d       0x36       0x36       0x1d       0x1d       0x36      
Key 0x4b = 0x0        0x0        0x0        0x0        0x0        0x0        0x0        0x0        0x0       
Key 0x4c = 0x7a       0x5a       0x1a       0x0        0x0        0x5a       0x7a       0x0        0x0       
Key 0x4d = 0x78       0x58       0x18       0x0        0x0        0x58       0x78       0x0        0x0       
Key 0x4e = 0x63       0x43       0x3        0xc2a9     0x0        0x43       0x63       0xc2a9     0x0       
Key 0x4f = 0x76       0x56       0x16       0x0        0x0        0x56       0x76       0x0        0x0       
Key 0x50 = 0x62       0x42       0x0        0x0        0x0        0x42       0x62       0x0        0x0       
Key 0x51 = 0x6e       0x4e       0xe        0x0        0x0        0x4e       0x6e       0x0        0x0       
Key 0x52 = 0x6d       0x4d       0xd        0xc2b5     0x0        0x4d       0x6d       0xc2b5     0x0       
Key 0x53 = 0x2c       0x3b       0x0        0x0        0x0        0x2c       0x3b       0x0        0x0       
Key 0x54 = 0x2e       0x3a       0x0        0xe280a6   0x0        0x2e       0x3a       0xe280a6   0x0       
Key 0x55 = 0x2d       0x5f       0x1f       0x0        0x0        0x2d       0x5f       0x0        0x0       
Key 0x56 = 0x0        0x0        0x0        0x0        0x0        0x0        0x0        0x0        0x0       
Key 0x57 = 0x1e       0x1e       0x1e       0x1e       0x1e       0x1e       0x1e       0x1e       0x1e      
Key 0x58 = 0x4        0x31       0x4        0x4        0x31       0x31       0x4        0x4        0x31      
Key 0x59 = 0x1f       0x32       0x1f       0x1f       0x32       0x32       0x1f       0x1f       0x32      
Key 0x5a = 0xc        0x33       0xc        0xc        0x33       0x33       0xc        0xc        0x33      
Key 0x5b = 0xa        0xa        0xa        0xa        0xa        0xa        0xa        0xa        0xa       
Key 0x5c = 0x0        0x0        0x0        0x0        0x0        0x0        0x0        0x0        0x0       
Key 0x5d = 0x0        0x0        0x0        0x0        0x0        0x0        0x0        0x0        0x0       
Key 0x5e = 0x20       0x20       0x0        0xc2a0     0xc2a0     0x20       0x20       0x20       0x20      
Key 0x5f = 0x0        0x0        0x0        0x0        0x0        0x0        0x0        0x0        0x0       
Key 0x60 = 0x0        0x0        0x0        0x0        0x0        0x0        0x0        0x0        0x0       
Key 0x61 = 0x1c       0x1c       0x1c       0x1c       0x1c       0x1c       0x1c       0x1c       0x1c      
Key 0x62 = 0x1f       0x1f       0x1f       0x1f       0x1f       0x1f       0x1f       0x1f       0x1f      
Key 0x63 = 0x1d       0x1d       0x1d       0x1d       0x1d       0x1d       0x1d       0x1d       0x1d      
Key 0x64 = 0x5        0x30       0x5        0x5        0x30       0x30       0x5        0x5        0x30      
Key 0x65 = 0x7f       0x2e       0x7f       0x7f       0x2e       0x2e       0x7f       0x7f       0x2e      
Key 0x66 = 0x0        0x0        0x0        0x0        0x0        0x0        0x0        0x0        0x0       
Key 0x67 = 0x0        0x0        0x0        0x0        0x0        0x0        0x0        0x0        0x0       
Key 0x68 = 0x0        0x0        0x0        0x0        0x0        0x0        0x0        0x0        0x0       
Key 0x69 = 0x3c       0x3e       0x0        0x5c       0x0        0x3c       0x3e       0x5c       0x0       
Key 0x6a = 0x0        0x0        0x0        0x0        0x0        0x0        0x0        0x0        0x0       
Key 0x6b = 0x0        0x0        0x0        0x0        0x0        0x0        0x0        0x0        0x0       
Key 0x6c = 0x0        0x0        0x0        0x0        0x0        0x0        0x0        0x0        0x0       
Key 0x6d = 0x0        0x0        0x0        0x0        0x0        0x0        0x0        0x0        0x0       
Key 0x6e = 0x0        0x0        0x0        0x0        0x0        0x0        0x0        0x0        0x0       
Key 0x6f = 0x0        0x0        0x0        0x0        0x0        0x0        0x0        0x0        0x0       
Key 0x70 = 0x0        0x0        0x0        0x0        0x0        0x0        0x0        0x0        0x0       
Key 0x71 = 0x0        0x0        0x0        0x0        0x0        0x0        0x0        0x0        0x0       
Key 0x72 = 0x0        0x0        0x0        0x0        0x0        0x0        0x0        0x0        0x0       
Key 0x73 = 0x0        0x0        0x0        0x0        0x0        0x0        0x0        0x0        0x0       
Key 0x74 = 0x0        0x0        0x0        0x0        0x0        0x0        0x0        0x0        0x0       
Key 0x75 = 0x0        0x0        0x0        0x0        0x0        0x0        0x0        0x0        0x0       
Key 0x76 = 0x0        0x0        0x0        0x0        0x0        0x0        0x0        0x0        0x0       
Key 0x77 = 0x0        0x0        0x0        0x0        0x0        0x0        0x0        0x0        0x0       
Key 0x78 = 0x0        0x0        0x0        0x0        0x0        0x0        0x0        0x0        0x0       
Key 0x79 = 0x0        0x0        0x0        0x0        0x0        0x0        0x0        0x0        0x0       
Key 0x7a = 0x0        0x0        0x0        0x0        0x0        0x0        0x0        0x0        0x0       
Key 0x7b = 0x0        0x0        0x0        0x0        0x0        0x0        0x0        0x0        0x0       
Key 0x7c = 0x0        0x0        0x0        0x0        0x0        0x0        0x0        0x0        0x0       
Key 0x7d = 0x0        0x0        0x0        0x0        0x0        0x0        0x0        0x0        0x0       
Key 0x7e = 0x0        0x0        0x0        0x0        0x0        0x0        0x0        0x0        0x0       
Key 0x7f = 0x0        0x0        0x0        0x0        0x0        0x0        0x0        0x0        0x0       

# Dead keys:
# DeadKey <qualifiers> <rawkey> <second_key> = <result>
# qualifier is one of the qualifiers listed above (n, s, c, o, os)
# rawkey is the raw key code of the dead key
# second_key is the translated key code (unicode) of the key following the dead key
# result is the character to display when the key sequence is encountered
#
#       qual raw   second     = result

# ¨
DeadKey    o 0x31  0x61      = 0xc3a4    
DeadKey    o 0x31  0x65      = 0xc3ab    
DeadKey    o 0x31  0x69      = 0xc3af    
DeadKey    o 0x31  0x6f      = 0xc3b6    
DeadKey    o 0x31  0x75      = 0xc3bc    
DeadKey    o 0x31  0x79      = 0xc3bf    
DeadKey    o 0x31  0x41      = 0xc384    
DeadKey    o 0x31  0x45      = 0xc38b    
DeadKey    o 0x31  0x49      = 0xc38f    
DeadKey    o 0x31  0x4f      = 0xc396    
DeadKey    o 0x31  0x55      = 0xc39c    
DeadKey    o 0x31  0x59      = 0xc5b8    
DeadKey    o 0x31  0x0       = 0xc2a8    

# ´
DeadKey    n 0x1d  0x41      = 0xc381    
DeadKey    n 0x1d  0x43      = 0xc486    
DeadKey    n 0x1d  0x45      = 0xc389    
DeadKey    n 0x1d  0x49      = 0xc38d    
DeadKey    n 0x1d  0x4f      = 0xc393    
DeadKey    n 0x1d  0x55      = 0xc39a    
DeadKey    n 0x1d  0x59      = 0xc39d    
DeadKey    n 0x1d  0x61      = 0xc3a1    
DeadKey    n 0x1d  0x63      = 0xc487    
DeadKey    n 0x1d  0x65      = 0xc3a9    
DeadKey    n 0x1d  0x69      = 0xc3ad    
DeadKey    n 0x1d  0x6f      = 0xc3b3    
DeadKey    n 0x1d  0x75      = 0xc3ba    
DeadKey    n 0x1d  0x79      = 0xc3bd    
DeadKey    n 0x1d  0x4c      = 0xc4b9    
DeadKey    n 0x1d  0x6c      = 0xc4ba    
DeadKey    n 0x1d  0x4e      = 0xc583    
DeadKey    n 0x1d  0x6e      = 0xc584    
DeadKey    n 0x1d  0x52      = 0xc594    
DeadKey    n 0x1d  0x72      = 0xc595    
DeadKey    n 0x1d  0x53      = 0xc59a    
DeadKey    n 0x1d  0x73      = 0xc59b    
DeadKey    n 0x1d  0x5a      = 0xc5b9    
DeadKey    n 0x1d  0x7a      = 0xc5ba    
DeadKey    n 0x1d  0xc386    = 0xc7bc    
DeadKey    n 0x1d  0xc3a6    = 0xc7bd    
DeadKey    n 0x1d  0xc398    = 0xc7be    
DeadKey    n 0x1d  0xc3b8    = 0xc7bf    
DeadKey    n 0x1d  0x0       = 0xc2b4    

# `
DeadKey    s 0x1d  0x41      = 0xc380    
DeadKey    s 0x1d  0x45      = 0xc388    
DeadKey    s 0x1d  0x49      = 0xc38c    
DeadKey    s 0x1d  0x4f      = 0xc392    
DeadKey    s 0x1d  0x55      = 0xc399    
DeadKey    s 0x1d  0x61      = 0xc3a0    
DeadKey    s 0x1d  0x65      = 0xc3a8    
DeadKey    s 0x1d  0x69      = 0xc3ac    
DeadKey    s 0x1d  0x6f      = 0xc3b2    
DeadKey    s 0x1d  0x75      = 0xc3b9    
DeadKey    s 0x1d  0x0       = 0x60      

# ~
DeadKey    o 0x32  0x61      = 0xc3a3    
DeadKey    o 0x32  0x6f      = 0xc3b5    
DeadKey    o 0x32  0x6e      = 0xc3b1    
DeadKey    o 0x32  0x41      = 0xc383    
DeadKey    o 0x32  0x4f      = 0xc395    
DeadKey    o 0x32  0x4e      = 0xc391    
DeadKey    o 0x32  0x49      = 0xc4a8    
DeadKey    o 0x32  0x69      = 0xc4a9    
DeadKey    o 0x32  0x55      = 0xc5a8    
DeadKey    o 0x32  0x75      = 0xc5a9    
DeadKey    o 0x32  0x0       = 0x7e      

# ˆ
DeadKey    o 0x46  0x61      = 0xc3a2    
DeadKey    o 0x46  0x65      = 0xc3aa    
DeadKey    o 0x46  0x69      = 0xc3ae    
DeadKey    o 0x46  0x6f      = 0xc3b4    
DeadKey    o 0x46  0x75      = 0xc3bb    
DeadKey    o 0x46  0x41      = 0xc382    
DeadKey    o 0x46  0x45      = 0xc38a    
DeadKey    o 0x46  0x49      = 0xc38e    
DeadKey    o 0x46  0x4f      = 0xc394    
DeadKey    o 0x46  0x55      = 0xc39b    
DeadKey    o 0x46  0x43      = 0xc488    
DeadKey    o 0x46  0x63      = 0xc489    
DeadKey    o 0x46  0x47      = 0xc49c    
DeadKey    o 0x46  0x67      = 0xc49d    
DeadKey    o 0x46  0x48      = 0xc4a4    
DeadKey    o 0x46  0x68      = 0xc4a5    
DeadKey    o 0x46  0x4a      = 0xc4b4    
DeadKey    o 0x46  0x6a      = 0xc4b5    
DeadKey    o 0x46  0x53      = 0xc59c    
DeadKey    o 0x46  0x73      = 0xc59d    
DeadKey    o 0x46  0x57      = 0xc5b4    
DeadKey    o 0x46  0x77      = 0xc5b5    
DeadKey    o 0x46  0x59      = 0xc5b6    
DeadKey    o 0x46  0x79      = 0xc5b7    
DeadKey    o 0x46  0x0       = 0xcb86    

