##################################################
# Made by: Flemming "BurningShadow" H. Sørensen  #
# Date: 10/04 2005                               #
# Name: 16 FUTHORK Short Twig                    #
##################################################
# ---------------------------------------------- #
# |  |  |  |  |  |  |  |  |  |  |  |  |  |     | #
# |  |  |  |  |  |  |  |  |  |  |  |  |  |     | #
# ---------------------------------------------- #
# |   |  |  |  |ᛧ |ᚦ |  |  |  |  |  |  |  |    | #
# |   |  |  |  |ᚱ |ᛐ |  |ᚢ |ᛁ |ᚭ |  |  |  |    | #
# ------------------------------------------   | #
# |    |  |  |  |  |  |  |  |  |  |  |  |  |   | #
# |    |ᛆ |ᛌ |  |ᚠ |  |ᚽ |  |ᚴ |ᛚ |  |  |  |   | #
# ---------------------------------------------- #
# |   |  |  |  |  |  |  |  |  |  |  |  |       | #
# |   |  |  |  |  |  |ᛓ |ᚿ |ᛙ |  |  |  |       | #
# ---------------------------------------------- #
##################################################

Version    = 2

CapsLock   = 0x3b
ScrollLock = 0x0f
NumLock    = 0x22
LShift     = 0x4b
RShift     = 0x56
LCommand   = 0x5d
RCommand   = 0x67
LControl   = 0x5c
RControl   = 0x60
LOption    = 0x66
ROption    = 0x5f
Menu       = 0x68

#InitialLocks = CapsLock NumLock ScrollLock
InitialLocks =

# Qualifiers:
#   n = Normal
#   s = Shift
#   c = Control
#   C = Caps lock
#   o = Option
#
#   Key     n          s          c          o          os         C          Cs         Co        Cos

Key 0x00 = 0x0        0x0        0x0        0x0        0x0        0x0        0x0        0x0        0x0       
Key 0x01 = 0x1b       0x1b       0x1b       0x1b       0x1b       0x1b       0x1b       0x1b       0x1b      
Key 0x02 = 0x10       0x10       0x10       0x10       0x10       0x10       0x10       0x10       0x10      
Key 0x03 = 0x10       0x10       0x10       0x10       0x10       0x10       0x10       0x10       0x10      
Key 0x04 = 0x10       0x10       0x10       0x10       0x10       0x10       0x10       0x10       0x10      
Key 0x05 = 0x10       0x10       0x10       0x10       0x10       0x10       0x10       0x10       0x10      
Key 0x06 = 0x10       0x10       0x10       0x10       0x10       0x10       0x10       0x10       0x10      
Key 0x07 = 0x10       0x10       0x10       0x10       0x10       0x10       0x10       0x10       0x10      
Key 0x08 = 0x10       0x10       0x10       0x10       0x10       0x10       0x10       0x10       0x10      
Key 0x09 = 0x10       0x10       0x10       0x10       0x10       0x10       0x10       0x10       0x10      
Key 0x0a = 0x10       0x10       0x10       0x10       0x10       0x10       0x10       0x10       0x10      
Key 0x0b = 0x10       0x10       0x10       0x10       0x10       0x10       0x10       0x10       0x10      
Key 0x0c = 0x10       0x10       0x10       0x10       0x10       0x10       0x10       0x10       0x10      
Key 0x0d = 0x10       0x10       0x10       0x10       0x10       0x10       0x10       0x10       0x10      
Key 0x0e = 0x10       0x10       0x10       0x10       0x10       0x10       0x10       0x10       0x10      
Key 0x0f = 0x10       0x10       0x10       0x10       0x10       0x10       0x10       0x10       0x10      
Key 0x10 = 0x10       0x10       0x10       0x10       0x10       0x10       0x10       0x10       0x10      
Key 0x11 = 0x0        0x0        0x0        0x0        0x0        0x0        0x0        0x0        0x0       
Key 0x12 = 0x0        0x0        0x0        0x0        0x0        0x0        0x0        0x0        0x0       
Key 0x13 = 0x0        0x0        0x0        0x0        0x0        0x0        0x0        0x0        0x0       
Key 0x14 = 0x0        0x0        0x0        0x0        0x0        0x0        0x0        0x0        0x0       
Key 0x15 = 0x0        0x0        0x0        0x0        0x0        0x0        0x0        0x0        0x0       
Key 0x16 = 0x0        0x0        0x0        0x0        0x0        0x0        0x0        0x0        0x0       
Key 0x17 = 0x0        0x0        0x0        0x0        0x0        0x0        0x0        0x0        0x0       
Key 0x18 = 0x0        0x0        0x0        0x0        0x0        0x0        0x0        0x0        0x0       
Key 0x19 = 0x0        0x0        0x0        0x0        0x0        0x0        0x0        0x0        0x0       
Key 0x1a = 0x0        0x0        0x0        0x0        0x0        0x0        0x0        0x0        0x0       
Key 0x1b = 0x0        0x0        0x0        0x0        0x0        0x0        0x0        0x0        0x0       
Key 0x1c = 0x0        0x0        0x0        0x0        0x0        0x0        0x0        0x0        0x0       
Key 0x1d = 0x0        0x0        0x0        0x0        0x0        0x0        0x0        0x0        0x0       
Key 0x1e = 0x8        0x8        0x1f       0x8        0x8        0x8        0x8        0x8        0x8       
Key 0x1f = 0x5        0x5        0x5        0x5        0x5        0x5        0x5        0x5        0x5       
Key 0x20 = 0x1        0x1        0x1        0x1        0x1        0x1        0x1        0x1        0x1       
Key 0x21 = 0xb        0xb        0xb        0xb        0xb        0xb        0xb        0xb        0xb       
Key 0x22 = 0x0        0x0        0x0        0x0        0x0        0x0        0x0        0x0        0x0       
Key 0x23 = 0x0        0x0        0x0        0x0        0x0        0x0        0x0        0x0        0x0       
Key 0x24 = 0x0        0x0        0x0        0x0        0x0        0x0        0x0        0x0        0x0       
Key 0x25 = 0x0        0x0        0x0        0x0        0x0        0x0        0x0        0x0        0x0       
Key 0x26 = 0x9        0x9        0x9        0x9        0x9        0x9        0x9        0x9        0x9       
Key 0x27 = 0x0        0x0        0x11       0x0        0x0        0x0        0x0        0x0        0x0       
Key 0x28 = 0x0        0x0        0x17       0x0        0x0        0x0        0x0        0x0        0x0       
Key 0x29 = 0x0        0x0        0x5        0x0        0x0        0x0        0x0        0x0        0x0       
Key 0x2a = 0xe19ab1   0xe19ba7   0x12       0x0        0x0        0x0        0x0        0x0        0x0       
Key 0x2b = 0xe19b90   0xe19aa6   0x14       0x0        0x0        0x0        0x0        0x0        0x0       
Key 0x2c = 0x0        0x0        0x19       0x0        0x0        0x0        0x0        0x0        0x0       
Key 0x2d = 0xe19aa2   0x0        0x15       0x0        0x0        0x0        0x0        0x0        0x0       
Key 0x2e = 0xe19b81   0x0        0x9        0x0        0x0        0x0        0x0        0x0        0x0       
Key 0x2f = 0xe19aad   0x0        0xf        0x0        0x0        0x0        0x0        0x0        0x0       
Key 0x30 = 0x0        0x0        0x10       0x0        0x0        0x0        0x0        0x0        0x0       
Key 0x31 = 0x0        0x0        0x1d       0x0        0x0        0x0        0x0        0x0        0x0       
Key 0x32 = 0x0        0x0        0x1e       0x0        0x0        0x0        0x0        0x0        0x0       
Key 0x33 = 0x0        0x0        0x0        0x0        0x0        0x0        0x0        0x0        0x0       
Key 0x34 = 0x7f       0x7f       0x7f       0x7f       0x7f       0x7f       0x7f       0x7f       0x7f      
Key 0x35 = 0x4        0x4        0x4        0x4        0x4        0x4        0x4        0x4        0x4       
Key 0x36 = 0xc        0xc        0xc        0xc        0xc        0xc        0xc        0xc        0xc       
Key 0x37 = 0x1        0x0        0x1        0x1        0x0        0x0        0x1        0x1        0x0       
Key 0x38 = 0x1e       0x0        0x1e       0x1e       0x0        0x0        0x1e       0x1e       0x0       
Key 0x39 = 0xb        0x0        0xb        0xb        0x0        0x0        0xb        0xb        0x0       
Key 0x3a = 0x0        0x0        0x0        0x0        0x0        0x0        0x0        0x0        0x0       
Key 0x3b = 0x0        0x0        0x0        0x0        0x0        0x0        0x0        0x0        0x0       
Key 0x3c = 0xe19b86   0x0        0x1        0x0        0x0        0x0        0x0        0x0        0x0       
Key 0x3d = 0xe19b8c   0x0        0x13       0x0        0x0        0x0        0x0        0x0        0x0       
Key 0x3e = 0x0        0x0        0x4        0x0        0x0        0x0        0x0        0x0        0x0       
Key 0x3f = 0xe19aa0   0x0        0x6        0x0        0x0        0x0        0x0        0x0        0x0       
Key 0x40 = 0x0        0x0        0x7        0x0        0x0        0x0        0x0        0x0        0x0       
Key 0x41 = 0xe19abd   0x0        0x8        0x0        0x0        0x0        0x0        0x0        0x0       
Key 0x42 = 0x0        0x0        0xa        0x0        0x0        0x0        0x0        0x0        0x0       
Key 0x43 = 0xe19ab4   0x0        0xb        0x0        0x0        0x0        0x0        0x0        0x0       
Key 0x44 = 0xe19b9a   0x0        0xc        0x0        0x0        0x0        0x0        0x0        0x0       
Key 0x45 = 0x0        0x0        0x1c       0x0        0x0        0x0        0x0        0x0        0x0       
Key 0x46 = 0x0        0x0        0x1b       0x0        0x0        0x0        0x0        0x0        0x0       
Key 0x47 = 0xa        0xa        0xa        0xa        0xa        0xa        0xa        0xa        0xa       
Key 0x48 = 0x1c       0x0        0x1c       0x1c       0x0        0x0        0x1c       0x1c       0x0       
Key 0x49 = 0x0        0x0        0x0        0x0        0x0        0x0        0x0        0x0        0x0       
Key 0x4a = 0x1d       0x0        0x1d       0x1d       0x0        0x0        0x1d       0x1d       0x0       
Key 0x4b = 0x0        0x0        0x0        0x0        0x0        0x0        0x0        0x0        0x0       
Key 0x4c = 0x0        0x0        0x1a       0x0        0x0        0x0        0x0        0x0        0x0       
Key 0x4d = 0x0        0x0        0x18       0x0        0x0        0x0        0x0        0x0        0x0       
Key 0x4e = 0x0        0x0        0x3        0x0        0x0        0x0        0x0        0x0        0x0       
Key 0x4f = 0x0        0x0        0x16       0x0        0x0        0x0        0x0        0x0        0x0       
Key 0x50 = 0xe19b93   0x0        0x0        0x0        0x0        0x0        0x0        0x0        0x0       
Key 0x51 = 0xe19abf   0x0        0xe        0x0        0x0        0x0        0x0        0x0        0x0       
Key 0x52 = 0xe19b99   0x0        0xd        0x0        0x0        0x0        0x0        0x0        0x0       
Key 0x53 = 0x0        0x0        0x0        0x0        0x0        0x0        0x0        0x0        0x0       
Key 0x54 = 0x0        0x0        0x0        0x0        0x0        0x0        0x0        0x0        0x0       
Key 0x55 = 0x0        0x0        0x1f       0x0        0x0        0x0        0x0        0x0        0x0       
Key 0x56 = 0x0        0x0        0x0        0x0        0x0        0x0        0x0        0x0        0x0       
Key 0x57 = 0x1e       0x1e       0x1e       0x1e       0x1e       0x1e       0x1e       0x1e       0x1e      
Key 0x58 = 0x4        0x0        0x4        0x4        0x0        0x0        0x4        0x4        0x0       
Key 0x59 = 0x1f       0x0        0x1f       0x1f       0x0        0x0        0x1f       0x1f       0x0       
Key 0x5a = 0xc        0x0        0xc        0xc        0x0        0x0        0xc        0xc        0x0       
Key 0x5b = 0x0        0xa        0xa        0xa        0xa        0xa        0xa        0xa        0xa       
Key 0x5c = 0x0        0x0        0x0        0x0        0x0        0x0        0x0        0x0        0x0       
Key 0x5d = 0x0        0x0        0x0        0x0        0x0        0x0        0x0        0x0        0x0       
Key 0x5e = 0x20       0x20       0x0        0xc2a0     0xc2a0     0x20       0x20       0x20       0x20      
Key 0x5f = 0x0        0x0        0x0        0x0        0x0        0x0        0x0        0x0        0x0       
Key 0x60 = 0x0        0x0        0x0        0x0        0x0        0x0        0x0        0x0        0x0       
Key 0x61 = 0x1c       0x1c       0x1c       0x1c       0x1c       0x1c       0x1c       0x1c       0x1c      
Key 0x62 = 0x1f       0x1f       0x1f       0x1f       0x1f       0x1f       0x1f       0x1f       0x1f      
Key 0x63 = 0x1d       0x1d       0x1d       0x1d       0x1d       0x1d       0x1d       0x1d       0x1d      
Key 0x64 = 0x5        0x0        0x5        0x5        0x0        0x0        0x5        0x5        0x0       
Key 0x65 = 0x7f       0x0        0x7f       0x7f       0x0        0x0        0x7f       0x7f       0x0       
Key 0x66 = 0x0        0x0        0x0        0x0        0x0        0x0        0x0        0x0        0x0       
Key 0x67 = 0x0        0x0        0x0        0x0        0x0        0x0        0x0        0x0        0x0       
Key 0x68 = 0x0        0x0        0x0        0x0        0x0        0x0        0x0        0x0        0x0       
Key 0x69 = 0x0        0x0        0x0        0x0        0x0        0x0        0x0        0x0        0x0       
Key 0x6a = 0x0        0x0        0x0        0x0        0x0        0x0        0x0        0x0        0x0       
Key 0x6b = 0x0        0x0        0x0        0x0        0x0        0x0        0x0        0x0        0x0       
Key 0x6c = 0x0        0x0        0x0        0x0        0x0        0x0        0x0        0x0        0x0       
Key 0x6d = 0x0        0x0        0x0        0x0        0x0        0x0        0x0        0x0        0x0       
Key 0x6e = 0x0        0x0        0x0        0x0        0x0        0x0        0x0        0x0        0x0       
Key 0x6f = 0x0        0x0        0x0        0x0        0x0        0x0        0x0        0x0        0x0       
Key 0x70 = 0x0        0x0        0x0        0x0        0x0        0x0        0x0        0x0        0x0       
Key 0x71 = 0x0        0x0        0x0        0x0        0x0        0x0        0x0        0x0        0x0       
Key 0x72 = 0x0        0x0        0x0        0x0        0x0        0x0        0x0        0x0        0x0       
Key 0x73 = 0x0        0x0        0x0        0x0        0x0        0x0        0x0        0x0        0x0       
Key 0x74 = 0x0        0x0        0x0        0x0        0x0        0x0        0x0        0x0        0x0       
Key 0x75 = 0x0        0x0        0x0        0x0        0x0        0x0        0x0        0x0        0x0       
Key 0x76 = 0x0        0x0        0x0        0x0        0x0        0x0        0x0        0x0        0x0       
Key 0x77 = 0x0        0x0        0x0        0x0        0x0        0x0        0x0        0x0        0x0       
Key 0x78 = 0x0        0x0        0x0        0x0        0x0        0x0        0x0        0x0        0x0       
Key 0x79 = 0x0        0x0        0x0        0x0        0x0        0x0        0x0        0x0        0x0       
Key 0x7a = 0x0        0x0        0x0        0x0        0x0        0x0        0x0        0x0        0x0       
Key 0x7b = 0x0        0x0        0x0        0x0        0x0        0x0        0x0        0x0        0x0       
Key 0x7c = 0x0        0x0        0x0        0x0        0x0        0x0        0x0        0x0        0x0       
Key 0x7d = 0x0        0x0        0x0        0x0        0x0        0x0        0x0        0x0        0x0       
Key 0x7e = 0x0        0x0        0x0        0x0        0x0        0x0        0x0        0x0        0x0       
Key 0x7f = 0x0        0x0        0x0        0x0        0x0        0x0        0x0        0x0        0x0       

# Dead keys:
# DeadKey <qualifiers> <rawkey> <second_key> = <result>
# qualifier is one of the qualifiers listed above (n, s, c, o, os)
# rawkey is the raw key code of the dead key
# second_key is the translated key code (unicode) of the key following the dead key
# result is the character to display when the key sequence is encountered
#
#       qual raw   second     = result

