# Syllable operating system Greek (Greek script) keymap

Version    = 1


#InitialLocks = CapsLock NumLock ScrollLock
#InitialLocks = NumLock

# Qualifiers:
#   n = Normal
#   s = Shift
#   c = Control
#   C = Caps lock
#   o = Option
#
#   Key     n          s          c          o          os         C          Cs         Co        Cos

Key 0x00 = 0x0        0x0        0x0        0x0        0x0        0x0        0x0        0x0        0x0       
Key 0x01 = 0x1b       0x1b       0x1b       0x1b       0x1b       0x1b       0x1b       0x1b       0x1b      
Key 0x02 = 0x10       0x10       0x10       0x10       0x10       0x10       0x10       0x10       0x10      
Key 0x03 = 0x10       0x10       0x10       0x10       0x10       0x10       0x10       0x10       0x10      
Key 0x04 = 0x10       0x10       0x10       0x10       0x10       0x10       0x10       0x10       0x10      
Key 0x05 = 0x10       0x10       0x10       0x10       0x10       0x10       0x10       0x10       0x10      
Key 0x06 = 0x10       0x10       0x10       0x10       0x10       0x10       0x10       0x10       0x10      
Key 0x07 = 0x10       0x10       0x10       0x10       0x10       0x10       0x10       0x10       0x10      
Key 0x08 = 0x10       0x10       0x10       0x10       0x10       0x10       0x10       0x10       0x10      
Key 0x09 = 0x10       0x10       0x10       0x10       0x10       0x10       0x10       0x10       0x10      
Key 0x0a = 0x10       0x10       0x10       0x10       0x10       0x10       0x10       0x10       0x10      
Key 0x0b = 0x10       0x10       0x10       0x10       0x10       0x10       0x10       0x10       0x10      
Key 0x0c = 0x10       0x10       0x10       0x10       0x10       0x10       0x10       0x10       0x10      
Key 0x0d = 0x10       0x10       0x10       0x10       0x10       0x10       0x10       0x10       0x10      
Key 0x0e = 0x10       0x10       0x10       0x10       0x10       0x10       0x10       0x10       0x10      
Key 0x0f = 0x10       0x10       0x10       0x10       0x10       0x10       0x10       0x10       0x10      
Key 0x10 = 0x10       0x10       0x10       0x10       0x10       0x10       0x10       0x10       0x10      
#
Key 0x11 = '`'        '~'        0x0        0x0        0x0        '`'        '~'        0x0        0x0       
Key 0x12 = '1'        '!'        0x0        0xc2b9     0x0        '1'        '!'        0xc2b9     0x0       
Key 0x13 = '2'        '@'        0x0        0xc2b2     0x0        '2'        '@'        0xc2b2     0x0       
Key 0x14 = '3'        '#'        0x0        0xc2b3     0x0        '3'        '#'        0xc2b3     0x0       
Key 0x15 = '4'        '$'        0x0        0xc2a3     0x0        '4'        '$'        0xc2a3     0x0       
Key 0x16 = '5'        '%'        0x0        0xc2a7     0x0        '5'        '%'        0xc2a7     0x0       
Key 0x17 = '6'        '^'        0x1e       0xc2b6     0x0        '6'        '^'        0xc2b6     0x0       
Key 0x18 = '7'        '&'        0x0        0x0        0x0        '7'        '&'        0x0        0x0       
Key 0x19 = '8'        '*'        0x0        0xc2a4     0x0        '8'        '*'        0xc2a4     0x0       
Key 0x1a = '9'        '('        0x0        0xc2a6     0x0        '9'        '('        0xc2a6     0x0       
Key 0x1b = '0'        ')'        0x0        0xc2b0     0x0        '0'        ')'        0xc2b0     0x0       
Key 0x1c = '-'        '_'        0x1f       0xc2b1     0x0        '-'        '_'        0xc2b1     0x0       
Key 0x1d = '='        '+'        0x0        0xc2bd     0x0        '='        '+'        0xc2bd     0x0       
#
Key 0x1e = 0x8        0x8        0x7f       0x8        0x8        0x8        0x8        0x8        0x8       
Key 0x1f = 0x5        0x5        0x5        0x5        0x5        0x5        0x5        0x5        0x5       
Key 0x20 = 0x1        0x1        0x1        0x1        0x1        0x1        0x1        0x1        0x1       
Key 0x21 = 0xb        0xb        0xb        0xb        0xb        0xb        0xb        0xb        0xb       
Key 0x22 = 0x0        0x0        0x0        0x0        0x0        0x0        0x0        0x0        0x0       
Key 0x23 = '/'        '/'        '/'        '/'        '/'        '/'        '/'        '/'        '/'       
Key 0x24 = '*'        '*'        '*'        '*'        '*'        '*'        '*'        '*'        '*'       
Key 0x25 = '-'        '-'        '-'        '-'        '-'        '-'        '-'        '-'        '-'       
Key 0x26 = 0x9        0x9        0x9        0x9        0x9        0x9        0x9        0x9        0x9       
#
Key 0x27 = ';'        ':'        0x0        0x0        0x0        ';'        ':'        0x0        0x0       
Key 0x28 = 0xcf82     DEADKEY    0x17       0x0        0x0        0xcf82     DEADKEY    0x0        0x0       
Key 0x29 = 0xceb5     0xce95     0x5        0xe282ac   0xc2a2     0xce95     0xceb5     0xe282ac   0xc2a2    
Key 0x2a = 0xcf81     0xcea1     0x12       0xc2ae     0x0        0xcea1     0xcf81     0xc2ae     0x0       
Key 0x2b = 0xcf84     0xcea4     0x14       0x0        0x0        0xcea4     0xcf84     0x0        0x0       
Key 0x2c = 0xcf85     0xcea5     0x19       0xc2a5     0x0        0xcea5     0xcf85     0xc2a5     0x0       
Key 0x2d = 0xceb8     0xce98     0x15       0x0        0x0        0xce98     0xceb8     0x0        0x0       
#Key 0x2e = 0xc9a9     0xc696     0x9        0x0        0x0        0xc696     0xc9a9     0x0        0x0   
Key 0x2e = 0xceb9     0xce99     0x9        0x0        0x0        0xce99     0xceb9     0x0        0x0       
Key 0x2f = 0xcebf     0xce9f     0xf        0x0        0x0        0xce9f     0xcebf     0x0        0x0       
Key 0x30 = 0xcf80     0xcea0     0x10       0x0        0x0        0xcea0     0xcf80     0x0        0x0       
Key 0x31 = '['        '{'        0x1b       0xc2ab     0xe280b9   '['        '{'        0xc2ab     0xe280b9  
Key 0x32 = ']'        '}'        0x1d       0xc2bb     0xe280ba   ']'        '}'        0xc2bb     0xe280ba  
#
Key 0x33 = '\'        '|'        0x1c       0xc2ac     0x0        '\'        '|'        0xc2ac     0x0       
#
Key 0x34 = 0x7f       0x7f       0x7f       0x7f       0x7f       0x7f       0x7f       0x7f       0x7f      
Key 0x35 = 0x4        0x4        0x4        0x4        0x4        0x4        0x4        0x4        0x4       
Key 0x36 = 0xc        0xc        0xc        0xc        0xc        0xc        0xc        0xc        0xc       
Key 0x37 = 0x1        '7'        0x1        0x1        '7'        0x1        '7'        0x1        '7'       
Key 0x38 = 0x1e       '8'        0x1e       0x1e       '8'        0x1e       '8'        0x1e       '8'       
Key 0x39 = 0xb        '9'        0xb        0xb        '9'        0xb        '9'        0xb        '9'       
Key 0x3a = '+'        '+'        '+'        '+'        '+'        '+'        '+'        '+'        '+'       
Key 0x3b = 0x0        0x0        0x0        0x0        0x0        0x0        0x0        0x0        0x0       
#
Key 0x3c = 0xceb1     0xce91     0x1        0x0        0x0        0xce91     0xceb1     0x0        0x0       
Key 0x3d = 0xcf83     0xcea3     0x13       0x0        0x0        0xcea3     0xcf83     0x0        0x0       
Key 0x3e = 0xceb4     0xce94     0x4        0x0        0x0        0xce94     0xceb4     0x0        0x0       
Key 0x3f = 0xcf86     0xcea6     0x6        0x0        0x0        0xcea6     0xcf86     0x0        0x0       
Key 0x40 = 0xceb3     0xce93     0x7        0x0        0x0        0xce93     0xceb3     0x0        0x0       
Key 0x41 = 0xceb7     0xce97     0x8        0x0        0x0        0xce97     0xceb7     0x0        0x0       
Key 0x42 = 0xcebe     0xce9e     0xa        0x0        0x0        0xce9e     0xcebe     0x0        0x0       
Key 0x43 = 0xceba     0xce9a     0xb        0x0        0x0        0xce9a     0xceba     0x0        0x0       
Key 0x44 = 0xcebb     0xce9b     0xc        0x0        0x0        0xce9b     0xcebb     0x0        0x0       
Key 0x45 = DEADKEY    DEADKEY    0x0        DEADKEY    0x0        DEADKEY    DEADKEY    DEADKEY    0x0       
Key 0x46 = '''        '"'        0x0        0x0        0x0        '''        '"'        0x0        0x0       
#
Key 0x47 = 0xa        0xa        0xa        0xa        0xa        0xa        0xa        0xa        0xa       
Key 0x48 = 0x1c       '4'        0x1c       0x1c       '4'        0x1c       '4'        0x1c       '4'       
Key 0x49 = 0x0        '5'        0x0        0x0        '5'        0x0        '5'        0x0        '5'       
Key 0x4a = 0x1d       '6'        0x1d       0x1d       '6'        0x1d       '6'        0x1d       '6'       
Key 0x4b = 0x0        0x0        0x0        0x0        0x0        0x0        0x0        0x0        0x0       
#
Key 0x4c = 0xceb6     0xce96     0x1a       0x0        0x0        0xce96     0xceb6     0x0        0x0       
Key 0x4d = 0xcf87     0xcea7     0x18       0x0        0x0        0xcea7     0xcf87     0x0        0x0       
Key 0x4e = 0xcf88     0xcea8     0x3        0xc2a9     0x0        0xcea8     0xcf88     0xc2a9     0x0       
Key 0x4f = 0xcf89     0xcea9     0x16       0x0        0x0        0xcea9     0xcf89     0x0        0x0       
Key 0x50 = 0xceb2     0xce92     0x2        0x0        0x0        0xce92     0xceb2     0x0        0x0       
Key 0x51 = 0xcebd     0xce9d     0xe        0x0        0x0        0xce9d     0xcebd     0x0        0x0       
Key 0x52 = 0xcebc     0xce9c     0xd        0x0        0x0        0xce9c     0xcebc     0x0        0x0       
Key 0x53 = ','        '<'        0x0        0x0        0x0        ','        '<'        0x0        0x0       
Key 0x54 = '.'        '>'        0x0        0x0        0x0        '.'        '>'        0x0        0x0       
Key 0x55 = '/'        '?'        0x0        0x0        0x0        '/'        '?'        0x0        0x0       
#
Key 0x56 = 0x0        0x0        0x0        0x0        0x0        0x0        0x0        0x0        0x0       
Key 0x57 = 0x1e       0x1e       0x1e       0x1e       0x1e       0x1e       0x1e       0x1e       0x1e      
Key 0x58 = 0x4        '1'        0x4        0x4        '1'        0x4        '1'        0x4        '1'       
Key 0x59 = 0x1f       '2'        0x1f       0x1f       '2'        0x1f       '2'        0x1f       '2'       
Key 0x5a = 0xc        '3'        0xc        0xc        '3'        0xc        '3'        0xc        '3'       
Key 0x5b = 0xa        0xa        0xa        0xa        0xa        0xa        0xa        0xa        0xa       
Key 0x5c = 0x0        0x0        0x0        0x0        0x0        0x0        0x0        0x0        0x0       
Key 0x5d = 0x0        0x0        0x0        0x0        0x0        0x0        0x0        0x0        0x0       
#
Key 0x5e = 0x20       0x20       0x20       0xc2a0     0xc2a0     0x20       0x20       0xc2a0     0xc2a0    
#
Key 0x5f = 0x0        0x0        0x0        0x0        0x0        0x0        0x0        0x0        0x0       
Key 0x60 = 0x0        0x0        0x0        0x0        0x0        0x0        0x0        0x0        0x0       
Key 0x61 = 0x1c       0x1c       0x1c       0x1c       0x1c       0x1c       0x1c       0x1c       0x1c      
Key 0x62 = 0x1f       0x1f       0x1f       0x1f       0x1f       0x1f       0x1f       0x1f       0x1f      
Key 0x63 = 0x1d       0x1d       0x1d       0x1d       0x1d       0x1d       0x1d       0x1d       0x1d      
Key 0x64 = 0x5        '0'        0x5        0x5        '0'        0x5        '0'        0x5        '0'       
#
Key 0x65 = 0x7f       ','        0x7f       0x7f       ','        0x7f       ','        0x7f       ','       
#
Key 0x66 = 0x0        0x0        0x0        0x0        0x0        0x0        0x0        0x0        0x0       
Key 0x67 = 0x0        0x0        0x0        0x0        0x0        0x0        0x0        0x0        0x0       
Key 0x68 = 0x0        0x0        0x0        0x0        0x0        0x0        0x0        0x0        0x0       
#
Key 0x69 = '<'        '>'        0x0        0x0        0x0        '<'        '>'        0x0        0x0    
Key 0x6a = 0x0        0x0        0x0        0x0        0x0        0x0        0x0        0x0        0x0       
Key 0x6b = 0x0        0x0        0x0        0x0        0x0        0x0        0x0        0x0        0x0       
Key 0x6c = 0x0        0x0        0x0        0x0        0x0        0x0        0x0        0x0        0x0       
Key 0x6d = 0x0        0x0        0x0        0x0        0x0        0x0        0x0        0x0        0x0       
Key 0x6e = 0x0        0x0        0x0        0x0        0x0        0x0        0x0        0x0        0x0       
Key 0x6f = 0x0        0x0        0x0        0x0        0x0        0x0        0x0        0x0        0x0       
Key 0x70 = 0x0        0x0        0x0        0x0        0x0        0x0        0x0        0x0        0x0       
Key 0x71 = 0x0        0x0        0x0        0x0        0x0        0x0        0x0        0x0        0x0       
Key 0x72 = 0x0        0x0        0x0        0x0        0x0        0x0        0x0        0x0        0x0       
Key 0x73 = 0x0        0x0        0x0        0x0        0x0        0x0        0x0        0x0        0x0       
Key 0x74 = 0x0        0x0        0x0        0x0        0x0        0x0        0x0        0x0        0x0       
Key 0x75 = 0x0        0x0        0x0        0x0        0x0        0x0        0x0        0x0        0x0       
Key 0x76 = 0x0        0x0        0x0        0x0        0x0        0x0        0x0        0x0        0x0       
Key 0x77 = 0x0        0x0        0x0        0x0        0x0        0x0        0x0        0x0        0x0       
Key 0x78 = 0x0        0x0        0x0        0x0        0x0        0x0        0x0        0x0        0x0       
Key 0x79 = 0x0        0x0        0x0        0x0        0x0        0x0        0x0        0x0        0x0       
Key 0x7a = 0x0        0x0        0x0        0x0        0x0        0x0        0x0        0x0        0x0       
Key 0x7b = 0x0        0x0        0x0        0x0        0x0        0x0        0x0        0x0        0x0       
Key 0x7c = 0x0        0x0        0x0        0x0        0x0        0x0        0x0        0x0        0x0       
Key 0x7d = 0x0        0x0        0x0        0x0        0x0        0x0        0x0        0x0        0x0       
Key 0x7e = 0x0        0x0        0x0        0x0        0x0        0x0        0x0        0x0        0x0       
Key 0x7f = 0x0        0x0        0x0        0x0        0x0        0x0        0x0        0x0        0x0       

# Dead keys:
# DeadKey <qualifiers> <rawkey> <second_key> = <result>
# qualifier is one of the qualifiers listed above (n, s, c, o, os)
# rawkey is the raw key code of the dead key
# second_key is the translated key code (unicode) of the key following the dead key
# result is the character to display when the key sequence is encountered
#
#       qual raw   second     = result

#
# Greek Dialytika Tonos; like diaeresesis with acute between
DeadKey    s 0x28   0xc9a9    = 0xce90	#  GREEK SMALL LETTER IOTA WITH DIALYTIKA AND TONOS		# La
DeadKey    s 0x28   0xca8a    = 0xceb0	#  GREEK SMALL LETTER UPSILON WITH DIALYTIKA AND TONOS	# La
DeadKey    s 0x28   0xceb9    = 0xce90	#  GREEK SMALL LETTER IOTA WITH DIALYTIKA AND TONOS
DeadKey    s 0x28   0xcf85    = 0xceb0	#  GREEK SMALL LETTER UPSILON WITH DIALYTIKA AND TONOS
DeadKey    s 0x28   0x0       = 0xce85	#  GREEK DIALYTIKA TONOS
#
# Greek Tonos; like acute
DeadKey    n 0x45   0xce91    = 0xce86	#	GREEK CAPITAL LETTER ALPHA WITH TONOS
DeadKey    n 0x45   0xce95    = 0xce88	#	GREEK CAPITAL LETTER EPSILON WITH TONOS
DeadKey    n 0x45   0xce97    = 0xce89	#	GREEK CAPITAL LETTER ETA WITH TONOS
DeadKey    n 0x45   0xce99    = 0xce8a	#	GREEK CAPITAL LETTER IOTA WITH TONOS
DeadKey    n 0x45   0xce9f    = 0xce8c	#  	GREEK CAPITAL LETTER OMICRON WITH TONOS
DeadKey    n 0x45   0xcea5    = 0xce8e	#  	GREEK CAPITAL LETTER UPSILON WITH TONOS
DeadKey    n 0x45   0xcea9    = 0xce8f	#  	GREEK CAPITAL LETTER OMEGA WITH TONOS
DeadKey    n 0x45   0xceb1    = 0xceac	# 	GREEK SMALL LETTER ALPHA WITH TONOS
DeadKey    n 0x45   0xceb5    = 0xcead	# 	GREEK SMALL LETTER EPSILON WITH TONOS
DeadKey    n 0x45   0xceb7    = 0xceae	# 	GREEK SMALL LETTER ETA WITH TONOS
DeadKey    n 0x45   0xceb9    = 0xceaf	#  	GREEK SMALL LETTER IOTA WITH TONOS
DeadKey    n 0x45   0xcebf    = 0xcf8c	#  	GREEK SMALL LETTER OMICRON WITH TONOS
DeadKey    n 0x45   0xcf85    = 0xcf8d	# 	GREEK SMALL LETTER UPSILON WITH TONOS
DeadKey    n 0x45   0xcf89    = 0xcf8e	# 	GREEK SMALL LETTER OMEGA WITH TONOS
DeadKey    n 0x45   0x0       = 0xce84	#	GREEK TONOS
#
# Diaeresis (Dialytika)
DeadKey    s 0x45   0xceb9    = 0xcf8a	#	GREEK SMALL LETTER IOTA WITH DIALYTIKA
DeadKey    s 0x45   0xce99    = 0xceaa	#	GREEK CAPITAL LETTER IOTA WITH DIALYTIKA
DeadKey    s 0x45   0xcf85    = 0xcf8b	#	GREEK SMALL LETTER UPSILON WITH DIALYTIKA
DeadKey    s 0x45   0xcea5    = 0xceab	#	GREEK CAPITAL LETTER UPSILON WITH DIALYTIKA
DeadKey    s 0x45   0xcf92    = 0xcf94	#	GREEK UPSILON WITH DIAERESIS AND HOOK SYMBOL
DeadKey    s 0x45   0x0       = 0xc2a8	#	DIAERESIS
#
# Greek Dialytika Tonos; like diaeresesis with acute between
#DeadKey    o 0x45   0xc9a9    = 0xce90	#  GREEK SMALL LETTER IOTA WITH DIALYTIKA AND TONOS		# La
#DeadKey    o 0x45   0xca8a    = 0xceb0	#  GREEK SMALL LETTER UPSILON WITH DIALYTIKA AND TONOS	# La
DeadKey    o 0x45   0xceb9    = 0xce90	#  GREEK SMALL LETTER IOTA WITH DIALYTIKA AND TONOS
DeadKey    o 0x45   0xcf85    = 0xceb0	#  GREEK SMALL LETTER UPSILON WITH DIALYTIKA AND TONOS
DeadKey    o 0x45   0x0       = 0xce85	#  GREEK DIALYTIKA TONOS
