# Syllable operating system Inuktitut Syllabic keymap for Nunavut

# Based on | Inuktitut Keyboard Specification v. 1.0 January 14, 2002 | Legislative Assembly of Nunavut |

Version    = 1


#InitialLocks = CapsLock NumLock ScrollLock
#InitialLocks = NumLock
#InitialLocks = CapsLock

# Qualifiers:
#   n = Normal
#   s = Shift
#   c = Control
#   C = Caps lock
#   o = Option
#
#   Key     n          s          c          o          os         C          Cs         Co        Cos

Key 0x00 = 0x0        0x0        0x0        0x0        0x0        0x0        0x0        0x0        0x0       
Key 0x01 = 0x1b       0x1b       0x1b       0x1b       0x1b       0x1b       0x1b       0x1b       0x1b      
Key 0x02 = 0x10       0x10       0x10       0x10       0x10       0x10       0x10       0x10       0x10      
Key 0x03 = 0x10       0x10       0x10       0x10       0x10       0x10       0x10       0x10       0x10      
Key 0x04 = 0x10       0x10       0x10       0x10       0x10       0x10       0x10       0x10       0x10      
Key 0x05 = 0x10       0x10       0x10       0x10       0x10       0x10       0x10       0x10       0x10      
Key 0x06 = 0x10       0x10       0x10       0x10       0x10       0x10       0x10       0x10       0x10      
Key 0x07 = 0x10       0x10       0x10       0x10       0x10       0x10       0x10       0x10       0x10      
Key 0x08 = 0x10       0x10       0x10       0x10       0x10       0x10       0x10       0x10       0x10      
Key 0x09 = 0x10       0x10       0x10       0x10       0x10       0x10       0x10       0x10       0x10      
Key 0x0a = 0x10       0x10       0x10       0x10       0x10       0x10       0x10       0x10       0x10      
Key 0x0b = 0x10       0x10       0x10       0x10       0x10       0x10       0x10       0x10       0x10      
Key 0x0c = 0x10       0x10       0x10       0x10       0x10       0x10       0x10       0x10       0x10      
Key 0x0d = 0x10       0x10       0x10       0x10       0x10       0x10       0x10       0x10       0x10      
Key 0x0e = 0x10       0x10       0x10       0x10       0x10       0x10       0x10       0x10       0x10      
Key 0x0f = 0x10       0x10       0x10       0x10       0x10       0x10       0x10       0x10       0x10      
Key 0x10 = 0x10       0x10       0x10       0x10       0x10       0x10       0x10       0x10       0x10      
#
Key 0x11 = DEADKEY    DEADKEY    0x0        '~'        0x0        '`'        '~'        0x0        0x0       
Key 0x12 = 0xe19695   '1'        0x0        '!'        0x0        '1'        '!'        0x0        0x0       
Key 0x13 = 0xe19189   '2'        0x0        '@'        0x0        '2'        '@'        0x0        0x0       
Key 0x14 = 0xe19590   '3'        0x0        '#'        0x0        '3'        '#'        0x0        0x0       
Key 0x15 = 0xe19283   '4'        0x0        '$'        0x0        '4'        '$'        0x0        0x0       
Key 0x16 = 0xe191a6   '5'        0x0        '%'        0x0        '5'        '%'        0xe282ac   0xc2a2    
Key 0x17 = 0xe19685   '6'        0x1e       '^'        0x0        '6'        '^'        0x0        0x0       
Key 0x18 = 0xe192bb   '7'        0x0        '&'        0x0        '7'        '&'        0x0        0x0       
Key 0x19 = 0xe19390   '8'        0x0        '*'        0x0        '8'        '*'        0x0        0x0       
Key 0x1a = 0xe193aa   '9'        0x1b       '['        '{'        '9'        '('        0x0        0x0       
Key 0x1b = 0xe194be   '0'        0x1d       ']'        '}'        '0'        ')'        0x0        0x0       
Key 0x1c = '-'        '_'        0x1f       0xe28093   0x0        '-'        '_'        0x0        0x0       
Key 0x1d = 0xe1959d   '+'        0x0        '='        0x0        '='        '+'        0x0        0x0       
#
Key 0x1e = 0x8        0x8        0x7f       0x8        0x8        0x8        0x8        0x8        0x8       
Key 0x1f = 0x5        0x5        0x5        0x5        0x5        0x5        0x5        0x5        0x5       
Key 0x20 = 0x1        0x1        0x1        0x1        0x1        0x1        0x1        0x1        0x1       
Key 0x21 = 0xb        0xb        0xb        0xb        0xb        0xb        0xb        0xb        0xb       
Key 0x22 = 0x0        0x0        0x0        0x0        0x0        0x0        0x0        0x0        0x0       
Key 0x23 = '/'        '/'        '/'        '/'        '/'        '/'        '/'        '/'        '/'       
Key 0x24 = '*'        '*'        '*'        '*'        '*'        '*'        '*'        '*'        '*'       
Key 0x25 = '-'        '-'        '-'        '-'        '-'        '-'        '-'        '-'        '-'       
Key 0x26 = 0x9        0x9        0x9        0x9        0x9        0x9        0x9        0x9        0x9       
#
Key 0x27 = 0xe1968f   0xe1928b   0x11       0xe19690   0xe1928c   'q'        'Q'        0x0        0x0       
Key 0x28 = 0xe19083   0xe190b1   0x17       0xe19084   0xe190b2   'w'        'W'        0x0        0x0       
Key 0x29 = 0xe195bf   0xe19586   0x5        0xe19680   0xe19587   'e'        'E'        0x0        0x0       
Key 0x2a = 0xe191ad   0xe19695   0x12       0xe191ae   0x0        'r'        'R'        0x0        0x0       
Key 0x2b = 0xe1918e   0xe199b1   0x14       0xe1918f   0xe199b2   't'        'T'        0x0        0x0       
Key 0x2c = 0xe193af   0xe199b3   0x19       0xe193b0   0xe199b4   'y'        'Y'        0x0        0x0       
Key 0x2d = 0xe192a5   0xe199b5   0x15       0xe192a6   0xe199b6   'u'        'U'        0x0        0x0       
Key 0x2e = 0xe19382   0xe196a4   0x9        0xe19383   0xe196a5   'i'        'I'        0x0        0x0       
Key 0x2f = 0xe19395   0xe196a0   0xf        0xe19396   0xe196a1   'o'        'O'        0x0        0x0       
Key 0x30 = 0xe194a8   0xe196a6   0x10       0xe194a9   0x0        'p'        'P'        0x0        0x0       
Key 0x31 = 0xe192a1   0xe19485   0x1b       0x0        0xe19486   '['        '{'        0x0        0x0       
Key 0x32 = DEADKEY    DEADKEY    0x1d       0xe1909e   0x0        ']'        '}'        0x0        0x0       
#
Key 0x33 = '\'        '|'        0x1c       0x2f       0x0        '\'        '|'        0x0        0x0       
#
Key 0x34 = 0x7f       0x7f       0x7f       0x7f       0x7f       0x7f       0x7f       0x7f       0x7f      
Key 0x35 = 0x4        0x4        0x4        0x4        0x4        0x4        0x4        0x4        0x4       
Key 0x36 = 0xc        0xc        0xc        0xc        0xc        0xc        0xc        0xc        0xc       
Key 0x37 = 0x1        '7'        0x1        0x1        '7'        0x1        '7'        0x1        '7'       
Key 0x38 = 0x1e       '8'        0x1e       0x1e       '8'        0x1e       '8'        0x1e       '8'       
Key 0x39 = 0xb        '9'        0xb        0xb        '9'        0xb        '9'        0xb        '9'       
Key 0x3a = '+'        '+'        '+'        '+'        '+'        '+'        '+'        '+'        '+'       
Key 0x3b = 0x0        0x0        0x0        0x0        0x0        0x0        0x0        0x0        0x0       
#
Key 0x3c = 0xe19691   0xe1928d   0x1        0xe19692   0xe1928e   'a'        'A'        0x0        0x0       
Key 0x3d = 0xe19085   0xe190b3   0x13       0xe19086   0xe190b4   's'        'S'        0x0        0x0       #<- ?
Key 0x3e = 0xe19681   0xe19588   0x4        0xe19682   0xe19589   'd'        'D'        0x0        0x0       
Key 0x3f = 0xe191af   0xe19595   0x6        0xe191b0   0xe19596   'f'        'F'        0x0        0x0       
Key 0x40 = 0xe19190   '('        0x7        0xe19191   0xc2ab     'g'        'G'        0x0        0x0       
Key 0x41 = 0xe193b1   ')'        0x8        0xe193b2   0xc2bb     'h'        'H'        0x0        0x0       
Key 0x42 = 0xe192a7   0xe194aa   0xa        0xe192a8   0xe194ab   'j'        'J'        0x0        0x0       
Key 0x43 = 0xe19384   0xe19597   0xb        0xe19385   0xe19598   'k'        'K'        0x0        0x0       
Key 0x44 = 0xe19397   0xe196a2   0xc        0xe19398   0xe196a3   'l'        'L'        0x0        0x0       
Key 0x45 = ';'        ':'        0x0        0x0        0x0        ';'        ':'        0x0        0x0       
Key 0x46 = '''        '"'        0x0        0x0        0x0        '''        '"'        0x0        0x0       
#
Key 0x47 = 0xa        0xa        0xa        0xa        0xa        0xa        0xa        0xa        0xa       
Key 0x48 = 0x1c       '4'        0x1c       0x1c       '4'        0x1c       '4'        0x1c       '4'       
Key 0x49 = 0x0        '5'        0x0        0x0        '5'        0x0        '5'        0x0        '5'       
Key 0x4a = 0x1d       '6'        0x1d       0x1d       '6'        0x1d       '6'        0x1d       '6'       
Key 0x4b = 0x0        0x0        0x0        0x0        0x0        0x0        0x0        0x0        0x0       
#
Key 0x4c = 0xe19693   0xe19290   0x1a       0xe19694   0xe19291   'z'        'Z'        0x0        0x0       
Key 0x4d = 0xe1908a   0xe190b8   0x18       0xe1908b   0xe190b9   'x'        'X'        0x0        0x0       #<- ?
Key 0x4e = 0xe19683   0xe1958b   0x3        0xe19684   0xe1958c   'c'        'C'        0x0        0x0       
Key 0x4f = 0xe191b2   '?'        0x16       0xe191b3   0x0        'v'        'V'        0x0        0x0       
Key 0x50 = 0xe19195   0xe195bc   0x2        0xe19196   0x0        'b'        'B'        0x0        0x0       
Key 0x51 = 0xe193b4   0xe19387   0xe        0xe193b5   0xe19388   'n'        'N'        0x0        0x0       
Key 0x52 = 0xe192aa   0xe1939a   0xd        0xe192ab   0xe1939b   'm'        'M'        0x0        0x0       
Key 0x53 = ','        '<'        0x0        0xc397     0xc3b7     ','        '<'        0x0        0x0       
Key 0x54 = '.'        '>'        0x0        0xc582     0xc581     '.'        '>'        0x0        0x0       
Key 0x55 = 0xe194ad   0xe19599   0x0        0xe194ae   0xe1959a   '/'        '?'        0x0        0x0       
#
Key 0x56 = 0x0        0x0        0x0        0x0        0x0        0x0        0x0        0x0        0x0       
Key 0x57 = 0x1e       0x1e       0x1e       0x1e       0x1e       0x1e       0x1e       0x1e       0x1e      
Key 0x58 = 0x4        '1'        0x4        0x4        '1'        0x4        '1'        0x4        '1'       
Key 0x59 = 0x1f       '2'        0x1f       0x1f       '2'        0x1f       '2'        0x1f       '2'       
Key 0x5a = 0xc        '3'        0xc        0xc        '3'        0xc        '3'        0xc        '3'       
Key 0x5b = 0xa        0xa        0xa        0xa        0xa        0xa        0xa        0xa        0xa       
Key 0x5c = 0x0        0x0        0x0        0x0        0x0        0x0        0x0        0x0        0x0       
Key 0x5d = 0x0        0x0        0x0        0x0        0x0        0x0        0x0        0x0        0x0       
#
Key 0x5e = 0x20       0x20       0x20       0xc2a0     0xc2a0     0x20       0x20       0xc2a0     0xc2a0    
#
Key 0x5f = 0x0        0x0        0x0        0x0        0x0        0x0        0x0        0x0        0x0       
Key 0x60 = 0x0        0x0        0x0        0x0        0x0        0x0        0x0        0x0        0x0       
Key 0x61 = 0x1c       0x1c       0x1c       0x1c       0x1c       0x1c       0x1c       0x1c       0x1c      
Key 0x62 = 0x1f       0x1f       0x1f       0x1f       0x1f       0x1f       0x1f       0x1f       0x1f      
Key 0x63 = 0x1d       0x1d       0x1d       0x1d       0x1d       0x1d       0x1d       0x1d       0x1d      
Key 0x64 = 0x5        '0'        0x5        0x5        '0'        0x5        '0'        0x5        '0'       
#
Key 0x65 = 0x7f       '.'        0x7f       0x7f       '.'        0x7f       '.'        0x7f       '.'       
#
Key 0x66 = 0x0        0x0        0x0        0x0        0x0        0x0        0x0        0x0        0x0       
Key 0x67 = 0x0        0x0        0x0        0x0        0x0        0x0        0x0        0x0        0x0       
Key 0x68 = 0x0        0x0        0x0        0x0        0x0        0x0        0x0        0x0        0x0       
#
Key 0x69 = '\'        '|'        0x0        0xc2b0     0x0        '\'        '|'        0x0        0x0       
Key 0x6a = 0x0        0x0        0x0        0x0        0x0        0x0        0x0        0x0        0x0       
Key 0x6b = 0x0        0x0        0x0        0x0        0x0        0x0        0x0        0x0        0x0       
Key 0x6c = 0x0        0x0        0x0        0x0        0x0        0x0        0x0        0x0        0x0       
Key 0x6d = 0x0        0x0        0x0        0x0        0x0        0x0        0x0        0x0        0x0       
Key 0x6e = 0x0        0x0        0x0        0x0        0x0        0x0        0x0        0x0        0x0       
Key 0x6f = 0x0        0x0        0x0        0x0        0x0        0x0        0x0        0x0        0x0       
Key 0x70 = 0x0        0x0        0x0        0x0        0x0        0x0        0x0        0x0        0x0       
Key 0x71 = 0x0        0x0        0x0        0x0        0x0        0x0        0x0        0x0        0x0       
Key 0x72 = 0x0        0x0        0x0        0x0        0x0        0x0        0x0        0x0        0x0       
Key 0x73 = 0x0        0x0        0x0        0x0        0x0        0x0        0x0        0x0        0x0       
Key 0x74 = 0x0        0x0        0x0        0x0        0x0        0x0        0x0        0x0        0x0       
Key 0x75 = 0x0        0x0        0x0        0x0        0x0        0x0        0x0        0x0        0x0       
Key 0x76 = 0x0        0x0        0x0        0x0        0x0        0x0        0x0        0x0        0x0       
Key 0x77 = 0x0        0x0        0x0        0x0        0x0        0x0        0x0        0x0        0x0       
Key 0x78 = 0x0        0x0        0x0        0x0        0x0        0x0        0x0        0x0        0x0       
Key 0x79 = 0x0        0x0        0x0        0x0        0x0        0x0        0x0        0x0        0x0       
Key 0x7a = 0x0        0x0        0x0        0x0        0x0        0x0        0x0        0x0        0x0       
Key 0x7b = 0x0        0x0        0x0        0x0        0x0        0x0        0x0        0x0        0x0       
Key 0x7c = 0x0        0x0        0x0        0x0        0x0        0x0        0x0        0x0        0x0       
Key 0x7d = 0x0        0x0        0x0        0x0        0x0        0x0        0x0        0x0        0x0       
Key 0x7e = 0x0        0x0        0x0        0x0        0x0        0x0        0x0        0x0        0x0       
Key 0x7f = 0x0        0x0        0x0        0x0        0x0        0x0        0x0        0x0        0x0       

# Dead keys:
# DeadKey <qualifiers> <rawkey> <second_key> = <result>
# qualifier is one of the qualifiers listed above (n, s, c, o, os)
# rawkey is the raw key code of the dead key
# second_key is the translated key code (unicode) of the key following the dead key
# result is the character to display when the key sequence is encountered
#
#       qual raw   second     = result

#          Dot above deadkeys
# AltGr keys:
DeadKey    n 0x11  0xe1968f  = 0xe19690
DeadKey    n 0x11  0xe19083  = 0xe19084
DeadKey    n 0x11  0xe195bf  = 0xe19680
DeadKey    n 0x11  0xe191ad  = 0xe191ae
DeadKey    n 0x11  0xe1918e  = 0xe1918f
DeadKey    n 0x11  0xe193af  = 0xe193b0
DeadKey    n 0x11  0xe192a5  = 0xe192a6
DeadKey    n 0x11  0xe19382  = 0xe19383
DeadKey    n 0x11  0xe19395  = 0xe19396
DeadKey    n 0x11  0xe194a8  = 0xe194a9
#
DeadKey    n 0x11  0xe19691  = 0xe19692
DeadKey    n 0x11  0xe19085  = 0xe19086
DeadKey    n 0x11  0xe19681  = 0xe19682
DeadKey    n 0x11  0xe191af  = 0xe191b0
DeadKey    n 0x11  0xe19190  = 0xe19191
DeadKey    n 0x11  0xe193b1  = 0xe193b2
DeadKey    n 0x11  0xe192a7  = 0xe192a8
DeadKey    n 0x11  0xe19384  = 0xe19385
DeadKey    n 0x11  0xe19397  = 0xe19398
#
DeadKey    n 0x11  0xe19693  = 0xe19694
DeadKey    n 0x11  0xe1908a  = 0xe1908b
DeadKey    n 0x11  0xe19683  = 0xe19684
DeadKey    n 0x11  0xe191b2  = 0xe191b3
DeadKey    n 0x11  0xe19195  = 0xe19196
DeadKey    n 0x11  0xe193b4  = 0xe193b5
DeadKey    n 0x11  0xe192aa  = 0xe192ab
DeadKey    n 0x11  0xe194ad  = 0xe194ae
# AltGr + Shift keys:
DeadKey    n 0x11  0xe1928b  = 0xe1928c
DeadKey    n 0x11  0xe190b1  = 0xe190b2
DeadKey    n 0x11  0xe19586  = 0xe19587
DeadKey    n 0x11  0xe199b1  = 0xe199b2
DeadKey    n 0x11  0xe199b3  = 0xe199b4
DeadKey    n 0x11  0xe199b5  = 0xe199b6
DeadKey    n 0x11  0xe196a4  = 0xe196a5
DeadKey    n 0x11  0xe196a0  = 0xe196a1
DeadKey    n 0x11  0xe19485  = 0xe19486
#
DeadKey    n 0x11  0xe1928d  = 0xe1928e
DeadKey    n 0x11  0xe190b3  = 0xe190b4
DeadKey    n 0x11  0xe19588  = 0xe19589
DeadKey    n 0x11  0xe19595  = 0xe19596
DeadKey    n 0x11  0xe194aa  = 0xe194ab
DeadKey    n 0x11  0xe19597  = 0xe19598
DeadKey    n 0x11  0xe196a2  = 0xe196a3
#
DeadKey    n 0x11  0xe19290  = 0xe19291
DeadKey    n 0x11  0xe190b8  = 0xe190b9
DeadKey    n 0x11  0xe1958b  = 0xe1958c
DeadKey    n 0x11  0xe19387  = 0xe19388
DeadKey    n 0x11  0xe1939a  = 0xe1939b
DeadKey    n 0x11  0xe19599  = 0xe1959a
#
DeadKey    n 0x11  0x0       = 0xc2b7 
#
#          Dot above deadkeys
# AltGr:
DeadKey    s 0x11  0xe1968f  = 0xe19690
DeadKey    s 0x11  0xe19083  = 0xe19084
DeadKey    s 0x11  0xe195bf  = 0xe19680
DeadKey    s 0x11  0xe191ad  = 0xe191ae
DeadKey    s 0x11  0xe1918e  = 0xe1918f
DeadKey    s 0x11  0xe193af  = 0xe193b0
DeadKey    s 0x11  0xe192a5  = 0xe192a6
DeadKey    s 0x11  0xe19382  = 0xe19383
DeadKey    s 0x11  0xe19395  = 0xe19396
DeadKey    s 0x11  0xe194a8  = 0xe194a9
#
DeadKey    s 0x11  0xe19691  = 0xe19692
DeadKey    s 0x11  0xe19085  = 0xe19086
DeadKey    s 0x11  0xe19681  = 0xe19682
DeadKey    s 0x11  0xe191af  = 0xe191b0
DeadKey    s 0x11  0xe19190  = 0xe19191
DeadKey    s 0x11  0xe193b1  = 0xe193b2
DeadKey    s 0x11  0xe192a7  = 0xe192a8
DeadKey    s 0x11  0xe19384  = 0xe19385
DeadKey    s 0x11  0xe19397  = 0xe19398
#
DeadKey    s 0x11  0xe19693  = 0xe19694
DeadKey    s 0x11  0xe1908a  = 0xe1908b
DeadKey    s 0x11  0xe19683  = 0xe19684
DeadKey    s 0x11  0xe191b2  = 0xe191b3
DeadKey    s 0x11  0xe19195  = 0xe19196
DeadKey    s 0x11  0xe193b4  = 0xe193b5
DeadKey    s 0x11  0xe192aa  = 0xe192ab
DeadKey    s 0x11  0xe194ad  = 0xe194ae
# AltGr + Shift:
DeadKey    s 0x11  0xe1928b  = 0xe1928c
DeadKey    s 0x11  0xe190b1  = 0xe190b2
DeadKey    s 0x11  0xe19586  = 0xe19587
DeadKey    s 0x11  0xe199b1  = 0xe199b2
DeadKey    s 0x11  0xe199b3  = 0xe199b4
DeadKey    s 0x11  0xe199b5  = 0xe199b6
DeadKey    s 0x11  0xe196a4  = 0xe196a5
DeadKey    s 0x11  0xe196a0  = 0xe196a1
DeadKey    s 0x11  0xe19485  = 0xe19486
#
DeadKey    s 0x11  0xe1928d  = 0xe1928e
DeadKey    s 0x11  0xe190b3  = 0xe190b4
DeadKey    s 0x11  0xe19588  = 0xe19589
DeadKey    s 0x11  0xe19595  = 0xe19596
DeadKey    s 0x11  0xe194aa  = 0xe194ab
DeadKey    s 0x11  0xe19597  = 0xe19598
DeadKey    s 0x11  0xe196a2  = 0xe196a3
#
DeadKey    s 0x11  0xe19290  = 0xe19291
DeadKey    s 0x11  0xe190b8  = 0xe190b9
DeadKey    s 0x11  0xe1958b  = 0xe1958c
DeadKey    s 0x11  0xe19387  = 0xe19388
DeadKey    s 0x11  0xe1939a  = 0xe1939b
DeadKey    s 0x11  0xe19599  = 0xe1959a
#
DeadKey    s 0x11  0x0       = 0xc2b7
#
#
#          Dot above deadkeys
# AltGr:
DeadKey    n 0x32  0xe1968f  = 0xe19690
DeadKey    n 0x32  0xe19083  = 0xe19084
DeadKey    n 0x32  0xe195bf  = 0xe19680
DeadKey    n 0x32  0xe191ad  = 0xe191ae
DeadKey    n 0x32  0xe1918e  = 0xe1918f
DeadKey    n 0x32  0xe193af  = 0xe193b0
DeadKey    n 0x32  0xe192a5  = 0xe192a6
DeadKey    n 0x32  0xe19382  = 0xe19383
DeadKey    n 0x32  0xe19395  = 0xe19396
DeadKey    n 0x32  0xe194a8  = 0xe194a9
#
DeadKey    n 0x32  0xe19691  = 0xe19692
DeadKey    n 0x32  0xe19085  = 0xe19086
DeadKey    n 0x32  0xe19681  = 0xe19682
DeadKey    n 0x32  0xe191af  = 0xe191b0
DeadKey    n 0x32  0xe19190  = 0xe19191
DeadKey    n 0x32  0xe193b1  = 0xe193b2
DeadKey    n 0x32  0xe192a7  = 0xe192a8
DeadKey    n 0x32  0xe19384  = 0xe19385
DeadKey    n 0x32  0xe19397  = 0xe19398
#
DeadKey    n 0x32  0xe19693  = 0xe19694
DeadKey    n 0x32  0xe1908a  = 0xe1908b
DeadKey    n 0x32  0xe19683  = 0xe19684
DeadKey    n 0x32  0xe191b2  = 0xe191b3
DeadKey    n 0x32  0xe19195  = 0xe19196
DeadKey    n 0x32  0xe193b4  = 0xe193b5
DeadKey    n 0x32  0xe192aa  = 0xe192ab
DeadKey    n 0x32  0xe194ad  = 0xe194ae
# AltGr + Shift:
DeadKey    n 0x32  0xe1928b  = 0xe1928c
DeadKey    n 0x32  0xe190b1  = 0xe190b2
DeadKey    n 0x32  0xe19586  = 0xe19587
DeadKey    n 0x32  0xe199b1  = 0xe199b2
DeadKey    n 0x32  0xe199b3  = 0xe199b4
DeadKey    n 0x32  0xe199b5  = 0xe199b6
DeadKey    n 0x32  0xe196a4  = 0xe196a5
DeadKey    n 0x32  0xe196a0  = 0xe196a1
DeadKey    n 0x32  0xe19485  = 0xe19486
#
DeadKey    n 0x32  0xe1928d  = 0xe1928e
DeadKey    n 0x32  0xe190b3  = 0xe190b4
DeadKey    n 0x32  0xe19588  = 0xe19589
DeadKey    n 0x32  0xe19595  = 0xe19596
DeadKey    n 0x32  0xe194aa  = 0xe194ab
DeadKey    n 0x32  0xe19597  = 0xe19598
DeadKey    n 0x32  0xe196a2  = 0xe196a3
#
DeadKey    n 0x32  0xe19290  = 0xe19291
DeadKey    n 0x32  0xe190b8  = 0xe190b9
DeadKey    n 0x32  0xe1958b  = 0xe1958c
DeadKey    n 0x32  0xe19387  = 0xe19388
DeadKey    n 0x32  0xe1939a  = 0xe1939b
DeadKey    n 0x32  0xe19599  = 0xe1959a
#
DeadKey    n 0x32  0x0       = 0xc2b7
#
#          Dot above deadkeys
# AltGr:
DeadKey    s 0x32  0xe1968f  = 0xe19690
DeadKey    s 0x32  0xe19083  = 0xe19084
DeadKey    s 0x32  0xe195bf  = 0xe19680
DeadKey    s 0x32  0xe191ad  = 0xe191ae
DeadKey    s 0x32  0xe1918e  = 0xe1918f
DeadKey    s 0x32  0xe193af  = 0xe193b0
DeadKey    s 0x32  0xe192a5  = 0xe192a6
DeadKey    s 0x32  0xe19382  = 0xe19383
DeadKey    s 0x32  0xe19395  = 0xe19396
DeadKey    s 0x32  0xe194a8  = 0xe194a9
#
DeadKey    s 0x32  0xe19691  = 0xe19692
DeadKey    s 0x32  0xe19085  = 0xe19086
DeadKey    s 0x32  0xe19681  = 0xe19682
DeadKey    s 0x32  0xe191af  = 0xe191b0
DeadKey    s 0x32  0xe19190  = 0xe19191
DeadKey    s 0x32  0xe193b1  = 0xe193b2
DeadKey    s 0x32  0xe192a7  = 0xe192a8
DeadKey    s 0x32  0xe19384  = 0xe19385
DeadKey    s 0x32  0xe19397  = 0xe19398
#
DeadKey    s 0x32  0xe19693  = 0xe19694
DeadKey    s 0x32  0xe1908a  = 0xe1908b
DeadKey    s 0x32  0xe19683  = 0xe19684
DeadKey    s 0x32  0xe191b2  = 0xe191b3
DeadKey    s 0x32  0xe19195  = 0xe19196
DeadKey    s 0x32  0xe193b4  = 0xe193b5
DeadKey    s 0x32  0xe192aa  = 0xe192ab
DeadKey    s 0x32  0xe194ad  = 0xe194ae
# AltGr + Shift:
DeadKey    s 0x32  0xe1928b  = 0xe1928c
DeadKey    s 0x32  0xe190b1  = 0xe190b2
DeadKey    s 0x32  0xe19586  = 0xe19587
DeadKey    s 0x32  0xe199b1  = 0xe199b2
DeadKey    s 0x32  0xe199b3  = 0xe199b4
DeadKey    s 0x32  0xe199b5  = 0xe199b6
DeadKey    s 0x32  0xe196a4  = 0xe196a5
DeadKey    s 0x32  0xe196a0  = 0xe196a1
DeadKey    s 0x32  0xe19485  = 0xe19486
#
DeadKey    s 0x32  0xe1928d  = 0xe1928e
DeadKey    s 0x32  0xe190b3  = 0xe190b4
DeadKey    s 0x32  0xe19588  = 0xe19589
DeadKey    s 0x32  0xe19595  = 0xe19596
DeadKey    s 0x32  0xe194aa  = 0xe194ab
DeadKey    s 0x32  0xe19597  = 0xe19598
DeadKey    s 0x32  0xe196a2  = 0xe196a3
#
DeadKey    s 0x32  0xe19290  = 0xe19291
DeadKey    s 0x32  0xe190b8  = 0xe190b9
DeadKey    s 0x32  0xe1958b  = 0xe1958c
DeadKey    s 0x32  0xe19387  = 0xe19388
DeadKey    s 0x32  0xe1939a  = 0xe1939b
DeadKey    s 0x32  0xe19599  = 0xe1959a
#
DeadKey    s 0x32  0x0       = 0xc2b7

# 
