# Syllable operating system ISO/IEC 9995-3 Latin Unified keymap

# Common Secondary Group (Group 2) on AltGr.

# Duplicate deadkeys on AltGr as combining characters.

Version    = 3

#InitialLocks = CapsLock NumLock ScrollLock
#InitialLocks = NumLock

# Qualifiers:
#   n = Normal
#   s = Shift
#   c = Control
#   C = Caps lock
#   o = Option
#
#   Key     n          s          c          o          os         C          Cs         Co        Cos

Key 0x00 = 0x0        0x0        0x0        0x0        0x0        0x0        0x0        0x0        0x0       
Key 0x01 = 0x1b       0x1b       0x1b       0x1b       0x1b       0x1b       0x1b       0x1b       0x1b      
Key 0x02 = 0x10       0x10       0x10       0x10       0x10       0x10       0x10       0x10       0x10      
Key 0x03 = 0x10       0x10       0x10       0x10       0x10       0x10       0x10       0x10       0x10      
Key 0x04 = 0x10       0x10       0x10       0x10       0x10       0x10       0x10       0x10       0x10      
Key 0x05 = 0x10       0x10       0x10       0x10       0x10       0x10       0x10       0x10       0x10      
Key 0x06 = 0x10       0x10       0x10       0x10       0x10       0x10       0x10       0x10       0x10      
Key 0x07 = 0x10       0x10       0x10       0x10       0x10       0x10       0x10       0x10       0x10      
Key 0x08 = 0x10       0x10       0x10       0x10       0x10       0x10       0x10       0x10       0x10      
Key 0x09 = 0x10       0x10       0x10       0x10       0x10       0x10       0x10       0x10       0x10      
Key 0x0a = 0x10       0x10       0x10       0x10       0x10       0x10       0x10       0x10       0x10      
Key 0x0b = 0x10       0x10       0x10       0x10       0x10       0x10       0x10       0x10       0x10      
Key 0x0c = 0x10       0x10       0x10       0x10       0x10       0x10       0x10       0x10       0x10      
Key 0x0d = 0x10       0x10       0x10       0x10       0x10       0x10       0x10       0x10       0x10      
Key 0x0e = 0x10       0x10       0x10       0x10       0x10       0x10       0x10       0x10       0x10      
Key 0x0f = 0x10       0x10       0x10       0x10       0x10       0x10       0x10       0x10       0x10      
Key 0x10 = 0x10       0x10       0x10       0x10       0x10       0x10       0x10       0x10       0x10      
#
Key 0x11 = '*'        '+'        0x0        0xc2ac     0xc2ad     '*'        '+'        0xc2ac     0xc2ad   
Key 0x12 = '1'        '!'        0x0        0xc2b9     0xc2a1     '1'        '!'        0xc2b9     0xc2a1    
Key 0x13 = '2'        '"'        0x0        0xc2b2     0xe2859b   '2'        '"'        0xc2b2     0xe2859b  
Key 0x14 = '3'        0xc2a3     0x0        0xc2b3     0x23       '3'        0xc2a3     0xc2b3     0x23      
Key 0x15 = '4'        '$'        0x0        0xc2bc     0xe282ac   '4'        '$'        0xc2bc     0xe282ac  
Key 0x16 = '5'        '%'        0x0        0xc2bd     0xe2859c   '5'        '%'        0xc2bd     0xe2859c  
Key 0x17 = '6'        '&'        0x0        0xc2be     0xe2859d   '6'        '&'        0xc2be     0xe2859d  
Key 0x18 = '7'        '''        0x0        '{'        0xe2859e   '7'        '''        '{'        0xe2859e  
Key 0x19 = '8'        '('        0x1b       '['        0xe284a2   '8'        '('        '['        0xe284a2  
Key 0x1a = '9'        ')'        0x1d       ']'        0xc2b1     '9'        ')'        ']'        0xc2b1    
Key 0x1b = '0'        '='        0x0        '}'        0xc2b0     '0'        '='        '}'        0xc2b0    
Key 0x1c = '/'        '?'        0x1c       '\'        0xc2bf     '/'        '?'        '\'        0xc2bf    
Key 0x1d = DEADKEY    DEADKEY    0x0        0xcca7     0xcca8     DEADKEY    DEADKEY    0xcca7     0xcca8    
#
Key 0x1e = 0x8        0x8        0x7f       0x8        0x8        0x8        0x8        0x8        0x8       
Key 0x1f = 0x5        0x5        0x5        0x5        0x5        0x5        0x5        0x5        0x5       
Key 0x20 = 0x1        0x1        0x1        0x1        0x1        0x1        0x1        0x1        0x1       
Key 0x21 = 0xb        0xb        0xb        0xb        0xb        0xb        0xb        0xb        0xb       
Key 0x22 = 0x0        0x0        0x0        0x0        0x0        0x0        0x0        0x0        0x0       
Key 0x23 = '/'        '/'        '/'        '/'        '/'        '/'        '/'        '/'        '/'       
Key 0x24 = '*'        '*'        '*'        '*'        '*'        '*'        '*'        '*'        '*'       
Key 0x25 = '-'        '-'        '-'        '-'        '-'        '-'        '-'        '-'        '-'       
Key 0x26 = 0x9        0x9        0x9        0x9        0x9        0x9        0x9        0x9        0x9       
#
Key 0x27 = 'q'        'Q'        0x11       '@'        0xe284a6   'Q'        'q'        '@'        0xe284a6  
Key 0x28 = 'w'        'W'        0x17       0xc582     0xc581     'W'        'w'        0xc581     0xc582    
Key 0x29 = 'e'        'E'        0x5        0xc593     0xc592     'E'        'e'        0xc592     0xc593    
Key 0x2a = 'r'        'R'        0x12       0xc2b6     0xc2ae     'R'        'r'        0xc2b6     0xc2ae    
Key 0x2b = 't'        'T'        0x14       0xc5a7     0xc5a6     'T'        't'        0xc5a6     0xc5a7    
Key 0x2c = 'y'        'Y'        0x19       0xe28690   0xc2a5     'Y'        'y'        0xe28690   0xc2a5    
#Key 0x2c = 'z'        'Z'        0x1a       0xc2ab     0x3c       'Z'        'z'        0xc2ab     0x3c     
Key 0x2d = 'u'        'U'        0x15       0xe28693   0xe28691   'U'        'u'        0xe28693   0xe28691  
Key 0x2e = 'i'        'I'        0x9        0xe28692   0xc4b1     'I'        'i'        0xe28692   0xc4b1    
Key 0x2f = 'o'        'O'        0xf        0xc3b8     0xc398     'O'        'o'        0xc398     0xc3b8    
Key 0x30 = 'p'        'P'        0x10       0xc3be     0xc39e     'P'        'p'        0xc39e     0xc3be    
Key 0x31 = DEADKEY    DEADKEY    0x0        0xcc88     0xcc8a     DEADKEY    DEADKEY    0xcc88     0xcc8a    
Key 0x32 = DEADKEY    DEADKEY    0x0        0xcc83     0xcc84     DEADKEY    DEADKEY    0xcc83     0xcc84    
#
Key 0x33 = DEADKEY    DEADKEY    0x0        0xcc80     0xcc86     DEADKEY    DEADKEY    0xcc80     0xcc86    
#
Key 0x34 = 0x7f       0x7f       0x7f       0x7f       0x7f       0x7f       0x7f       0x7f       0x7f      
Key 0x35 = 0x4        0x4        0x4        0x4        0x4        0x4        0x4        0x4        0x4       
Key 0x36 = 0xc        0xc        0xc        0xc        0xc        0xc        0xc        0xc        0xc       
Key 0x37 = 0x1        '7'        0x1        0x1        '7'        0x1        '7'        0x1        '7'       
Key 0x38 = 0x1e       '8'        0x1e       0x1e       '8'        0x1e       '8'        0x1e       '8'       
Key 0x39 = 0xb        '9'        0xb        0xb        '9'        0xb        '9'        0xb        '9'       
Key 0x3a = '+'        '+'        '+'        '+'        '+'        '+'        '+'        '+'        '+'       
Key 0x3b = 0x0        0x0        0x0        0x0        0x0        0x0        0x0        0x0        0x0       
#
Key 0x3c = 'a'        'A'        0x1        0xc3a6     0xc386     'A'        'a'        0xc386     0xc3a6    
Key 0x3d = 's'        'S'        0x13       0xc39f     0xc2a7     'S'        's'        0xc39f     0xc2a7    
#Key 0x3e = 'd'        'D'        0x4        0xc3b0     0xc390     'D'        'd'        0xc390     0xc3b0    # os Eth
Key 0x3e = 'd'        'D'        0x4        0xc3b0     0xc490     'D'        'd'        0xc490     0xc3b0    # os D with stroke (standard)
Key 0x3f = 'f'        'F'        0x6        0xc491     0xc2aa     'F'        'f'        0xc491     0xc2aa    
Key 0x40 = 'g'        'G'        0x7        0xc58b     0xc58a     'G'        'g'        0xc58a     0xc58b    
Key 0x41 = 'h'        'H'        0x8        0xc4a7     0xc4a6     'H'        'h'        0xc4a6     0xc4a7    
Key 0x42 = 'j'        'J'        0xa        0xc4b3     0xc4b2     'J'        'j'        0xc4b2     0xc4b3    
Key 0x43 = 'k'        'K'        0xb        0xc4b8     0x26       'K'        'k'        0xc4b8     0x26      
Key 0x44 = 'l'        'L'        0xc        0xc580     0xc4bf     'L'        'l'        0xc4bf     0xc580    
Key 0x45 = DEADKEY    DEADKEY    0x0        0xcc81     0xcc8b     DEADKEY    DEADKEY    0xcc81     0xcc8b    
Key 0x46 = DEADKEY    DEADKEY    0x1e       0xcc82     0xcc8c     DEADKEY    DEADKEY    0xcc82     0xcc8c    
#
Key 0x47 = 0xa        0xa        0xa        0xa        0xa        0xa        0xa        0xa        0xa       
Key 0x48 = 0x1c       '4'        0x1c       0x1c       '4'        0x1c       '4'        0x1c       '4'       
Key 0x49 = 0x0        '5'        0x0        0x0        '5'        0x0        '5'        0x0        '5'       
Key 0x4a = 0x1d       '6'        0x1d       0x1d       '6'        0x1d       '6'        0x1d       '6'       
Key 0x4b = 0x0        0x0        0x0        0x0        0x0        0x0        0x0        0x0        0x0       
#
Key 0x4c = 'z'        'Z'        0x1a       0xc2ab     0x3c       'Z'        'z'        0xc2ab     0x3c    
#Key 0x4c = 'y'        'Y'        0x19       0xe28690   0xc2a5     'Y'        'y'        0xe28690   0xc2a5    
Key 0x4d = 'x'        'X'        0x18       0xc2bb     0x3e       'X'        'x'        0xc2bb     0x3e      
Key 0x4e = 'c'        'C'        0x3        0xc2a2     0xc2a9     'C'        'c'        0xc2a2     0xc2a9   
Key 0x4f = 'v'        'V'        0x16       0xe2809c   0xe28098   'V'        'v'        0xe2809c   0xe28098  
Key 0x50 = 'b'        'B'        0x2        0xe2809d   0xe28099   'B'        'b'        0xe2809d   0xe28099  
Key 0x51 = 'n'        'N'        0xe        0xc589     0xe299aa   'N'        'n'        0xc589     0xe299aa  
Key 0x52 = 'm'        'M'        0xd        0xc2b5     0xc2ba     'M'        'm'        0xc2b5     0xc2ba    
Key 0x53 = ','        ';'        0x0        0xe28095   0xc397     ','        ';'        0xe28095   0xc397    
#Key 0x54 = '.'        ':'        0x0        DEADKEY    0xc3b7     '.'        ':'        DEADKEY    0xc3b7 
Key 0x54 = '.'        ':'        0x0        0xc2b7     0xc3b7     '.'        ':'        0xc2b7     0xc3b7 
#    
Key 0x55 = '-'        '_'        0x1f       DEADKEY    DEADKEY    '-'        '_'        DEADKEY    DEADKEY  # n ASCII-minus (better support)
##Key 0x55 = 0xe28090   '_'        0x1f       DEADKEY    DEADKEY    0xe28090   '_'        DEADKEY    DEADKEY  # n hyphen (correct)
#
Key 0x56 = 0x0        0x0        0x0        0x0        0x0        0x0        0x0        0x0        0x0       
Key 0x57 = 0x1e       0x1e       0x1e       0x1e       0x1e       0x1e       0x1e       0x1e       0x1e      
Key 0x58 = 0x4        '1'        0x4        0x4        '1'        0x4        '1'        0x4        '1'       
Key 0x59 = 0x1f       '2'        0x1f       0x1f       '2'        0x1f       '2'        0x1f       '2'       
Key 0x5a = 0xc        '3'        0xc        0xc        '3'        0xc        '3'        0xc        '3'       
Key 0x5b = 0xa        0xa        0xa        0xa        0xa        0xa        0xa        0xa        0xa       
Key 0x5c = 0x0        0x0        0x0        0x0        0x0        0x0        0x0        0x0        0x0       
Key 0x5d = 0x0        0x0        0x0        0x0        0x0        0x0        0x0        0x0        0x0       
Key 0x5e = 0x20       0x20       0x20       0xc2a0     0xc2a0     0x20       0x20       0xc2a0     0xc2a0    
Key 0x5f = 0x0        0x0        0x0        0x0        0x0        0x0        0x0        0x0        0x0       
Key 0x60 = 0x0        0x0        0x0        0x0        0x0        0x0        0x0        0x0        0x0       
Key 0x61 = 0x1c       0x1c       0x1c       0x1c       0x1c       0x1c       0x1c       0x1c       0x1c      
Key 0x62 = 0x1f       0x1f       0x1f       0x1f       0x1f       0x1f       0x1f       0x1f       0x1f      
Key 0x63 = 0x1d       0x1d       0x1d       0x1d       0x1d       0x1d       0x1d       0x1d       0x1d      
Key 0x64 = 0x5        '0'        0x5        0x5        '0'        0x5        '0'        0x5        '0'       
#
Key 0x65 = 0x7f       ','        0x7f       0x7f       ','        0x7f       ','        0x7f       ','       # Numpad comma
#Key 0x65 = 0x7f       '.'        0x7f       0x7f       '.'        0x7f       '.'        0x7f       '.'       # Numpad dot
#
Key 0x66 = 0x0        0x0        0x0        0x0        0x0        0x0        0x0        0x0        0x0       
Key 0x67 = 0x0        0x0        0x0        0x0        0x0        0x0        0x0        0x0        0x0       
Key 0x68 = 0x0        0x0        0x0        0x0        0x0        0x0        0x0        0x0        0x0       
#
Key 0x69 = 0x3c       0x3e       0x0        '|'        0xc2a6     0x3c       0x3e       '|'        0xc2a6    
Key 0x6a = 0x0        0x0        0x0        0x0        0x0        0x0        0x0        0x0        0x0       
Key 0x6b = 0x0        0x0        0x0        0x0        0x0        0x0        0x0        0x0        0x0       
Key 0x6c = 0x0        0x0        0x0        0x0        0x0        0x0        0x0        0x0        0x0       
Key 0x6d = 0x0        0x0        0x0        0x0        0x0        0x0        0x0        0x0        0x0       
Key 0x6e = 0x0        0x0        0x0        0x0        0x0        0x0        0x0        0x0        0x0       
Key 0x6f = 0x0        0x0        0x0        0x0        0x0        0x0        0x0        0x0        0x0       
Key 0x70 = 0x0        0x0        0x0        0x0        0x0        0x0        0x0        0x0        0x0       
Key 0x71 = 0x0        0x0        0x0        0x0        0x0        0x0        0x0        0x0        0x0       
Key 0x72 = 0x0        0x0        0x0        0x0        0x0        0x0        0x0        0x0        0x0       
Key 0x73 = 0x0        0x0        0x0        0x0        0x0        0x0        0x0        0x0        0x0       
Key 0x74 = 0x0        0x0        0x0        0x0        0x0        0x0        0x0        0x0        0x0       
Key 0x75 = 0x0        0x0        0x0        0x0        0x0        0x0        0x0        0x0        0x0       
Key 0x76 = 0x0        0x0        0x0        0x0        0x0        0x0        0x0        0x0        0x0       
Key 0x77 = 0x0        0x0        0x0        0x0        0x0        0x0        0x0        0x0        0x0       
Key 0x78 = 0x0        0x0        0x0        0x0        0x0        0x0        0x0        0x0        0x0       
Key 0x79 = 0x0        0x0        0x0        0x0        0x0        0x0        0x0        0x0        0x0       
Key 0x7a = 0x0        0x0        0x0        0x0        0x0        0x0        0x0        0x0        0x0       
Key 0x7b = 0x0        0x0        0x0        0x0        0x0        0x0        0x0        0x0        0x0       
Key 0x7c = 0x0        0x0        0x0        0x0        0x0        0x0        0x0        0x0        0x0       
Key 0x7d = 0x0        0x0        0x0        0x0        0x0        0x0        0x0        0x0        0x0       
Key 0x7e = 0x0        0x0        0x0        0x0        0x0        0x0        0x0        0x0        0x0       
Key 0x7f = 0x0        0x0        0x0        0x0        0x0        0x0        0x0        0x0        0x0       

# Dead keys:
# DeadKey <qualifiers> <rawkey> <second_key> = <result>
# qualifier is one of the qualifiers listed above (n, s, c, o, os)
# rawkey is the raw key code of the dead key
# second_key is the translated key code (unicode) of the key following the dead key
# result is the character to display when the key sequence is encountered
#
#       qual raw   second     = result

#
# Cedilla accent; ¸ (clockwise lower curl)
DeadKey    n 0x1d  'C'       = 0xc387
DeadKey    n 0x1d  'c'       = 0xc3a7
DeadKey    n 0x1d  'G'       = 0xc4a2
DeadKey    n 0x1d  'g'       = 0xc4a3
DeadKey    n 0x1d  'K'       = 0xc4b6
DeadKey    n 0x1d  'k'       = 0xc4b7
DeadKey    n 0x1d  'L'       = 0xc4bb
DeadKey    n 0x1d  'l'       = 0xc4bc
DeadKey    n 0x1d  'N'       = 0xc585
DeadKey    n 0x1d  'n'       = 0xc586
DeadKey    n 0x1d  'R'       = 0xc596
DeadKey    n 0x1d  'r'       = 0xc597
DeadKey    n 0x1d  'S'       = 0xc59e
DeadKey    n 0x1d  's'       = 0xc59f
DeadKey    n 0x1d  'T'       = 0xc5a2
DeadKey    n 0x1d  't'       = 0xc5a3
DeadKey    n 0x1d  'E'       = 0xc8a8
DeadKey    n 0x1d  'e'       = 0xc8a9
DeadKey    n 0x1d  'D'       = 0xe1b890
DeadKey    n 0x1d  'd'       = 0xe1b891
DeadKey    n 0x1d  'H'       = 0xe1b8a8
DeadKey    n 0x1d  'h'       = 0xe1b8a9
DeadKey    n 0x1d  0xc486    = 0xe1b888  #  LATIN CAPITAL LETTER C WITH CEDILLA AND ACUTE
DeadKey    n 0x1d  0xc487    = 0xe1b889  #  LATIN SMALL LETTER C WITH CEDILLA AND ACUTE
DeadKey    n 0x1d  0xc494    = 0xe1b89c	 #  LATIN CAPITAL LETTER E WITH CEDILLA AND BREVE
DeadKey    n 0x1d  0xc495    = 0xe1b89d	 #  LATIN SMALL LETTER E WITH CEDILLA AND BREVE
DeadKey    n 0x1d  0xe28690  = 0xe286a2 # LEFTWARDS ARROW WITH TAIL
DeadKey    n 0x1d  0xe28692  = 0xe286a3 # RIGHTWARDS ARROW WITH TAIL
DeadKey    n 0x1d  0x1c      = 0xcca7	#  U+0327	COMBINING CEDILLA
DeadKey    n 0x1d  0x0       = 0xc2b8
#
# Ogonek accent; ˛ (anticlockwise lower curl)
DeadKey    s 0x1d  'A'       = 0xc484
DeadKey    s 0x1d  'a'       = 0xc485
DeadKey    s 0x1d  'E'       = 0xc498
DeadKey    s 0x1d  'e'       = 0xc499
DeadKey    s 0x1d  'I'       = 0xc4ae
DeadKey    s 0x1d  'i'       = 0xc4af
DeadKey    s 0x1d  'U'       = 0xc5b2
DeadKey    s 0x1d  'u'       = 0xc5b3
DeadKey    s 0x1d  'O'       = 0xc7aa
DeadKey    s 0x1d  'o'       = 0xc7ab
DeadKey    s 0x1d  0xc58c    = 0xc7ac # LATIN CAPITAL LETTER O WITH OGONEK AND MACRON
DeadKey    s 0x1d  0xc58d    = 0xc7ad # LATIN SMALL LETTER O WITH OGONEK AND MACRON
DeadKey    s 0x1d  0xca92    = 0xc6ba # LATIN SMALL LETTER EZH WITH TAIL
DeadKey    s 0x1d  'd'       = 0xc996 # LATIN SMALL LETTER D WITH TAIL
DeadKey    s 0x1d  'r'       = 0xc9bd # LATIN SMALL LETTER R WITH TAIL
DeadKey    s 0x1d  0xe28690  = 0xe286a2 # LEFTWARDS ARROW WITH TAIL
DeadKey    s 0x1d  0xe28692  = 0xe286a3 # RIGHTWARDS ARROW WITH TAIL
DeadKey    s 0x1d  0x1c      = 0xcca8	#  U+0328	COMBINING OGONEK
DeadKey    s 0x1d  0x0       = 0xcb9b
#
# Diaeresis accent; ¨ ( two dots )
DeadKey    n 0x31  'a'       = 0xc3a4    
DeadKey    n 0x31  'e'       = 0xc3ab    
DeadKey    n 0x31  'i'       = 0xc3af    
DeadKey    n 0x31  'o'       = 0xc3b6    
DeadKey    n 0x31  'u'       = 0xc3bc    
DeadKey    n 0x31  'y'       = 0xc3bf    
DeadKey    n 0x31  'A'       = 0xc384    
DeadKey    n 0x31  'E'       = 0xc38b    
DeadKey    n 0x31  'I'       = 0xc38f    
DeadKey    n 0x31  'O'       = 0xc396    
DeadKey    n 0x31  'U'       = 0xc39c    
DeadKey    n 0x31  'Y'       = 0xc5b8    
DeadKey    n 0x31  'H'       = 0xe1b8a6
DeadKey    n 0x31  'h'       = 0xe1b8a7
DeadKey    n 0x31  'W'       = 0xe1ba84
DeadKey    n 0x31  'w'       = 0xe1ba85
DeadKey    n 0x31  'X'       = 0xe1ba8c
DeadKey    n 0x31  'x'       = 0xe1ba8d
DeadKey    n 0x31  't'       = 0xe1ba97
DeadKey    n 0x31  0xc39a    = 0xc797   # LATIN CAPITAL LETTER U WITH DIAERESIS AND ACUTE
DeadKey    n 0x31  0xc3ba    = 0xc798   # LATIN SMALL LETTER U WITH DIAERESIS AND ACUTE
DeadKey    n 0x31  0xc793    = 0xc799   # LATIN CAPITAL LETTER U WITH DIAERESIS AND CARON
DeadKey    n 0x31  0xc794    = 0xc79a   # LATIN SMALL LETTER U WITH DIAERESIS AND CARON
DeadKey    n 0x31  0xc399    = 0xc79b   # LATIN CAPITAL LETTER U WITH DIAERESIS AND GRAVE
DeadKey    n 0x31  0xc3b9    = 0xc79c   # LATIN SMALL LETTER U WITH DIAERESIS AND GRAVE
DeadKey    n 0x31  0xc38d    = 0xe1b8ae # LATIN CAPITAL LETTER I WITH DIAERESIS AND ACUTE
DeadKey    n 0x31  0xc3ad    = 0xe1b8af # LATIN SMALL LETTER I WITH DIAERESIS AND ACUTE
DeadKey    n 0x31  0xc395    = 0xe1b98e # LATIN CAPITAL LETTER O WITH TILDE AND DIAERESIS
DeadKey    n 0x31  0xc3b5    = 0xe1b98f # LATIN SMALL LETTER O WITH TILDE AND DIAERESIS
DeadKey    n 0x31  0xc5aa    = 0xe1b9ba # LATIN CAPITAL LETTER U WITH MACRON AND DIAERESIS
DeadKey    n 0x31  0xc5ab    = 0xe1b9bb # LATIN SMALL LETTER U WITH MACRON AND DIAERESIS
#DeadKey    n 0x31  0xc39c    = 0xc795   # LATIN CAPITAL LETTER U WITH DIAERESIS AND MACRON #
#DeadKey    n 0x31  0xc3bc    = 0xc796   # LATIN SMALL LETTER U WITH DIAERESIS AND MACRON   #
DeadKey    n 0x31  0xc58c    = 0xc8aa   # LATIN CAPITAL LETTER O WITH DIAERESIS AND MACRON
DeadKey    n 0x31  0xc58d    = 0xc8ab   # LATIN SMALL LETTER O WITH DIAERESIS AND MACRON
DeadKey    n 0x31  0xc480    = 0xc79e   # LATIN CAPITAL LETTER A WITH DIAERESIS AND MACRON
DeadKey    n 0x31  0xc481    = 0xc79f   # LATIN SMALL LETTER A WITH DIAERESIS AND MACRON
DeadKey    n 0x31  0x1c      = 0xcc88	#  U+0308	COMBINING DIAERESIS
DeadKey    n 0x31  0x0       = 0xc2a8    
#
# Ring-above accent; ˚
DeadKey    s 0x31  'a'       = 0xc3a5    
DeadKey    s 0x31  'A'       = 0xc385    
DeadKey    s 0x31  'u'       = 0xc5af    
DeadKey    s 0x31  'U'       = 0xc5ae    
DeadKey    s 0x31  'w'       = 0xe1ba98  
DeadKey    s 0x31  'y'       = 0xe1ba99  
DeadKey    s 0x31  '+'       = 0xe2a8a2	 # PLUS SIGN WITH SMALL CIRCLE ABOVE
DeadKey    s 0x31  0xc381    = 0xc7ba    # LATIN CAPITAL LETTER A WITH RING ABOVE AND ACUTE
DeadKey    s 0x31  0xc3a1    = 0xc7bb    # LATIN SMALL LETTER A WITH RING ABOVE AND ACUTE
DeadKey    s 0x31  0x1c      = 0xcc8a	#  U+030A	COMBINING RING ABOVE
#      # The unicode ring-above sign is problematic as it has limited legacy compatibility;
#      # so keymaps usually allocate the Degree Sign in its place.
#
# DeadKey    s 0x31  0x0       = 0xc2b0    # DEGREE SIGN
DeadKey    s 0x31  0x0       = 0xcb9a    # RING ABOVE sign (Unicode)
#      # Swap the hash comments of the above two lines if you wish to use the Degree Sign
#
# Tilde accent; ~
DeadKey    n 0x32  'a'       = 0xc3a3    
DeadKey    n 0x32  'o'       = 0xc3b5    
DeadKey    n 0x32  'n'       = 0xc3b1    
DeadKey    n 0x32  'A'       = 0xc383    
DeadKey    n 0x32  'E'       = 0xe1babc
DeadKey    n 0x32  'e'       = 0xe1babd
DeadKey    n 0x32  'O'       = 0xc395    
DeadKey    n 0x32  'N'       = 0xc391    
DeadKey    n 0x32  'I'       = 0xc4a8    
DeadKey    n 0x32  'i'       = 0xc4a9    
DeadKey    n 0x32  'U'       = 0xc5a8    
DeadKey    n 0x32  'u'       = 0xc5a9    
DeadKey    n 0x32  'V'       = 0xe1b9bc
DeadKey    n 0x32  'v'       = 0xe1b9bd	
DeadKey    n 0x32  'Y'       = 0xe1bbb8 
DeadKey    n 0x32  'y'       = 0xe1bbb9
DeadKey    n 0x32  0xc396    = 0xe1b98e	# LATIN CAPITAL LETTER O WITH TILDE AND DIAERESIS
DeadKey    n 0x32  0xc3b6    = 0xe1b98f	# LATIN SMALL LETTER O WITH TILDE AND DIAERESIS
DeadKey    n 0x32  0xc393    = 0xe1b98c	# LATIN CAPITAL LETTER O WITH TILDE AND ACUTE
DeadKey    n 0x32  0xc3b3    = 0xe1b98d	# LATIN SMALL LETTER O WITH TILDE AND ACUTE
DeadKey    n 0x32  0xc39a    = 0xe1b9b8	# LATIN CAPITAL LETTER U WITH TILDE AND ACUTE
DeadKey    n 0x32  0xc3ba    = 0xe1b9b9	# LATIN SMALL LETTER U WITH TILDE AND ACUTE
DeadKey    n 0x32  0xc58c    = 0xc8ac	# LATIN CAPITAL LETTER O WITH TILDE AND MACRON
DeadKey    n 0x32  0xc58d    = 0xc8ad	# LATIN SMALL LETTER O WITH TILDE AND MACRON
DeadKey    n 0x32  0xc382    = 0xe1baaa	# LATIN CAPITAL LETTER A WITH CIRCUMFLEX AND TILDE
DeadKey    n 0x32  0xc3a2    = 0xe1baab	# LATIN SMALL LETTER A WITH CIRCUMFLEX AND TILDE
DeadKey    n 0x32  0xc38a    = 0xe1bb84	# LATIN CAPITAL LETTER E WITH CIRCUMFLEX AND TILDE
DeadKey    n 0x32  0xc3aa    = 0xe1bb85	# LATIN SMALL LETTER E WITH CIRCUMFLEX AND TILDE
DeadKey    n 0x32  0xc394    = 0xe1bb96	# LATIN CAPITAL LETTER O WITH CIRCUMFLEX AND TILDE
DeadKey    n 0x32  0xc3b4    = 0xe1bb97	# LATIN SMALL LETTER O WITH CIRCUMFLEX AND TILDE
DeadKey    n 0x32  0xc6a0    = 0xe1bba0	# LATIN CAPITAL LETTER O WITH HORN AND TILDE
DeadKey    n 0x32  0xc6a1    = 0xe1bba1	# LATIN SMALL LETTER O WITH HORN AND TILDE
DeadKey    n 0x32  0xc6af    = 0xe1bbae	# LATIN CAPITAL LETTER U WITH HORN AND TILDE
DeadKey    n 0x32  0xc6b0    = 0xe1bbaf	# LATIN SMALL LETTER U WITH HORN AND TILDE
DeadKey    n 0x32  0xc482    = 0xe1bab4	# LATIN CAPITAL LETTER A WITH BREVE AND TILDE
DeadKey    n 0x32  0xc483    = 0xe1bab5	# LATIN SMALL LETTER A WITH BREVE AND TILDE
DeadKey    n 0x32  0xc2ac    = 0xe28981	#  U+2241	NOT TILDE
DeadKey    n 0x32  '-'       = 0xe28982 # MINUS TILDE
DeadKey    n 0x32  0xe28090  = 0xe28982 # MINUS TILDE
DeadKey    n 0x32  '='       = 0xe28b8d # REVERSED TILDE EQUALS
DeadKey    n 0x32  '+'       = 0xe2a8a4 # PLUS SIGN WITH TILDE ABOVE
DeadKey    n 0x32  0x1c      = 0xcc83	#  U+0303	COMBINING TILDE
DeadKey    n 0x32  0x0       = '~'
#
# Macron accent; ¯ ( horizontal stroke )
DeadKey    s 0x32  'a'       = 0xc481
DeadKey    s 0x32  'e'       = 0xc493
DeadKey    s 0x32  'i'       = 0xc4ab
DeadKey    s 0x32  'o'       = 0xc58d
DeadKey    s 0x32  'u'       = 0xc5ab
DeadKey    s 0x32  'A'       = 0xc480
DeadKey    s 0x32  'E'       = 0xc492
DeadKey    s 0x32  'I'       = 0xc4aa
DeadKey    s 0x32  'O'       = 0xc58c
DeadKey    s 0x32  'U'       = 0xc5aa
DeadKey    s 0x32  'G'       = 0xe1b8a0
DeadKey    s 0x32  'g'       = 0xe1b8a1
DeadKey    s 0x32  'Y'       = 0xc8b2
DeadKey    s 0x32  'y'       = 0xc8b3
DeadKey    s 0x32  0xc386    = 0xc7a2 	# LATIN CAPITAL LETTER AE WITH MACRON
DeadKey    s 0x32  0xc3a6    = 0xc7a3 	# LATIN SMALL LETTER AE WITH MACRON
DeadKey    s 0x32  0xc39c    = 0xc795   # LATIN CAPITAL LETTER U WITH DIAERESIS AND MACRON
DeadKey    s 0x32  0xc3bc    = 0xc796   # LATIN SMALL LETTER U WITH DIAERESIS AND MACRON
DeadKey    s 0x32  0xc396    = 0xc8aa   # LATIN CAPITAL LETTER O WITH DIAERESIS AND MACRON
DeadKey    s 0x32  0xc3b6    = 0xc8ab   # LATIN SMALL LETTER O WITH DIAERESIS AND MACRON
DeadKey    s 0x32  0xc384    = 0xc79e   # LATIN CAPITAL LETTER A WITH DIAERESIS AND MACRON
DeadKey    s 0x32  0xc3a4    = 0xc79f   # LATIN SMALL LETTER A WITH DIAERESIS AND MACRON
DeadKey    s 0x32  0xc8a6    = 0xc7a0	# LATIN CAPITAL LETTER A WITH DOT ABOVE AND MACRON
DeadKey    s 0x32  0xc8a7    = 0xc7a1	# LATIN SMALL LETTER A WITH DOT ABOVE AND MACRON
DeadKey    s 0x32  0xc7aa    = 0xc7ac	# LATIN CAPITAL LETTER O WITH OGONEK AND MACRON
DeadKey    s 0x32  0xc7ab    = 0xc7ad	# LATIN SMALL LETTER O WITH OGONEK AND MACRON
DeadKey    s 0x32  0xc395    = 0xc8ac	# LATIN CAPITAL LETTER O WITH TILDE AND MACRON
DeadKey    s 0x32  0xc3b5    = 0xc8ad	# LATIN SMALL LETTER O WITH TILDE AND MACRON
DeadKey    s 0x32  0xc8ae    = 0xc8b0	# LATIN CAPITAL LETTER O WITH DOT ABOVE AND MACRON
DeadKey    s 0x32  0xc8af    = 0xc8b1	# LATIN SMALL LETTER O WITH DOT ABOVE AND MACRON
DeadKey    s 0x32  0xc388    = 0xe1b894	# LATIN CAPITAL LETTER E WITH MACRON AND GRAVE
DeadKey    s 0x32  0xc3a8    = 0xe1b895	# LATIN SMALL LETTER E WITH MACRON AND GRAVE
DeadKey    s 0x32  0xc389    = 0xe1b896	# LATIN CAPITAL LETTER E WITH MACRON AND ACUTE
DeadKey    s 0x32  0xc3a9    = 0xe1b897	# LATIN SMALL LETTER E WITH MACRON AND ACUTE
DeadKey    s 0x32  0xc392    = 0xe1b990	# LATIN CAPITAL LETTER O WITH MACRON AND GRAVE
DeadKey    s 0x32  0xc3b2    = 0xe1b991	# LATIN SMALL LETTER O WITH MACRON AND GRAVE
DeadKey    s 0x32  0xc393    = 0xe1b992	# LATIN CAPITAL LETTER O WITH MACRON AND ACUTE
DeadKey    s 0x32  0xc3b3    = 0xe1b993	# LATIN SMALL LETTER O WITH MACRON AND ACUTE
DeadKey    s 0x32  0xe1b8b6  = 0xe1b8b8	# LATIN CAPITAL LETTER L WITH DOT BELOW AND MACRON
DeadKey    s 0x32  0xe1b8b7  = 0xe1b8b9	# LATIN SMALL LETTER L WITH DOT BELOW AND MACRON
DeadKey    s 0x32  0xe1b99a  = 0xe1b99c	# LATIN CAPITAL LETTER R WITH DOT BELOW AND MACRON
DeadKey    s 0x32  0xe1b99b  = 0xe1b99d	# LATIN SMALL LETTER R WITH DOT BELOW AND MACRON
#0xe1b9ba	# LATIN CAPITAL LETTER U WITH MACRON AND DIAERESIS #
#0xe1b9bb	# LATIN SMALL LETTER U WITH MACRON AND DIAERESIS   # 
DeadKey    s 0x32  0x1c      = 0xcc84	#  U+0304	COMBINING MACRON
DeadKey    s 0x32  0x0       = 0xc2af
#
# Grave accent; ` (leftward tilting)
DeadKey    n 0x33  'A'       = 0xc380    
DeadKey    n 0x33  'E'       = 0xc388    
DeadKey    n 0x33  'I'       = 0xc38c    
DeadKey    n 0x33  'O'       = 0xc392    
DeadKey    n 0x33  'U'       = 0xc399    
DeadKey    n 0x33  'a'       = 0xc3a0    
DeadKey    n 0x33  'e'       = 0xc3a8    
DeadKey    n 0x33  'i'       = 0xc3ac    
DeadKey    n 0x33  'o'       = 0xc3b2    
DeadKey    n 0x33  'u'       = 0xc3b9   
DeadKey    n 0x33  'N'       = 0xc7b8
DeadKey    n 0x33  'n'       = 0xc7b9 
DeadKey    n 0x33  0xc39c    = 0xc79b    # LATIN CAPITAL LETTER U WITH DIAERESIS AND GRAVE
DeadKey    n 0x33  0xc3bc    = 0xc79c    # LATIN SMALL LETTER U WITH DIAERESIS AND GRAVE
DeadKey    n 0x33  'W'       = 0xe1ba80
DeadKey    n 0x33  'w'       = 0xe1ba81 
DeadKey    n 0x33  'Y'       = 0xe1bbb2
DeadKey    n 0x33  'y'       = 0xe1bbb3
DeadKey    n 0x33  0xc492    = 0xe1b894	#  LATIN CAPITAL LETTER E WITH MACRON AND GRAVE
DeadKey    n 0x33  0xc493    = 0xe1b895	#  LATIN SMALL LETTER E WITH MACRON AND GRAVE
DeadKey    n 0x33  0xc58c    = 0xe1b990	#  LATIN CAPITAL LETTER O WITH MACRON AND GRAVE
DeadKey    n 0x33  0xc58d    = 0xe1b991	#  LATIN SMALL LETTER O WITH MACRON AND GRAVE
DeadKey    n 0x33  0xc382    = 0xe1baa6	#  LATIN CAPITAL LETTER A WITH CIRCUMFLEX AND GRAVE
DeadKey    n 0x33  0xc3a2    = 0xe1baa7	#  LATIN SMALL LETTER A WITH CIRCUMFLEX AND GRAVE
DeadKey    n 0x33  0xc482    = 0xe1bab0	#  LATIN CAPITAL LETTER A WITH BREVE AND GRAVE
DeadKey    n 0x33  0xc483    = 0xe1bab1	#  LATIN SMALL LETTER A WITH BREVE AND GRAVE
DeadKey    n 0x33  0xc38a    = 0xe1bb80	#  LATIN CAPITAL LETTER E WITH CIRCUMFLEX AND GRAVE
DeadKey    n 0x33  0xc3aa    = 0xe1bb81	#  LATIN SMALL LETTER E WITH CIRCUMFLEX AND GRAVE
DeadKey    n 0x33  0xc394    = 0xe1bb92	#  LATIN CAPITAL LETTER O WITH CIRCUMFLEX AND GRAVE
DeadKey    n 0x33  0xc3b4    = 0xe1bb93	#  LATIN SMALL LETTER O WITH CIRCUMFLEX AND GRAVE
DeadKey    n 0x33  0xc6a0    = 0xe1bb9c	#  LATIN CAPITAL LETTER O WITH HORN AND GRAVE
DeadKey    n 0x33  0xc6a1    = 0xe1bb9d	#  LATIN SMALL LETTER O WITH HORN AND GRAVE
DeadKey    n 0x33  0xc6af    = 0xe1bbaa	#  LATIN CAPITAL LETTER U WITH HORN AND GRAVE
DeadKey    n 0x33  0xc6b0    = 0xe1bbab	#  LATIN SMALL LETTER U WITH HORN AND GRAVE
DeadKey    n 0x33  0x1c      = 0xcc80	#  U+0300	COMBINING GRAVE ACCENT
DeadKey    n 0x33  0x0       = '`'
#
# Breve accent; ˘ (soft downward point)
DeadKey    s 0x33  'A'       = 0xc482
DeadKey    s 0x33  'a'       = 0xc483
DeadKey    s 0x33  'E'       = 0xc494
DeadKey    s 0x33  'e'       = 0xc495
DeadKey    s 0x33  'G'       = 0xc49e
DeadKey    s 0x33  'g'       = 0xc49f
DeadKey    s 0x33  'I'       = 0xc4ac
DeadKey    s 0x33  'i'       = 0xc4ad
DeadKey    s 0x33  'O'       = 0xc58e
DeadKey    s 0x33  'o'       = 0xc58f
DeadKey    s 0x33  'U'       = 0xc5ac
DeadKey    s 0x33  'u'       = 0xc5ad
DeadKey    s 0x33  0xc8a8    = 0xe1b89c	# LATIN CAPITAL LETTER E WITH CEDILLA AND BREVE
DeadKey    s 0x33  0xc8a9    = 0xe1b89d	# LATIN SMALL LETTER E WITH CEDILLA AND BREVE
DeadKey    s 0x33  0xc381    = 0xe1baae	# LATIN CAPITAL LETTER A WITH BREVE AND ACUTE
DeadKey    s 0x33  0xc3a1    = 0xe1baaf	# LATIN SMALL LETTER A WITH BREVE AND ACUTE
DeadKey    s 0x33  0xc380    = 0xe1bab0	# LATIN CAPITAL LETTER A WITH BREVE AND GRAVE
DeadKey    s 0x33  0xc3a0    = 0xe1bab1	# LATIN SMALL LETTER A WITH BREVE AND GRAVE
DeadKey    s 0x33  0xe1baa2  = 0xe1bab2	# LATIN CAPITAL LETTER A WITH BREVE AND HOOK ABOVE
DeadKey    s 0x33  0xe1baa3  = 0xe1bab3	# LATIN SMALL LETTER A WITH BREVE AND HOOK ABOVE
DeadKey    s 0x33  0xc383    = 0xe1bab4	# LATIN CAPITAL LETTER A WITH BREVE AND TILDE
DeadKey    s 0x33  0xc3a3    = 0xe1bab5	# LATIN SMALL LETTER A WITH BREVE AND TILDE
DeadKey    s 0x33  0xe1baa0  = 0xe1bab6	# LATIN CAPITAL LETTER A WITH BREVE AND DOT BELOW
DeadKey    s 0x33  0xe1baa1  = 0xe1bab7	# LATIN SMALL LETTER A WITH BREVE AND DOT BELOW
DeadKey    s 0x33  0x1c      = 0xcc86	#  U+0306	COMBINING BREVE
DeadKey    s 0x33  0x0       = 0xcb98
#
#  Acute accent; ´  (rightward tilting)
DeadKey    n 0x45  'A'       = 0xc381    
DeadKey    n 0x45  'E'       = 0xc389    
DeadKey    n 0x45  'I'       = 0xc38d    
DeadKey    n 0x45  0xc4b0    = 0xc38d    #  LATIN CAPITAL LETTER I WITH DOT ABOVE
DeadKey    n 0x45  'O'       = 0xc393    
DeadKey    n 0x45  'U'       = 0xc39a    
DeadKey    n 0x45  'Y'       = 0xc39d    
DeadKey    n 0x45  'a'       = 0xc3a1    
DeadKey    n 0x45  'e'       = 0xc3a9    
DeadKey    n 0x45  'i'       = 0xc3ad    
DeadKey    n 0x45  0xc4b1    = 0xc3ad 	 #  LATIN SMALL LETTER DOTLESS I
DeadKey    n 0x45  'o'       = 0xc3b3    
DeadKey    n 0x45  'u'       = 0xc3ba    
DeadKey    n 0x45  'y'       = 0xc3bd    
DeadKey    n 0x45  'L'       = 0xc4b9    
DeadKey    n 0x45  'l'       = 0xc4ba    
DeadKey    n 0x45  'N'       = 0xc583    
DeadKey    n 0x45  'n'       = 0xc584    
DeadKey    n 0x45  'R'       = 0xc594    
DeadKey    n 0x45  'r'       = 0xc595    
DeadKey    n 0x45  'S'       = 0xc59a    
DeadKey    n 0x45  's'       = 0xc59b    
DeadKey    n 0x45  'Z'       = 0xc5b9    
DeadKey    n 0x45  'z'       = 0xc5ba    
DeadKey    n 0x45  'C'       = 0xc486
DeadKey    n 0x45  'c'       = 0xc487
DeadKey    n 0x45  'G'       = 0xc7b4
DeadKey    n 0x45  'g'       = 0xc7b5
DeadKey    n 0x45  'K'       = 0xe1b8b0	
DeadKey    n 0x45  'k'       = 0xe1b8b1	
DeadKey    n 0x45  'M'       = 0xe1b8be	
DeadKey    n 0x45  'm'       = 0xe1b8bf	
DeadKey    n 0x45  'P'       = 0xe1b994	
DeadKey    n 0x45  'p'       = 0xe1b995	
DeadKey    n 0x45  'W'       = 0xe1ba82	
DeadKey    n 0x45  'w'       = 0xe1ba83	
DeadKey    n 0x45  0xc386    = 0xc7bc    # LATIN CAPITAL LETTER AE WITH ACUTE
DeadKey    n 0x45  0xc3a6    = 0xc7bd    # LATIN SMALL LETTER AE WITH ACUTE
DeadKey    n 0x45  0xc398    = 0xc7be    # LATIN CAPITAL LETTER O WITH STROKE AND ACUTE
DeadKey    n 0x45  0xc3b8    = 0xc7bf    # LATIN SMALL LETTER O WITH STROKE AND ACUTE
DeadKey    n 0x45  0xc3bc    = 0xc798    # LATIN SMALL LETTER U WITH DIAERESIS AND ACUTE
DeadKey    n 0x45  0xc39c    = 0xc797    # LATIN CAPITAL LETTER U WITH DIAERESIS AND ACUTE
DeadKey    n 0x45  0xc38f    = 0xe1b8ae  # LATIN CAPITAL LETTER I WITH DIAERESIS AND ACUTE
DeadKey    n 0x45  0xc3af    = 0xe1b8af  # LATIN SMALL LETTER I WITH DIAERESIS AND ACUTE
DeadKey    n 0x45  0xc387    = 0xe1b888  # LATIN CAPITAL LETTER C WITH CEDILLA AND ACUTE
DeadKey    n 0x45  0xc3a7    = 0xe1b889  # LATIN SMALL LETTER C WITH CEDILLA AND ACUTE
DeadKey    n 0x45  0xc385    = 0xc7ba    # LATIN CAPITAL LETTER A WITH RING ABOVE AND ACUTE
DeadKey    n 0x45  0xc3a5    = 0xc7bb    # LATIN SMALL LETTER A WITH RING ABOVE AND ACUTE
DeadKey    n 0x45  0xc492    = 0xe1b896  # LATIN CAPITAL LETTER E WITH MACRON AND ACUTE
DeadKey    n 0x45  0xc493    = 0xe1b897  # LATIN SMALL LETTER E WITH MACRON AND ACUTE
DeadKey    n 0x45  0xc395    = 0xe1b98c  # LATIN CAPITAL LETTER O WITH TILDE AND ACUTE
DeadKey    n 0x45  0xc3b5    = 0xe1b98d  # LATIN SMALL LETTER O WITH TILDE AND ACUTE
DeadKey    n 0x45  0xc58c    = 0xe1b992  # LATIN CAPITAL LETTER O WITH MACRON AND ACUTE
DeadKey    n 0x45  0xc58d    = 0xe1b993  # LATIN SMALL LETTER O WITH MACRON AND ACUTE
DeadKey    n 0x45  0xc5a8    = 0xe1b9b8  # LATIN CAPITAL LETTER U WITH TILDE AND ACUTE
DeadKey    n 0x45  0xc5a9    = 0xe1b9b9  # LATIN SMALL LETTER U WITH TILDE AND ACUTE
DeadKey    n 0x45  0xc382    = 0xe1baa4  # LATIN CAPITAL LETTER A WITH CIRCUMFLEX AND ACUTE
DeadKey    n 0x45  0xc3a2    = 0xe1baa5  # LATIN SMALL LETTER A WITH CIRCUMFLEX AND ACUTE
DeadKey    n 0x45  0xc482    = 0xe1baae  # LATIN CAPITAL LETTER A WITH BREVE AND ACUTE
DeadKey    n 0x45  0xc483    = 0xe1baaf  # LATIN SMALL LETTER A WITH BREVE AND ACUTE
DeadKey    n 0x45  0xc38a    = 0xe1babe  # LATIN CAPITAL LETTER E WITH CIRCUMFLEX AND ACUTE
DeadKey    n 0x45  0xc3aa    = 0xe1babf  # LATIN SMALL LETTER E WITH CIRCUMFLEX AND ACUTE
DeadKey    n 0x45  0xc394    = 0xe1bb90  # LATIN CAPITAL LETTER O WITH CIRCUMFLEX AND ACUTE
DeadKey    n 0x45  0xc3b4    = 0xe1bb91  # LATIN SMALL LETTER O WITH CIRCUMFLEX AND ACUTE
DeadKey    n 0x45  0xc6a0    = 0xe1bb9a  # LATIN CAPITAL LETTER O WITH HORN AND ACUTE
DeadKey    n 0x45  0xc6a1    = 0xe1bb9b  # LATIN SMALL LETTER O WITH HORN AND ACUTE
DeadKey    n 0x45  0xc6af    = 0xe1bba8  # LATIN CAPITAL LETTER U WITH HORN AND ACUTE
DeadKey    n 0x45  0xc6b0    = 0xe1bba9  # LATIN SMALL LETTER U WITH HORN AND ACUTE
DeadKey    n 0x45  0xe1b9a0  = 0xe1b9a4  # LATIN CAPITAL LETTER S WITH ACUTE AND DOT ABOVE
DeadKey    n 0x45  0xe1b9a1  = 0xe1b9a5  # LATIN SMALL LETTER S WITH ACUTE AND DOT ABOVE
DeadKey    n 0x45  0x1c      = 0xcc81	#  U+0301	COMBINING ACUTE ACCENT
DeadKey    n 0x45  0x0       = 0xc2b4
#
# Double acute accent; ˝ (double rightward-tilting)
DeadKey    s 0x45  'O'       = 0xc590
DeadKey    s 0x45  'o'       = 0xc591
DeadKey    s 0x45  'U'       = 0xc5b0
DeadKey    s 0x45  'u'       = 0xc5b1
DeadKey    s 0x45  0x1c      = 0xcc8b	#  U+030B	COMBINING DOUBLE ACUTE ACCENT
DeadKey    s 0x45  0x0       = 0xcb9d
#
# Circumflextual accents; ^ key
DeadKey    n 0x46  'a'       = 0xc3a2    
DeadKey    n 0x46  'e'       = 0xc3aa    
DeadKey    n 0x46  'i'       = 0xc3ae    
DeadKey    n 0x46  'o'       = 0xc3b4    
DeadKey    n 0x46  'u'       = 0xc3bb    
DeadKey    n 0x46  'A'       = 0xc382    
DeadKey    n 0x46  'E'       = 0xc38a    
DeadKey    n 0x46  'I'       = 0xc38e    
DeadKey    n 0x46  'O'       = 0xc394    
DeadKey    n 0x46  'U'       = 0xc39b    
DeadKey    n 0x46  'C'       = 0xc488    
DeadKey    n 0x46  'c'       = 0xc489    
DeadKey    n 0x46  'G'       = 0xc49c    
DeadKey    n 0x46  'g'       = 0xc49d    
DeadKey    n 0x46  'H'       = 0xc4a4    
DeadKey    n 0x46  'h'       = 0xc4a5    
DeadKey    n 0x46  'J'       = 0xc4b4    
DeadKey    n 0x46  'j'       = 0xc4b5    
DeadKey    n 0x46  'S'       = 0xc59c    
DeadKey    n 0x46  's'       = 0xc59d    
DeadKey    n 0x46  'W'       = 0xc5b4    
DeadKey    n 0x46  'w'       = 0xc5b5    
DeadKey    n 0x46  'Y'       = 0xc5b6    
DeadKey    n 0x46  'y'       = 0xc5b7    
DeadKey    n 0x46  'Z'       = 0xe1ba90 
DeadKey    n 0x46  'z'       = 0xe1ba91 
DeadKey    n 0x46   0xc381   = 0xe1baa4	# LATIN CAPITAL LETTER A WITH CIRCUMFLEX AND ACUTE
DeadKey    n 0x46   0xc3a1   = 0xe1baa5	# LATIN SMALL LETTER A WITH CIRCUMFLEX AND ACUTE
DeadKey    n 0x46   0xc380   = 0xe1baa6	# LATIN CAPITAL LETTER A WITH CIRCUMFLEX AND GRAVE
DeadKey    n 0x46   0xc3a0   = 0xe1baa7	# LATIN SMALL LETTER A WITH CIRCUMFLEX AND GRAVE
DeadKey    n 0x46   0xc383   = 0xe1baaa	# LATIN CAPITAL LETTER A WITH CIRCUMFLEX AND TILDE
DeadKey    n 0x46   0xc3a3   = 0xe1baab	# LATIN SMALL LETTER A WITH CIRCUMFLEX AND TILDE
DeadKey    n 0x46   0xc389   = 0xe1babe	# LATIN CAPITAL LETTER E WITH CIRCUMFLEX AND ACUTE
DeadKey    n 0x46   0xc3a9   = 0xe1babf	# LATIN SMALL LETTER E WITH CIRCUMFLEX AND ACUTE
DeadKey    n 0x46   0xc388   = 0xe1bb80	# LATIN CAPITAL LETTER E WITH CIRCUMFLEX AND GRAVE
DeadKey    n 0x46   0xc3a8   = 0xe1bb81	# LATIN SMALL LETTER E WITH CIRCUMFLEX AND GRAVE
DeadKey    n 0x46   0xe1babc = 0xe1bb84	# LATIN CAPITAL LETTER E WITH CIRCUMFLEX AND TILDE
DeadKey    n 0x46   0xe1babd = 0xe1bb85	# LATIN SMALL LETTER E WITH CIRCUMFLEX AND TILDE
DeadKey    n 0x46   0xc393   = 0xe1bb90	# LATIN CAPITAL LETTER O WITH CIRCUMFLEX AND ACUTE
DeadKey    n 0x46   0xc3b3   = 0xe1bb91	# LATIN SMALL LETTER O WITH CIRCUMFLEX AND ACUTE
DeadKey    n 0x46   0xc392   = 0xe1bb92	# LATIN CAPITAL LETTER O WITH CIRCUMFLEX AND GRAVE
DeadKey    n 0x46   0xc3b2   = 0xe1bb93	# LATIN SMALL LETTER O WITH CIRCUMFLEX AND GRAVE
DeadKey    n 0x46   0xc395   = 0xe1bb96	# LATIN CAPITAL LETTER O WITH CIRCUMFLEX AND TILDE
DeadKey    n 0x46   0xc3b5   = 0xe1bb97	# LATIN SMALL LETTER O WITH CIRCUMFLEX AND TILDE
DeadKey    n 0x46   0xe1baa0 = 0xe1baac	# LATIN CAPITAL LETTER A WITH CIRCUMFLEX AND DOT BELOW
DeadKey    n 0x46   0xe1baa1 = 0xe1baad	# LATIN SMALL LETTER A WITH CIRCUMFLEX AND DOT BELOW
DeadKey    n 0x46   0xe1bb8c = 0xe1bb98	# LATIN CAPITAL LETTER O WITH CIRCUMFLEX AND DOT BELOW
DeadKey    n 0x46   0xe1bb8d = 0xe1bb99	# LATIN SMALL LETTER O WITH CIRCUMFLEX AND DOT BELOW
DeadKey    n 0x46   0xe1baa2 = 0xe1baa8	# LATIN CAPITAL LETTER A WITH CIRCUMFLEX AND HOOK ABOVE
DeadKey    n 0x46   0xe1baa3 = 0xe1baa9	# LATIN SMALL LETTER A WITH CIRCUMFLEX AND HOOK ABOVE
DeadKey    n 0x46   0xe1bb8e = 0xe1bb94	# LATIN CAPITAL LETTER O WITH CIRCUMFLEX AND HOOK ABOVE
DeadKey    n 0x46   0xe1bb8f = 0xe1bb95	# LATIN SMALL LETTER O WITH CIRCUMFLEX AND HOOK ABOVE
DeadKey    n 0x46   0xe1bab8 = 0xe1bb86	# LATIN CAPITAL LETTER E WITH CIRCUMFLEX AND DOT BELOW
DeadKey    n 0x46   0xe1bab9 = 0xe1bb87	# LATIN SMALL LETTER E WITH CIRCUMFLEX AND DOT BELOW
DeadKey    n 0x46   0xe1baba = 0xe1bb82	# LATIN CAPITAL LETTER E WITH CIRCUMFLEX AND HOOK ABOVE
DeadKey    n 0x46   0xe1babb = 0xe1bb83	# LATIN SMALL LETTER E WITH CIRCUMFLEX AND HOOK ABOVE
DeadKey    n 0x46   '+'      = 0xe2a8a3	# PLUS SIGN WITH CIRCUMFLEX ACCENT ABOVE
DeadKey    n 0x46   0x1c     = 0xcc82	#  U+0302	COMBINING CIRCUMFLEX ACCENT
DeadKey    n 0x46  0x0       = '^'       
#
# Caron accent; ˇ (sharp downward point)
DeadKey    s 0x46  'C'       = 0xc48c
DeadKey    s 0x46  'c'       = 0xc48d
DeadKey    s 0x46  'D'       = 0xc48e
DeadKey    s 0x46  'd'       = 0xc48f
DeadKey    s 0x46  'E'       = 0xc49a
DeadKey    s 0x46  'e'       = 0xc49b
DeadKey    s 0x46  'L'       = 0xc4bd
DeadKey    s 0x46  'l'       = 0xc4be
DeadKey    s 0x46  'N'       = 0xc587
DeadKey    s 0x46  'n'       = 0xc588
DeadKey    s 0x46  'R'       = 0xc598
DeadKey    s 0x46  'r'       = 0xc599
DeadKey    s 0x46  'S'       = 0xc5a0
DeadKey    s 0x46  's'       = 0xc5a1
DeadKey    s 0x46  'T'       = 0xc5a4
DeadKey    s 0x46  't'       = 0xc5a5
DeadKey    s 0x46  'Z'       = 0xc5bd
DeadKey    s 0x46  'z'       = 0xc5be
DeadKey    s 0x46  0xc7b1    = 0xc784 # Capital DZ
DeadKey    s 0x46  0xc7b2    = 0xc785 # LATIN CAPITAL LETTER D WITH SMALL LETTER Z
DeadKey    s 0x46  0xc7b3    = 0xc786 # Small Dz
DeadKey    s 0x46  'A'       = 0xc78d
DeadKey    s 0x46  'a'       = 0xc78e
DeadKey    s 0x46  'I'       = 0xc78f
DeadKey    s 0x46  'i'       = 0xc790
DeadKey    s 0x46  'O'       = 0xc791
DeadKey    s 0x46  'o'       = 0xc792
DeadKey    s 0x46  'U'       = 0xc793
DeadKey    s 0x46  'u'       = 0xc794
DeadKey    s 0x46  'G'       = 0xc7a6
DeadKey    s 0x46  'g'       = 0xc7a7
DeadKey    s 0x46  'K'       = 0xc7a8
DeadKey    s 0x46  'k'       = 0xc7a9
DeadKey    s 0x46  0xc6b7    = 0xc7ae	# CAPITAL LETTER EZH
DeadKey    s 0x46  0xca92    = 0xc7af	# SMALL LETTER EZH
DeadKey    s 0x46  'j'       = 0xc7b0
DeadKey    s 0x46  'H'       = 0xc89e
DeadKey    s 0x46  'h'       = 0xc89f
DeadKey    s 0x46  0xc39c    = 0xc799 	#  LATIN CAPITAL LETTER U WITH DIAERESIS AND CARON
DeadKey    s 0x46  0xc3bc    = 0xc79a	# LATIN SMALL LETTER U WITH DIAERESIS AND CARON
DeadKey    s 0x46  0xe1b9a0  = 0xe1b9a6	# LATIN CAPITAL LETTER S WITH CARON AND DOT ABOVE
DeadKey    s 0x46  0xe1b9a1  = 0xe1b9a7	# LATIN SMALL LETTER S WITH CARON AND DOT ABOVE
DeadKey    s 0x46  0x1c      = 0xcc8c	#  U+030C	COMBINING CARON
DeadKey    s 0x46  0x0       = 0xcb87
#
# Middle Dot;  ·
DeadKey    o 0x54  'L'       = 0xc4bf	# LATIN CAPITAL LETTER L WITH MIDDLE DOT
DeadKey    o 0x54  'l'       = 0xc580	# LATIN SMALL LETTER L WITH MIDDLE DOT
DeadKey    o 0x54  0x7c      = 0xe28dbf # VERTICAL LINE WITH MIDDLE DOT
DeadKey    o 0x54  0x0       = 0xc2b7 
#
# Dot below accent; 
DeadKey    o 0x55  'B'       = 0xe1b884	
DeadKey    o 0x55  'b'       = 0xe1b885	
DeadKey    o 0x55  'D'       = 0xe1b88c	
DeadKey    o 0x55  'd'       = 0xe1b88d	
DeadKey    o 0x55  'H'       = 0xe1b8a4	
DeadKey    o 0x55  'h'       = 0xe1b8a5	
DeadKey    o 0x55  'K'       = 0xe1b8b2	
DeadKey    o 0x55  'k'       = 0xe1b8b3	
DeadKey    o 0x55  'L'       = 0xe1b8b6	
DeadKey    o 0x55  'l'       = 0xe1b8b7	
#DeadKey    o 0x55  ''       = 0xe1b8b8	#	LATIN CAPITAL LETTER L WITH DOT BELOW AND MACRON
#DeadKey    o 0x55  ''       = 0xe1b8b9	#	LATIN SMALL LETTER L WITH DOT BELOW AND MACRON
DeadKey    o 0x55  'M'       = 0xe1b982	
DeadKey    o 0x55  'm'       = 0xe1b983	
DeadKey    o 0x55  'N'       = 0xe1b986	
DeadKey    o 0x55  'n'       = 0xe1b987	
DeadKey    o 0x55  'R'       = 0xe1b99a	
DeadKey    o 0x55  'r'       = 0xe1b99b	
#DeadKey    o 0x55  ''       = 0xe1b99c	#	LATIN CAPITAL LETTER R WITH DOT BELOW AND MACRON
#DeadKey    o 0x55  ''       = 0xe1b99d	#	LATIN SMALL LETTER R WITH DOT BELOW AND MACRON
DeadKey    o 0x55  'S'       = 0xe1b9a2	
DeadKey    o 0x55  's'       = 0xe1b9a3	
DeadKey    o 0x55  0xe1b9a0  = 0xe1b9a8	#	LATIN CAPITAL LETTER S WITH DOT BELOW AND DOT ABOVE
DeadKey    o 0x55  0xe1b9a1  = 0xe1b9a9	#	LATIN SMALL LETTER S WITH DOT BELOW AND DOT ABOVE
DeadKey    o 0x55  'T'       = 0xe1b9ac	
DeadKey    o 0x55  't'       = 0xe1b9ad	
DeadKey    o 0x55  'V'       = 0xe1b9be	
DeadKey    o 0x55  'v'       = 0xe1b9bf	
DeadKey    o 0x55  'W'       = 0xe1ba88	
DeadKey    o 0x55  'w'       = 0xe1ba89	
DeadKey    o 0x55  'Z'       = 0xe1ba92	
DeadKey    o 0x55  'z'       = 0xe1ba93	
DeadKey    o 0x55  'A'       = 0xe1baa0	
DeadKey    o 0x55  'a'       = 0xe1baa1	
DeadKey    o 0x55  0xc382    = 0xe1baac	#	LATIN CAPITAL LETTER A WITH CIRCUMFLEX AND DOT BELOW
DeadKey    o 0x55  0xc3a2    = 0xe1baad	#	LATIN SMALL LETTER A WITH CIRCUMFLEX AND DOT BELOW
DeadKey    o 0x55  0xc482    = 0xe1bab6	#	LATIN CAPITAL LETTER A WITH BREVE AND DOT BELOW
DeadKey    o 0x55  0xc483    = 0xe1bab7	#	LATIN SMALL LETTER A WITH BREVE AND DOT BELOW
DeadKey    o 0x55  'E'       = 0xe1bab8	
DeadKey    o 0x55  'e'       = 0xe1bab9	
DeadKey    o 0x55  0xc38a    = 0xe1bb86	#	LATIN CAPITAL LETTER E WITH CIRCUMFLEX AND DOT BELOW
DeadKey    o 0x55  0xc3aa    = 0xe1bb87	#	LATIN SMALL LETTER E WITH CIRCUMFLEX AND DOT BELOW
DeadKey    o 0x55  'I'       = 0xe1bb8a	
DeadKey    o 0x55  'i'       = 0xe1bb8b	
DeadKey    o 0x55  'O'       = 0xe1bb8c	
DeadKey    o 0x55  'o'       = 0xe1bb8d	
DeadKey    o 0x55  0xc394    = 0xe1bb98	#	LATIN CAPITAL LETTER O WITH CIRCUMFLEX AND DOT BELOW
DeadKey    o 0x55  0xc3b4    = 0xe1bb99	#	LATIN SMALL LETTER O WITH CIRCUMFLEX AND DOT BELOW
DeadKey    o 0x55  0xc6a0    = 0xe1bba2	#	LATIN CAPITAL LETTER O WITH HORN AND DOT BELOW
DeadKey    o 0x55  0xc6a1    = 0xe1bba3	#	LATIN SMALL LETTER O WITH HORN AND DOT BELOW
DeadKey    o 0x55  'U'       = 0xe1bba4	
DeadKey    o 0x55  'u'       = 0xe1bba5	
DeadKey    o 0x55  0xc6af    = 0xe1bbb0	#	LATIN CAPITAL LETTER U WITH HORN AND DOT BELOW
DeadKey    o 0x55  0xc6b0    = 0xe1bbb1	#	LATIN SMALL LETTER U WITH HORN AND DOT BELOW
DeadKey    o 0x55  'Y'       = 0xe1bbb4	
DeadKey    o 0x55  'y'       = 0xe1bbb5	
#
DeadKey    o 0x55  '='       = 0xe2a9a6 #	EQUALS SIGN WITH DOT BELOW
DeadKey    o 0x55  '-'       = 0xe2a8aa #	MINUS SIGN WITH DOT BELOW
DeadKey    o 0x55  '+'       = 0xe2a8a5 #	PLUS SIGN WITH DOT BELOW
#
##DeadKey    o 0x55  0x0       = 0xcca3		# Combining Dot Below
DeadKey    o 0x55  0x1c      = 0xcca3		# Combining Dot Below
DeadKey    o 0x55  0x0       = '.'		# Full stop
#
#
# Dot above accent; ˙ (elevated full-stop glyth)
DeadKey    os 0x55  'C'       = 0xc48a
DeadKey    os 0x55  'c'       = 0xc48b
DeadKey    os 0x55  'E'       = 0xc496
DeadKey    os 0x55  'e'       = 0xc497
DeadKey    os 0x55  'G'       = 0xc4a0
DeadKey    os 0x55  'g'       = 0xc4a1
DeadKey    os 0x55  'I'       = 0xc4b0
DeadKey    os 0x55  0xc4b0    = 'I'
DeadKey    os 0x55  'i'       = 0xc4b1	# LATIN SMALL LETTER DOTLESS I
DeadKey    os 0x55  0xc4b1    = 'i'
DeadKey    os 0x55  'j'       = 0xc8b7	# LATIN SMALL LETTER DOTLESS J
DeadKey    os 0x55  'Z'       = 0xc5bb
DeadKey    os 0x55  'z'       = 0xc5bc
DeadKey    os 0x55  'A'       = 0xc8a6
DeadKey    os 0x55  'a'       = 0xc8a7
DeadKey    os 0x55  'O'       = 0xc8ae
DeadKey    os 0x55  'o'       = 0xc8af
DeadKey    os 0x55  0xc480    = 0xc7a0	# LATIN CAPITAL LETTER A WITH DOT ABOVE AND MACRON
DeadKey    os 0x55  0xc481    = 0xc7a1	# LATIN SMALL LETTER A WITH DOT ABOVE AND MACRON
DeadKey    os 0x55  0xc58c    = 0xc8b0	# LATIN CAPITAL LETTER O WITH DOT ABOVE AND MACRON
DeadKey    os 0x55  0xc58d    = 0xc8b1	# LATIN SMALL LETTER O WITH DOT ABOVE AND MACRON
DeadKey    os 0x55  'B'       = 0xe1b882
DeadKey    os 0x55  'b'       = 0xe1b883
DeadKey    os 0x55  'D'       = 0xe1b88a
DeadKey    os 0x55  'd'       = 0xe1b88b
DeadKey    os 0x55  'F'       = 0xe1b89e
DeadKey    os 0x55  'f'       = 0xe1b89f
DeadKey    os 0x55  'H'       = 0xe1b8a2
DeadKey    os 0x55  'h'       = 0xe1b8a3
DeadKey    os 0x55  'M'       = 0xe1b980
DeadKey    os 0x55  'm'       = 0xe1b981
DeadKey    os 0x55  'N'       = 0xe1b984
DeadKey    os 0x55  'n'       = 0xe1b985
DeadKey    os 0x55  'P'       = 0xe1b996
DeadKey    os 0x55  'p'       = 0xe1b997
DeadKey    os 0x55  'R'       = 0xe1b998
DeadKey    os 0x55  'r'       = 0xe1b999
DeadKey    os 0x55  'S'       = 0xe1b9a0
DeadKey    os 0x55  's'       = 0xe1b9a1
DeadKey    os 0x55  0xc59a    = 0xe1b9a4	# LATIN CAPITAL LETTER S WITH ACUTE AND DOT ABOVE
DeadKey    os 0x55  0xc59b    = 0xe1b9a5	# LATIN SMALL LETTER S WITH ACUTE AND DOT ABOVE
DeadKey    os 0x55  0xc5a0    = 0xe1b9a6	# LATIN CAPITAL LETTER S WITH CARON AND DOT ABOVE
DeadKey    os 0x55  0xc5a1    = 0xe1b9a7	# LATIN SMALL LETTER S WITH CARON AND DOT ABOVE
DeadKey    os 0x55  0xe1b9a2  = 0xe1b9a8	# LATIN CAPITAL LETTER S WITH DOT BELOW AND DOT ABOVE
DeadKey    os 0x55  0xe1b9a3  = 0xe1b9a9	# LATIN SMALL LETTER S WITH DOT BELOW AND DOT ABOVE
DeadKey    os 0x55  'T'       = 0xe1b9aa
DeadKey    os 0x55  't'       = 0xe1b9ab
DeadKey    os 0x55  'W'       = 0xe1ba86
DeadKey    os 0x55  'w'       = 0xe1ba87
DeadKey    os 0x55  'X'       = 0xe1ba8a
DeadKey    os 0x55  'x'       = 0xe1ba8b
DeadKey    os 0x55  'Y'       = 0xe1ba8e
DeadKey    os 0x55  'y'       = 0xe1ba8f
DeadKey    os 0x55  0xc5bf    = 0xe1ba9b	# LATIN SMALL LETTER LONG S WITH DOT ABOVE
#
DeadKey    os 0x55  '+'       = 0xe28894 	# DOT PLUS
DeadKey    os 0x55  '-'       = 0xe288b8	# DOT MINUS
#
DeadKey    os 0x55  0x1c      = 0xcc87	#  U+0307	COMBINING DOT ABOVE
DeadKey    os 0x55  0x0       = 0xcb99









