# Syllable operating system Kyrgyz Cyrillic keymap

Version    = 1

#InitialLocks = CapsLock NumLock ScrollLock
#InitialLocks = NumLock

# Qualifiers:
#   n = Normal
#   s = Shift
#   c = Control
#   C = Caps lock
#   o = Option
#
#   Key     n          s          c          o          os         C          Cs         Co        Cos

Key 0x00 = 0x0        0x0        0x0        0x0        0x0        0x0        0x0        0x0        0x0       
Key 0x01 = 0x1b       0x1b       0x1b       0x1b       0x1b       0x1b       0x1b       0x1b       0x1b      
Key 0x02 = 0x10       0x10       0x10       0x10       0x10       0x10       0x10       0x10       0x10      
Key 0x03 = 0x10       0x10       0x10       0x10       0x10       0x10       0x10       0x10       0x10      
Key 0x04 = 0x10       0x10       0x10       0x10       0x10       0x10       0x10       0x10       0x10      
Key 0x05 = 0x10       0x10       0x10       0x10       0x10       0x10       0x10       0x10       0x10      
Key 0x06 = 0x10       0x10       0x10       0x10       0x10       0x10       0x10       0x10       0x10      
Key 0x07 = 0x10       0x10       0x10       0x10       0x10       0x10       0x10       0x10       0x10      
Key 0x08 = 0x10       0x10       0x10       0x10       0x10       0x10       0x10       0x10       0x10      
Key 0x09 = 0x10       0x10       0x10       0x10       0x10       0x10       0x10       0x10       0x10      
Key 0x0a = 0x10       0x10       0x10       0x10       0x10       0x10       0x10       0x10       0x10      
Key 0x0b = 0x10       0x10       0x10       0x10       0x10       0x10       0x10       0x10       0x10      
Key 0x0c = 0x10       0x10       0x10       0x10       0x10       0x10       0x10       0x10       0x10      
Key 0x0d = 0x10       0x10       0x10       0x10       0x10       0x10       0x10       0x10       0x10      
Key 0x0e = 0x10       0x10       0x10       0x10       0x10       0x10       0x10       0x10       0x10      
Key 0x0f = 0x10       0x10       0x10       0x10       0x10       0x10       0x10       0x10       0x10      
Key 0x10 = 0x10       0x10       0x10       0x10       0x10       0x10       0x10       0x10       0x10      
#
Key 0x11 = 0xd191     0xd081     0x0        '~'        0x0        0xd081     0xd191     '~'        0x0       
Key 0x12 = '1'        '!'        0x0        '!'        0x0        '1'        '!'        '!'        0x0       
Key 0x13 = '2'        '"'        0x0        '@'        0x0        '2'        '"'        '@'        0x0       
Key 0x14 = '3'        0xe28496   0x0        '#'        0x0        '3'        0xe28496   '#'        0x0       
Key 0x15 = '4'        ';'        0x0        '$'        0xc2a2     '4'        ';'        '$'        0xc2a2    
Key 0x16 = '5'        '%'        0x0        0xe282ac   0xc2a2     '5'        '%'        0xe282ac   0xc2a2    
Key 0x17 = '6'        ':'        0x1e       '^'        0x0        '6'        ':'        '^'        0x0       
Key 0x18 = '7'        '?'        0x0        '&'        0x0        '7'        '?'        '&'        0x0       
Key 0x19 = '8'        '*'        0x0        0x0        0x0        '8'        '*'        0x0        0x0       
Key 0x1a = '9'        '('        0x0        0xc2ab     0xe2809e   '9'        '('        0xc2ab     0xe2809e  
Key 0x1b = '0'        ')'        0x0        0xc2bb     0xe2809c   '0'        ')'        0xc2bb     0xe2809c  
Key 0x1c = '-'        '_'        0x1f       0xe28093   0x0        '-'        '_'        0xe28093   0x0       
Key 0x1d = '='        '+'        0x0        0x0        0x0        '='        '+'        0x0        0x0       
#
Key 0x1e = 0x8        0x8        0x7f       0x8        0x8        0x8        0x8        0x8        0x8       
Key 0x1f = 0x5        0x5        0x5        0x5        0x5        0x5        0x5        0x5        0x5       
Key 0x20 = 0x1        0x1        0x1        0x1        0x1        0x1        0x1        0x1        0x1       
Key 0x21 = 0xb        0xb        0xb        0xb        0xb        0xb        0xb        0xb        0xb       
Key 0x22 = 0x0        0x0        0x0        0x0        0x0        0x0        0x0        0x0        0x0       
Key 0x23 = '/'        '/'        '/'        '/'        '/'        '/'        '/'        '/'        '/'       
Key 0x24 = '*'        '*'        '*'        '*'        '*'        '*'        '*'        '*'        '*'       
Key 0x25 = '-'        '-'        '-'        '-'        '-'        '-'        '-'        '-'        '-'       
Key 0x26 = 0x9        0x9        0x9        0x9        0x9        0x9        0x9        0x9        0x9       
#
Key 0x27 = 0xd0b9     0xd099     0x11       '@'        0x0        0xd099     0xd0b9     '@'        0x0       
Key 0x28 = 0xd186     0xd0a6     0x17       0x0        0x0        0xd0a6     0xd186     0x0        0x0       
Key 0x29 = 0xd183     0xd0a3     0x5        0xd2af     0xd2ae     0xd0a3     0xd183     0xd2ae     0xd2af    
Key 0x2a = 0xd0ba     0xd09a     0x12       0x0        0x0        0xd09a     0xd0ba     0x0        0x0       
Key 0x2b = 0xd0b5     0xd095     0x14       0x0        0x0        0xd095     0xd0b5     0x0        0x0       
Key 0x2c = 0xd0bd     0xd09d     0x19       0xd2a3     0xd2a2     0xd09d     0xd0bd     0xd2a2     0xd2a3    
Key 0x2d = 0xd0b3     0xd093     0x15       0x0        0x0        0xd093     0xd0b3     0x0        0x0       
Key 0x2e = 0xd188     0xd0a8     0x9        0x0        0x0        0xd0a8     0xd188     0x0        0x0       
Key 0x2f = 0xd189     0xd0a9     0xf        0x0        0x0        0xd0a9     0xd189     0x0        0x0       
Key 0x30 = 0xd0b7     0xd097     0x10       0x0        0x0        0xd097     0xd0b7     0x0        0x0       
Key 0x31 = 0xd185     0xd0a5     0x1b       '['        '{'        0xd0a5     0xd185     '['        '{'       
Key 0x32 = 0xd18a     0xd0aa     0x1d       ']'        '}'        0xd0aa     0xd18a     ']'        '}'       
#
Key 0x33 = '\'        '/'        0x1c       '|'        '|'     '\'        '/'        '|'        '|'    # caps insensitive, WinXP style
#Key 0x33 = '\'        '/'        0x1c       '|'        '|'     '/'        '\'        '|'        '|'    # caps sensitive, Win9x style
#
Key 0x34 = 0x7f       0x7f       0x7f       0x7f       0x7f       0x7f       0x7f       0x7f       0x7f      
Key 0x35 = 0x4        0x4        0x4        0x4        0x4        0x4        0x4        0x4        0x4       
Key 0x36 = 0xc        0xc        0xc        0xc        0xc        0xc        0xc        0xc        0xc       
Key 0x37 = 0x1        '7'        0x1        0x1        '7'        0x1        '7'        0x1        '7'       
Key 0x38 = 0x1e       '8'        0x1e       0x1e       '8'        0x1e       '8'        0x1e       '8'       
Key 0x39 = 0xb        '9'        0xb        0xb        '9'        0xb        '9'        0xb        '9'       
Key 0x3a = '+'        '+'        '+'        '+'        '+'        '+'        '+'        '+'        '+'       
Key 0x3b = 0x0        0x0        0x0        0x0        0x0        0x0        0x0        0x0        0x0       
#
Key 0x3c = 0xd184     0xd0a4     0x1        0x0        0x0        0xd0a4     0xd184     0x0        0x0       
Key 0x3d = 0xd18b     0xd0ab     0x13       0x0        0x0        0xd0ab     0xd18b     0x0        0x0       
Key 0x3e = 0xd0b2     0xd092     0x4        0x0        0x0        0xd092     0xd0b2     0x0        0x0       
Key 0x3f = 0xd0b0     0xd090     0x6        0x0        0x0        0xd090     0xd0b0     0x0        0x0       
Key 0x40 = 0xd0bf     0xd09f     0x7        0x0        0x0        0xd09f     0xd0bf     0x0        0x0       
Key 0x41 = 0xd180     0xd0a0     0x8        0x0        0x0        0xd0a0     0xd180     0x0        0x0       
Key 0x42 = 0xd0be     0xd09e     0xa        0xd3a9     0xd3a8     0xd09e     0xd0be     0xd3a8     0xd3a9    
Key 0x43 = 0xd0bb     0xd09b     0xb        0x0        0x0        0xd09b     0xd0bb     0x0        0x0       
Key 0x44 = 0xd0b4     0xd094     0xc        0x0        0x0        0xd094     0xd0b4     0x0        0x0       
Key 0x45 = 0xd0b6     0xd096     0x0        ';'        ':'        0xd096     0xd0b6     ';'        ':'       
Key 0x46 = 0xd18d     0xd0ad     0x0        '''        '"'        0xd0ad     0xd18d     '''        '"'       
#
Key 0x47 = 0xa        0xa        0xa        0xa        0xa        0xa        0xa        0xa        0xa       
Key 0x48 = 0x1c       '4'        0x1c       0x1c       '4'        0x1c       '4'        0x1c       '4'       
Key 0x49 = 0x0        '5'        0x0        0x0        '5'        0x0        '5'        0x0        '5'       
Key 0x4a = 0x1d       '6'        0x1d       0x1d       '6'        0x1d       '6'        0x1d       '6'       
Key 0x4b = 0x0        0x0        0x0        0x0        0x0        0x0        0x0        0x0        0x0       
#
Key 0x4c = 0xd18f     0xd0af     0x1a       0x0        0x0        0xd0af     0xd18f     0x0        0x0       
Key 0x4d = 0xd187     0xd0a7     0x18       0x0        0x0        0xd0a7     0xd187     0x0        0x0       
Key 0x4e = 0xd181     0xd0a1     0x3        0x0        0x0        0xd0a1     0xd181     0x0        0x0       
Key 0x4f = 0xd0bc     0xd09c     0x16       0x0        0x0        0xd09c     0xd0bc     0x0        0x0       
Key 0x50 = 0xd0b8     0xd098     0x2        0x0        0x0        0xd098     0xd0b8     0x0        0x0       
Key 0x51 = 0xd182     0xd0a2     0xe        0x0        0x0        0xd0a2     0xd182     0x0        0x0       
Key 0x52 = 0xd18c     0xd0ac     0xd        0x0        0x0        0xd0ac     0xd18c     0x0        0x0       
Key 0x53 = 0xd0b1     0xd091     0x0        ','        '<'        0xd091     0xd0b1     ','        '<'       
Key 0x54 = 0xd18e     0xd0ae     0x0        '.'        '>'        0xd0ae     0xd18e     '.'        '>'       
Key 0x55 = '.'        ','        0x0        '/'        '?'        '.'        ','        '/'        '?'       
#
Key 0x56 = 0x0        0x0        0x0        0x0        0x0        0x0        0x0        0x0        0x0       
Key 0x57 = 0x1e       0x1e       0x1e       0x1e       0x1e       0x1e       0x1e       0x1e       0x1e      
Key 0x58 = 0x4        '1'        0x4        0x4        '1'        0x4        '1'        0x4        '1'       
Key 0x59 = 0x1f       '2'        0x1f       0x1f       '2'        0x1f       '2'        0x1f       '2'       
Key 0x5a = 0xc        '3'        0xc        0xc        '3'        0xc        '3'        0xc        '3'       
Key 0x5b = 0xa        0xa        0xa        0xa        0xa        0xa        0xa        0xa        0xa       
Key 0x5c = 0x0        0x0        0x0        0x0        0x0        0x0        0x0        0x0        0x0       
Key 0x5d = 0x0        0x0        0x0        0x0        0x0        0x0        0x0        0x0        0x0       
#
Key 0x5e = 0x20       0x20       0x20       0xc2a0     0xc2a0     0x20       0x20       0xc2a0     0xc2a0    
#
Key 0x5f = 0x0        0x0        0x0        0x0        0x0        0x0        0x0        0x0        0x0       
Key 0x60 = 0x0        0x0        0x0        0x0        0x0        0x0        0x0        0x0        0x0       
Key 0x61 = 0x1c       0x1c       0x1c       0x1c       0x1c       0x1c       0x1c       0x1c       0x1c      
Key 0x62 = 0x1f       0x1f       0x1f       0x1f       0x1f       0x1f       0x1f       0x1f       0x1f      
Key 0x63 = 0x1d       0x1d       0x1d       0x1d       0x1d       0x1d       0x1d       0x1d       0x1d      
Key 0x64 = 0x5        '0'        0x5        0x5        '0'        0x5        '0'        0x5        '0'       
#
Key 0x65 = 0x7f       ','        0x7f       0x7f       ','        0x7f       ','        0x7f       ','       
#
Key 0x66 = 0x0        0x0        0x0        0x0        0x0        0x0        0x0        0x0        0x0       
Key 0x67 = 0x0        0x0        0x0        0x0        0x0        0x0        0x0        0x0        0x0       
Key 0x68 = 0x0        0x0        0x0        0x0        0x0        0x0        0x0        0x0        0x0       
#
Key 0x69 = '\'        '|'        0x1c       0x0        0x0        '\'        '|'        0x0        0x0       
Key 0x6a = 0x0        0x0        0x0        0x0        0x0        0x0        0x0        0x0        0x0       
Key 0x6b = 0x0        0x0        0x0        0x0        0x0        0x0        0x0        0x0        0x0       
Key 0x6c = 0x0        0x0        0x0        0x0        0x0        0x0        0x0        0x0        0x0       
Key 0x6d = 0x0        0x0        0x0        0x0        0x0        0x0        0x0        0x0        0x0       
Key 0x6e = 0x0        0x0        0x0        0x0        0x0        0x0        0x0        0x0        0x0       
Key 0x6f = 0x0        0x0        0x0        0x0        0x0        0x0        0x0        0x0        0x0       
Key 0x70 = 0x0        0x0        0x0        0x0        0x0        0x0        0x0        0x0        0x0       
Key 0x71 = 0x0        0x0        0x0        0x0        0x0        0x0        0x0        0x0        0x0       
Key 0x72 = 0x0        0x0        0x0        0x0        0x0        0x0        0x0        0x0        0x0       
Key 0x73 = 0x0        0x0        0x0        0x0        0x0        0x0        0x0        0x0        0x0       
Key 0x74 = 0x0        0x0        0x0        0x0        0x0        0x0        0x0        0x0        0x0       
Key 0x75 = 0x0        0x0        0x0        0x0        0x0        0x0        0x0        0x0        0x0       
Key 0x76 = 0x0        0x0        0x0        0x0        0x0        0x0        0x0        0x0        0x0       
Key 0x77 = 0x0        0x0        0x0        0x0        0x0        0x0        0x0        0x0        0x0       
Key 0x78 = 0x0        0x0        0x0        0x0        0x0        0x0        0x0        0x0        0x0       
Key 0x79 = 0x0        0x0        0x0        0x0        0x0        0x0        0x0        0x0        0x0       
Key 0x7a = 0x0        0x0        0x0        0x0        0x0        0x0        0x0        0x0        0x0       
Key 0x7b = 0x0        0x0        0x0        0x0        0x0        0x0        0x0        0x0        0x0       
Key 0x7c = 0x0        0x0        0x0        0x0        0x0        0x0        0x0        0x0        0x0       
Key 0x7d = 0x0        0x0        0x0        0x0        0x0        0x0        0x0        0x0        0x0       
Key 0x7e = 0x0        0x0        0x0        0x0        0x0        0x0        0x0        0x0        0x0       
Key 0x7f = 0x0        0x0        0x0        0x0        0x0        0x0        0x0        0x0        0x0       

# Dead keys:
# DeadKey <qualifiers> <rawkey> <second_key> = <result>
# qualifier is one of the qualifiers listed above (n, s, c, o, os)
# rawkey is the raw key code of the dead key
# second_key is the translated key code (unicode) of the key following the dead key
# result is the character to display when the key sequence is encountered
#
#       qual raw   second     = result

