# Syllable operating system Persian (Windows style) keymap

# preliminary implementation #

# Arab-Irainian numbers and punctuation marks on AltGr

Version    = 1


#InitialLocks = CapsLock NumLock ScrollLock
#InitialLocks = NumLock

# Qualifiers:
#   n = Normal
#   s = Shift
#   c = Control
#   C = Caps lock
#   o = Option
#
#   Key     n          s          c          o          os         C          Cs         Co        Cos        cs 

Key 0x00 = 0x0        0x0        0x0        0x0        0x0        0x0        0x0        0x0        0x0       
Key 0x01 = 0x1b       0x1b       0x1b       0x1b       0x1b       0x1b       0x1b       0x1b       0x1b      
Key 0x02 = 0x10       0x10       0x10       0x10       0x10       0x10       0x10       0x10       0x10      
Key 0x03 = 0x10       0x10       0x10       0x10       0x10       0x10       0x10       0x10       0x10      
Key 0x04 = 0x10       0x10       0x10       0x10       0x10       0x10       0x10       0x10       0x10      
Key 0x05 = 0x10       0x10       0x10       0x10       0x10       0x10       0x10       0x10       0x10      
Key 0x06 = 0x10       0x10       0x10       0x10       0x10       0x10       0x10       0x10       0x10      
Key 0x07 = 0x10       0x10       0x10       0x10       0x10       0x10       0x10       0x10       0x10      
Key 0x08 = 0x10       0x10       0x10       0x10       0x10       0x10       0x10       0x10       0x10      
Key 0x09 = 0x10       0x10       0x10       0x10       0x10       0x10       0x10       0x10       0x10      
Key 0x0a = 0x10       0x10       0x10       0x10       0x10       0x10       0x10       0x10       0x10      
Key 0x0b = 0x10       0x10       0x10       0x10       0x10       0x10       0x10       0x10       0x10      
Key 0x0c = 0x10       0x10       0x10       0x10       0x10       0x10       0x10       0x10       0x10      
Key 0x0d = 0x10       0x10       0x10       0x10       0x10       0x10       0x10       0x10       0x10      
Key 0x0e = 0x10       0x10       0x10       0x10       0x10       0x10       0x10       0x10       0x10      
Key 0x0f = 0x10       0x10       0x10       0x10       0x10       0x10       0x10       0x10       0x10      
Key 0x10 = 0x10       0x10       0x10       0x10       0x10       0x10       0x10       0x10       0x10      
#
Key 0x11 = 0xc3b7     0xc397     0x0        0x0        0x0        0xc3b7     0xc397     0x0        0x0       
Key 0x12 = '1'        '!'        0x0        0xdbb1     0x0        '1'        '!'        0xdbb1     0x0        0xe2808d  # Zero Width Joiner
Key 0x13 = '2'        '@'        0x0        0xdbb2     0x0        '2'        '@'        0xdbb2     0x0        0xe2808c  # Zero Width Non-Joiner
Key 0x14 = '3'        '#'        0x0        0xdbb3     0x0        '3'        '#'        0xdbb3     0x0        0xe2808e  # Left-to-Right Mark
Key 0x15 = '4'        '$'        0x0        0xdbb4     0x0        '4'        '$'        0xdbb4     0x0        0xe2808f  # Right-to-Left
Key 0x16 = '5'        '%'        0x0        0xdbb5     0xd9aa     '5'        '%'        0xdbb5     0xd9aa    
Key 0x17 = '6'        '^'        0x1e       0xdbb6     0x0        '6'        '^'        0xdbb6     0x0       
Key 0x18 = '7'        '&'        0x0        0xdbb7     0x0        '7'        '&'        0xdbb7     0x0       
Key 0x19 = '8'        '*'        0x0        0xdbb8     0xd9ad     '8'        '*'        0xdbb8     0xd9ad    
Key 0x1a = '9'        ')'        0x0        0xdbb9     0x0        '9'        ')'        0xdbb9     0x0       
Key 0x1b = '0'        '('        0x0        0xdbb0     0x0        '0'        '('        0xdbb0     0x0       
Key 0x1c = '-'        '_'        0x1f       0x0        0xd980     '-'        '_'        0x0        0xd980    
Key 0x1d = '='        '+'        0x0        0x0        0x0        '='        '+'        0x0        0x0       
#
Key 0x1e = 0x8        0x8        0x7f       0x8        0x8        0x8        0x8        0x8        0x8       
Key 0x1f = 0x5        0x5        0x5        0x5        0x5        0x5        0x5        0x5        0x5       
Key 0x20 = 0x1        0x1        0x1        0x1        0x1        0x1        0x1        0x1        0x1       
Key 0x21 = 0xb        0xb        0xb        0xb        0xb        0xb        0xb        0xb        0xb       
Key 0x22 = 0x0        0x0        0x0        0x0        0x0        0x0        0x0        0x0        0x0       
Key 0x23 = '/'        '/'        '/'        '/'        '/'        '/'        '/'        '/'        '/'       
Key 0x24 = '*'        '*'        '*'        0xd9ad     0xd9ad     '*'        '*'        0xd9ad     0xd9ad    
Key 0x25 = '-'        '-'        '-'        '-'        '-'        '-'        '-'        '-'        '-'       
Key 0x26 = 0x9        0x9        0x9        0x9        0x9        0x9        0x9        0x9        0x9       
#
Key 0x27 = 0xd8b6     0xd98b     0x11       0x0        0x0        0xd8b6     0xd98b     0x0        0x0       
Key 0x28 = 0xd8b5     0xd98c     0x17       0x0        0x0        0xd8b5     0xd98c     0x0        0x0       
Key 0x29 = 0xd8ab     0xd98d     0x5        0x0        0x0        0xd8ab     0xd98d     0x0        0x0       
Key 0x2a = 0xd982     0xd8b1     0x12       0x0        0x0        0xd982     0xd8b1     0x0        0x0       
Key 0x2b = 0xd981     0xd88c     0x14       0x0        0x0        0xd981     0xd88c     0x0        0x0       
Key 0x2c = 0xd8ba     0xd89b     0x19       0x0        0x0        0xd8ba     0xd89b     0x0        0x0       
Key 0x2d = 0xd8b9     ','        0x15       0x0        0x0        0xd8b9     ','        0x0        0x0       
Key 0x2e = 0xd987     ']'        0x9        0x0        0x0        0xd987     ']'        0x0        0x0       
Key 0x2f = 0xd8ae     '['        0xf        0x0        0x0        0xd8ae     '['        0x0        0x0       
Key 0x30 = 0xd8ad     '\'        0x10       0x0        0x0        0xd8ad     '\'        0x0        0x0       
Key 0x31 = 0xd8ac     '}'        0x1b       0x0        0x0        0xd8ac     '}'        0x0        0x0       
Key 0x32 = 0xda86     '{'        0x1d       0x0        0x0        0xda86     '{'        0x0        0x0       
#
Key 0x33 = 0xd9be     '|'        0x1c       0x0        0x0        0xd9be     '|'        0x0        0x0       
#
Key 0x34 = 0x7f       0x7f       0x7f       0x7f       0x7f       0x7f       0x7f       0x7f       0x7f      
Key 0x35 = 0x4        0x4        0x4        0x4        0x4        0x4        0x4        0x4        0x4       
Key 0x36 = 0xc        0xc        0xc        0xc        0xc        0xc        0xc        0xc        0xc       
Key 0x37 = 0x1        '7'        0x1        0x1        0xdbb7     0x1        '7'        0x1        0xdbb7    
Key 0x38 = 0x1e       '8'        0x1e       0x1e       0xdbb8     0x1e       '8'        0x1e       0xdbb8    
Key 0x39 = 0xb        '9'        0xb        0xb        0xdbb9     0xb        '9'        0xb        0xdbb9    
Key 0x3a = '+'        '+'        '+'        '+'        '+'        '+'        '+'        '+'        '+'       
Key 0x3b = 0x0        0x0        0x0        0x0        0x0        0x0        0x0        0x0        0x0       
#
Key 0x3c = 0xd8b4     0xd98e     0x1        0x0        0x0        0xd8b4     0xd98e     0x0        0x0       
Key 0x3d = 0xd8b3     0xd98f     0x13       0x0        0x0        0xd8b3     0xd98f     0x0        0x0       
Key 0x3e = 0xdb8c     0xd990     0x4        0x0        0x0        0xdb8c     0xd990     0x0        0x0       
Key 0x3f = 0xd8a8     0xd991     0x6        0x0        0x0        0xd8a8     0xd991     0x0        0x0       
Key 0x40 = 0xd984     0xdb80     0x7        0x0        0x0        0xd984     0xdb80     0x0        0x0       
Key 0x41 = 0xd8a7     0xd8a2     0x8        0x0        0x0        0xd8a7     0xd8a2     0x0        0x0       
Key 0x42 = 0xd8aa     0xd980     0xa        0x0        0x0        0xd8aa     0xd980     0x0        0x0       
Key 0x43 = 0xd986     0xc2ab     0xb        0x0        0x0        0xd986     0xc2ab     0x0        0x0       
Key 0x44 = 0xd985     0xc2bb     0xc        0x0        0x0        0xd985     0xc2bb     0x0        0x0       
Key 0x45 = 0xdaa9     ':'        0x0        0x0        0x0        0xdaa9     ':'        0x0        0x0       
Key 0x46 = 0xdaaf     '"'        0x0        0x0        0x0        0xdaaf     '"'        0x0        0x0       
#
Key 0x47 = 0xa        0xa        0xa        0xa        0xa        0xa        0xa        0xa        0xa       
Key 0x48 = 0x1c       '4'        0x1c       0x1c       0xdbb4     0x1c       '4'        0x1c       0xdbb4    
Key 0x49 = 0x0        '5'        0x0        0x0        0xdbb5     0x0        '5'        0x0        0xdbb5    
Key 0x4a = 0x1d       '6'        0x1d       0x1d       0xdbb6     0x1d       '6'        0x1d       0xdbb6    
Key 0x4b = 0x0        0x0        0x0        0x0        0x0        0x0        0x0        0x0        0x0       
#
Key 0x4c = 0xd8b8     0xd8a9     0x1a       0x0        0x0        0xd8b8     0xd8a9     0x0        0x0       
Key 0x4d = 0xd8b7     0xd98a     0x18       0x0        0x0        0xd8b7     0xd98a     0x0        0x0       
Key 0x4e = 0xd8b2     0xda98     0x3        0x0        0x0        0xd8b2     0xda98     0x0        0x0       
Key 0x4f = 0xd8b1     0xd8a4     0x16       0x0        0x0        0xd8b1     0xd8a4     0x0        0x0       
Key 0x50 = 0xd8b0     0xd8a5     0x2        0x0        0x0        0xd8b0     0xd8a5     0x0        0x0       
Key 0x51 = 0xd8af     0xd8a3     0xe        0x0        0x0        0xd8af     0xd8a3     0x0        0x0       
Key 0x52 = 0xd8a6     0xd8a1     0xd        0x0        0x0        0xd8a6     0xd8a1     0x0        0x0       
Key 0x53 = 0xd988     '<'        0x0        0x0        0x0        0xd988     '<'        0x0        0x0       
Key 0x54 = '.'        '>'        0x0        0x0        0x0        '.'        '>'        0x0        0x0       
Key 0x55 = '/'        0xd89f     0x0        0x0        0x0        '/'        0xd89f     0x0        0x0       
#
Key 0x56 = 0x0        0x0        0x0        0x0        0x0        0x0        0x0        0x0        0x0       
Key 0x57 = 0x1e       0x1e       0x1e       0x1e       0x1e       0x1e       0x1e       0x1e       0x1e      
Key 0x58 = 0x4        '1'        0x4        0x4        0xdbb1     0x4        '1'        0x4        0xdbb1    
Key 0x59 = 0x1f       '2'        0x1f       0x1f       0xdbb2     0x1f       '2'        0x1f       0xdbb2    
Key 0x5a = 0xc        '3'        0xc        0xc        0xdbb3     0xc        '3'        0xc        0xdbb3    
Key 0x5b = 0xa        0xa        0xa        0xa        0xa        0xa        0xa        0xa        0xa       
Key 0x5c = 0x0        0x0        0x0        0x0        0x0        0x0        0x0        0x0        0x0       
Key 0x5d = 0x0        0x0        0x0        0x0        0x0        0x0        0x0        0x0        0x0       
#
#Key 0x5e = 0x20       0xe2808c   0x20       0xc2a0     0xc2a0     0x20       0xe2808c   0xc2a0     0xc2a0    # Zero Width Non-Joiner with shift
Key 0x5e = 0x20       0x20       0x20       0xc2a0     0xc2a0     0x20       0x20       0xc2a0     0xc2a0    
#
Key 0x5f = 0x0        0x0        0x0        0x0        0x0        0x0        0x0        0x0        0x0       
Key 0x60 = 0x0        0x0        0x0        0x0        0x0        0x0        0x0        0x0        0x0       
Key 0x61 = 0x1c       0x1c       0x1c       0x1c       0x1c       0x1c       0x1c       0x1c       0x1c      
Key 0x62 = 0x1f       0x1f       0x1f       0x1f       0x1f       0x1f       0x1f       0x1f       0x1f      
Key 0x63 = 0x1d       0x1d       0x1d       0x1d       0x1d       0x1d       0x1d       0x1d       0x1d      
Key 0x64 = 0x5        '0'        0x5        0x5        0xdbb0     0x5        '0'        0x5        0xdbb0    
#
#Key 0x65 = 0x7f       0xd9ab     0x7f       0x7f       ','        0x7f       0xd9ab     0x7f       ',' # arabic decimal separator w/ comma on altgr
Key 0x65 = 0x7f       ','        0x7f       0x7f       0xd9ab     0x7f       ','        0x7f       0xd9ab # comma with arabic d.s. on altgr
#
#Key 0x65 = 0x7f       '.'        0x7f       0x7f       '.'        0x7f       '.'        0x7f       '.'      # dot
#
Key 0x66 = 0x0        0x0        0x0        0x0        0x0        0x0        0x0        0x0        0x0       
Key 0x67 = 0x0        0x0        0x0        0x0        0x0        0x0        0x0        0x0        0x0       
Key 0x68 = 0x0        0x0        0x0        0x0        0x0        0x0        0x0        0x0        0x0       
Key 0x69 = 0x0        0x0        0x0        0x0        0x0        0x0        0x0        0x0        0x0       
Key 0x6a = 0x0        0x0        0x0        0x0        0x0        0x0        0x0        0x0        0x0       
Key 0x6b = 0x0        0x0        0x0        0x0        0x0        0x0        0x0        0x0        0x0       
Key 0x6c = 0x0        0x0        0x0        0x0        0x0        0x0        0x0        0x0        0x0       
Key 0x6d = 0x0        0x0        0x0        0x0        0x0        0x0        0x0        0x0        0x0       
Key 0x6e = 0x0        0x0        0x0        0x0        0x0        0x0        0x0        0x0        0x0       
Key 0x6f = 0x0        0x0        0x0        0x0        0x0        0x0        0x0        0x0        0x0       
Key 0x70 = 0x0        0x0        0x0        0x0        0x0        0x0        0x0        0x0        0x0       
Key 0x71 = 0x0        0x0        0x0        0x0        0x0        0x0        0x0        0x0        0x0       
Key 0x72 = 0x0        0x0        0x0        0x0        0x0        0x0        0x0        0x0        0x0       
Key 0x73 = 0x0        0x0        0x0        0x0        0x0        0x0        0x0        0x0        0x0       
Key 0x74 = 0x0        0x0        0x0        0x0        0x0        0x0        0x0        0x0        0x0       
Key 0x75 = 0x0        0x0        0x0        0x0        0x0        0x0        0x0        0x0        0x0       
Key 0x76 = 0x0        0x0        0x0        0x0        0x0        0x0        0x0        0x0        0x0       
Key 0x77 = 0x0        0x0        0x0        0x0        0x0        0x0        0x0        0x0        0x0       
Key 0x78 = 0x0        0x0        0x0        0x0        0x0        0x0        0x0        0x0        0x0       
Key 0x79 = 0x0        0x0        0x0        0x0        0x0        0x0        0x0        0x0        0x0       
Key 0x7a = 0x0        0x0        0x0        0x0        0x0        0x0        0x0        0x0        0x0       
Key 0x7b = 0x0        0x0        0x0        0x0        0x0        0x0        0x0        0x0        0x0       
Key 0x7c = 0x0        0x0        0x0        0x0        0x0        0x0        0x0        0x0        0x0       
Key 0x7d = 0x0        0x0        0x0        0x0        0x0        0x0        0x0        0x0        0x0       
Key 0x7e = 0x0        0x0        0x0        0x0        0x0        0x0        0x0        0x0        0x0       
Key 0x7f = 0x0        0x0        0x0        0x0        0x0        0x0        0x0        0x0        0x0       

# Dead keys:
# DeadKey <qualifiers> <rawkey> <second_key> = <result>
# qualifier is one of the qualifiers listed above (n, s, c, o, os)
# rawkey is the raw key code of the dead key
# second_key is the translated key code (unicode) of the key following the dead key
# result is the character to display when the key sequence is encountered
#
#       qual raw   second     = result

