# Syllable operating system Serbian Latin keymap

Version    = 2

#InitialLocks = CapsLock NumLock ScrollLock
#InitialLocks = NumLock

# Qualifiers:
#   n = Normal
#   s = Shift
#   c = Control
#   C = Caps lock
#   o = Option
#
#   Key     n          s          c          o          os         C          Cs         Co        Cos

Key 0x00 = 0x0        0x0        0x0        0x0        0x0        0x0        0x0        0x0        0x0       
Key 0x01 = 0x1b       0x1b       0x1b       0x1b       0x1b       0x1b       0x1b       0x1b       0x1b      
Key 0x02 = 0x10       0x10       0x10       0x10       0x10       0x10       0x10       0x10       0x10      
Key 0x03 = 0x10       0x10       0x10       0x10       0x10       0x10       0x10       0x10       0x10      
Key 0x04 = 0x10       0x10       0x10       0x10       0x10       0x10       0x10       0x10       0x10      
Key 0x05 = 0x10       0x10       0x10       0x10       0x10       0x10       0x10       0x10       0x10      
Key 0x06 = 0x10       0x10       0x10       0x10       0x10       0x10       0x10       0x10       0x10      
Key 0x07 = 0x10       0x10       0x10       0x10       0x10       0x10       0x10       0x10       0x10      
Key 0x08 = 0x10       0x10       0x10       0x10       0x10       0x10       0x10       0x10       0x10      
Key 0x09 = 0x10       0x10       0x10       0x10       0x10       0x10       0x10       0x10       0x10      
Key 0x0a = 0x10       0x10       0x10       0x10       0x10       0x10       0x10       0x10       0x10      
Key 0x0b = 0x10       0x10       0x10       0x10       0x10       0x10       0x10       0x10       0x10      
Key 0x0c = 0x10       0x10       0x10       0x10       0x10       0x10       0x10       0x10       0x10      
Key 0x0d = 0x10       0x10       0x10       0x10       0x10       0x10       0x10       0x10       0x10      
Key 0x0e = 0x10       0x10       0x10       0x10       0x10       0x10       0x10       0x10       0x10      
Key 0x0f = 0x10       0x10       0x10       0x10       0x10       0x10       0x10       0x10       0x10      
Key 0x10 = 0x10       0x10       0x10       0x10       0x10       0x10       0x10       0x10       0x10      
#
#Key 0x11 = DEADKEY    DEADKEY    0x0        0x0        0x0        DEADKEY    DEADKEY    0x0        0x0       # Croatian
Key 0x11 = DEADKEY    '~'        0x0        0x0        0x0        DEADKEY    '~'        0x0        0x0       # Serbian
Key 0x12 = '1'        '!'        0x0        DEADKEY    0x0        '1'        '!'        DEADKEY    0x0       
Key 0x13 = '2'        '"'        0x0        DEADKEY    0x0        '2'        '"'        DEADKEY    0x0       
Key 0x14 = '3'        '#'        0x1e       DEADKEY    0xe28496   '3'        '#'        DEADKEY    0xe28496  
Key 0x15 = '4'        '$'        0x0        DEADKEY    0x0        '4'        '$'        DEADKEY    0x0       
Key 0x16 = '5'        '%'        0x0        DEADKEY    0x0        '5'        '%'        DEADKEY    0x0       
Key 0x17 = '6'        '&'        0x0        DEADKEY    0x0        '6'        '&'        DEADKEY    0x0       
Key 0x18 = '7'        '/'        0x0        DEADKEY    0x0        '7'        '/'        DEADKEY    0x0       
Key 0x19 = '8'        '('        0x0        DEADKEY    0x0        '8'        '('        DEADKEY    0x0       
Key 0x1a = '9'        ')'        0x0        DEADKEY    0x0        '9'        ')'        DEADKEY    0x0       
Key 0x1b = '0'        '='        0x0        DEADKEY    0x0        '0'        '='        DEADKEY    0x0       
Key 0x1c = '''        '?'        0x0        DEADKEY    0x0        '''        '?'        DEADKEY    0x0       
Key 0x1d = '+'        '*'        0x0        DEADKEY    0x0        '+'        '*'        DEADKEY    0x0       
#
Key 0x1e = 0x8        0x8        0x7f       0x8        0x8        0x8        0x8        0x8        0x8       
Key 0x1f = 0x5        0x5        0x5        0x5        0x5        0x5        0x5        0x5        0x5       
Key 0x20 = 0x1        0x1        0x1        0x1        0x1        0x1        0x1        0x1        0x1       
Key 0x21 = 0xb        0xb        0xb        0xb        0xb        0xb        0xb        0xb        0xb       
Key 0x22 = 0x0        0x0        0x0        0x0        0x0        0x0        0x0        0x0        0x0       
Key 0x23 = '/'        '/'        '/'        '/'        '/'        '/'        '/'        '/'        '/'       
Key 0x24 = '*'        '*'        '*'        '*'        '*'        '*'        '*'        '*'        '*'       
Key 0x25 = '-'        '-'        '-'        '-'        '-'        '-'        '-'        '-'        '-'       
Key 0x26 = 0x9        0x9        0x9        0x9        0x9        0x9        0x9        0x9        0x9       
#
Key 0x27 = 'q'        'Q'        0x11       '\'        0x0        'Q'        'q'        '\'        0x0       
Key 0x28 = 'w'        'W'        0x17       '|'        0x0        'W'        'w'        '|'        0x0       
Key 0x29 = 'e'        'E'        0x5        0xe282ac   0xc2a2     'E'        'e'        0xe282ac   0xc2a2    
Key 0x2a = 'r'        'R'        0x12       0x0        0x0        'R'        'r'        0x0        0x0       
Key 0x2b = 't'        'T'        0x14       0x0        0x0        'T'        't'        0x0        0x0       
Key 0x2c = 'z'        'Z'        0x1a       0x0        0x0        'Z'        'z'        0x0        0x0       
Key 0x2d = 'u'        'U'        0x15       0x0        0x0        'U'        'u'        0x0        0x0       
Key 0x2e = 'i'        'I'        0x9        0x0        0x0        'I'        'i'        0x0        0x0       
Key 0x2f = 'o'        'O'        0xf        0x0        0x0        'O'        'o'        0x0        0x0       
Key 0x30 = 'p'        'P'        0x10       0x0        0x0        'P'        'p'        0x0        0x0       
Key 0x31 = 0xc5a1     0xc5a0     0x0        0xc3b7     0x0        0xc5a0     0xc5a1     0xc3b7     0x0       
Key 0x32 = 0xc491     0xc490     0x0        0xc397     0x0        0xc490     0xc491     0xc397     0x0       
#
Key 0x33 = 0xc5be     0xc5bd     0x0        0xc2a4     0x0        0xc5bd     0xc5be     0xc2a4     0x0       
#
Key 0x34 = 0x7f       0x7f       0x7f       0x7f       0x7f       0x7f       0x7f       0x7f       0x7f      
Key 0x35 = 0x4        0x4        0x4        0x4        0x4        0x4        0x4        0x4        0x4       
Key 0x36 = 0xc        0xc        0xc        0xc        0xc        0xc        0xc        0xc        0xc       
Key 0x37 = 0x1        '7'        0x1        0x1        '7'        0x1        '7'        0x1        '7'       
Key 0x38 = 0x1e       '8'        0x1e       0x1e       '8'        0x1e       '8'        0x1e       '8'       
Key 0x39 = 0xb        '9'        0xb        0xb        '9'        0xb        '9'        0xb        '9'       
Key 0x3a = '+'        '+'        '+'        '+'        '+'        '+'        '+'        '+'        '+'       
Key 0x3b = 0x0        0x0        0x0        0x0        0x0        0x0        0x0        0x0        0x0       
#
Key 0x3c = 'a'        'A'        0x1        0x0        0x0        'A'        'a'        0x0        0x0       
Key 0x3d = 's'        'S'        0x13       0x0        0x0        'S'        's'        0x0        0x0       
Key 0x3e = 'd'        'D'        0x4        0x0        0x0        'D'        'd'        0x0        0x0       
Key 0x3f = 'f'        'F'        0x6        '['        0x0        'F'        'f'        '['        0x0       
Key 0x40 = 'g'        'G'        0x7        ']'        0x0        'G'        'g'        ']'        0x0       
Key 0x41 = 'h'        'H'        0x8        0x0        0x0        'H'        'h'        0x0        0x0       
Key 0x42 = 'j'        'J'        0xa        0x0        0x0        'J'        'j'        0x0        0x0       
Key 0x43 = 'k'        'K'        0xb        0xc582     0x0        'K'        'k'        0xc582     0x0       
Key 0x44 = 'l'        'L'        0xc        0xc581     0x0        'L'        'l'        0xc581     0x0       
Key 0x45 = 0xc48d     0xc48c     0x0        0x0        0x0        0xc48c     0xc48d     0x0        0x0       
Key 0x46 = 0xc487     0xc486     0x0        0xc39f     0x0        0xc486     0xc487     0xc39f     0x0       
#
Key 0x47 = 0xa        0xa        0xa        0xa        0xa        0xa        0xa        0xa        0xa       
Key 0x48 = 0x1c       '4'        0x1c       0x1c       '4'        0x1c       '4'        0x1c       '4'       
Key 0x49 = 0x0        '5'        0x0        0x0        '5'        0x0        '5'        0x0        '5'       
Key 0x4a = 0x1d       '6'        0x1d       0x1d       '6'        0x1d       '6'        0x1d       '6'       
Key 0x4b = 0x0        0x0        0x0        0x0        0x0        0x0        0x0        0x0        0x0       
#
Key 0x4c = 'y'        'Y'        0x19       0x0        0x0        'Y'        'y'        0x0        0x0       
Key 0x4d = 'x'        'X'        0x18       0x0        0x0        'X'        'x'        0x0        0x0       
Key 0x4e = 'c'        'C'        0x3        0x0        0x0        'C'        'c'        0x0        0x0       
Key 0x4f = 'v'        'V'        0x16       '@'        0x0        'V'        'v'        '@'        0x0       
Key 0x50 = 'b'        'B'        0x2        '{'        0x0        'B'        'b'        '{'        0x0       
Key 0x51 = 'n'        'N'        0xe        '}'        0x0        'N'        'n'        '}'        0x0       
Key 0x52 = 'm'        'M'        0xd        0xc2a7     0x0        'M'        'm'        0xc2a7     0x0       
Key 0x53 = ','        ';'        0x0        '<'        0x0        ','        ';'        '<'        0x0       
Key 0x54 = '.'        ':'        0x0        '>'        0x0        '.'        ':'        '>'        0x0       
Key 0x55 = '-'        '_'        0x1f       0x0        0x0        '-'        '_'        0x0        0x0       
#
Key 0x56 = 0x0        0x0        0x0        0x0        0x0        0x0        0x0        0x0        0x0       
Key 0x57 = 0x1e       0x1e       0x1e       0x1e       0x1e       0x1e       0x1e       0x1e       0x1e      
Key 0x58 = 0x4        '1'        0x4        0x4        '1'        0x4        '1'        0x4        '1'       
Key 0x59 = 0x1f       '2'        0x1f       0x1f       '2'        0x1f       '2'        0x1f       '2'       
Key 0x5a = 0xc        '3'        0xc        0xc        '3'        0xc        '3'        0xc        '3'       
Key 0x5b = 0xa        0xa        0xa        0xa        0xa        0xa        0xa        0xa        0xa       
Key 0x5c = 0x0        0x0        0x0        0x0        0x0        0x0        0x0        0x0        0x0       
Key 0x5d = 0x0        0x0        0x0        0x0        0x0        0x0        0x0        0x0        0x0       
#
Key 0x5e = 0x20       0x20       0x20       0xc2a0     0xc2a0     0x20       0x20       0xc2a0     0xc2a0    
#
Key 0x5f = 0x0        0x0        0x0        0x0        0x0        0x0        0x0        0x0        0x0       
Key 0x60 = 0x0        0x0        0x0        0x0        0x0        0x0        0x0        0x0        0x0       
Key 0x61 = 0x1c       0x1c       0x1c       0x1c       0x1c       0x1c       0x1c       0x1c       0x1c      
Key 0x62 = 0x1f       0x1f       0x1f       0x1f       0x1f       0x1f       0x1f       0x1f       0x1f      
Key 0x63 = 0x1d       0x1d       0x1d       0x1d       0x1d       0x1d       0x1d       0x1d       0x1d      
Key 0x64 = 0x5        '0'        0x5        0x5        '0'        0x5        '0'        0x5        '0'       
#
Key 0x65 = 0x7f       ','        0x7f       0x7f       ','        0x7f       ','        0x7f       ','       
#
Key 0x66 = 0x0        0x0        0x0        0x0        0x0        0x0        0x0        0x0        0x0       
Key 0x67 = 0x0        0x0        0x0        0x0        0x0        0x0        0x0        0x0        0x0       
Key 0x68 = 0x0        0x0        0x0        0x0        0x0        0x0        0x0        0x0        0x0       
#
Key 0x69 = '<'        '>'        0x0        0xc2ab     0xc2bb     '<'        '>'        0xc2ab     0xc2bb    
Key 0x6a = 0x0        0x0        0x0        0x0        0x0        0x0        0x0        0x0        0x0       
Key 0x6b = 0x0        0x0        0x0        0x0        0x0        0x0        0x0        0x0        0x0       
#
Key 0x6c = 0x0        0x0        0x0        0x0        0x0        0x0        0x0        0x0        0x0       
Key 0x6d = 0x0        0x0        0x0        0x0        0x0        0x0        0x0        0x0        0x0       
Key 0x6e = 0x0        0x0        0x0        0x0        0x0        0x0        0x0        0x0        0x0       
Key 0x6f = 0x0        0x0        0x0        0x0        0x0        0x0        0x0        0x0        0x0       
Key 0x70 = 0x0        0x0        0x0        0x0        0x0        0x0        0x0        0x0        0x0       
Key 0x71 = 0x0        0x0        0x0        0x0        0x0        0x0        0x0        0x0        0x0       
Key 0x72 = 0x0        0x0        0x0        0x0        0x0        0x0        0x0        0x0        0x0       
Key 0x73 = 0x0        0x0        0x0        0x0        0x0        0x0        0x0        0x0        0x0       
Key 0x74 = 0x0        0x0        0x0        0x0        0x0        0x0        0x0        0x0        0x0       
Key 0x75 = 0x0        0x0        0x0        0x0        0x0        0x0        0x0        0x0        0x0       
Key 0x76 = 0x0        0x0        0x0        0x0        0x0        0x0        0x0        0x0        0x0       
Key 0x77 = 0x0        0x0        0x0        0x0        0x0        0x0        0x0        0x0        0x0       
Key 0x78 = 0x0        0x0        0x0        0x0        0x0        0x0        0x0        0x0        0x0       
Key 0x79 = 0x0        0x0        0x0        0x0        0x0        0x0        0x0        0x0        0x0       
Key 0x7a = 0x0        0x0        0x0        0x0        0x0        0x0        0x0        0x0        0x0       
Key 0x7b = 0x0        0x0        0x0        0x0        0x0        0x0        0x0        0x0        0x0       
Key 0x7c = 0x0        0x0        0x0        0x0        0x0        0x0        0x0        0x0        0x0       
Key 0x7d = 0x0        0x0        0x0        0x0        0x0        0x0        0x0        0x0        0x0       
Key 0x7e = 0x0        0x0        0x0        0x0        0x0        0x0        0x0        0x0        0x0       
Key 0x7f = 0x0        0x0        0x0        0x0        0x0        0x0        0x0        0x0        0x0       

# Dead keys:
# DeadKey <qualifiers> <rawkey> <second_key> = <result>
# qualifier is one of the qualifiers listed above (n, s, c, o, os)
# rawkey is the raw key code of the dead key
# second_key is the translated key code (unicode) of the key following the dead key
# result is the character to display when the key sequence is encountered
#
#       qual raw   second     = result

# Tilde accent; ~
DeadKey    o 0x12  'a'       = 0xc3a3    
DeadKey    o 0x12  'o'       = 0xc3b5    
DeadKey    o 0x12  'n'       = 0xc3b1    
DeadKey    o 0x12  'A'       = 0xc383    
DeadKey    o 0x12  'E'       = 0xe1babc
DeadKey    o 0x12  'e'       = 0xe1babd
DeadKey    o 0x12  'O'       = 0xc395    
DeadKey    o 0x12  'N'       = 0xc391    
DeadKey    o 0x12  'I'       = 0xc4a8    
DeadKey    o 0x12  'i'       = 0xc4a9    
DeadKey    o 0x12  'U'       = 0xc5a8    
DeadKey    o 0x12  'u'       = 0xc5a9    
DeadKey    o 0x12  'V'       = 0xe1b9bc
DeadKey    o 0x12  'v'       = 0xe1b9bd	
DeadKey    o 0x12  'Y'       = 0xe1bbb8 
DeadKey    o 0x12  'y'       = 0xe1bbb9
DeadKey    o 0x12  '-'       = 0xe28982 # MINUS TILDE
DeadKey    o 0x12  '='       = 0xe28b8d # REVERSED TILDE EQUALS
DeadKey    o 0x12  0x0       = '~'
#
# Caron accent; ˇ (sharp downward point)
DeadKey    o 0x13  'C'       = 0xc48c
DeadKey    o 0x13  'c'       = 0xc48d
DeadKey    o 0x13  'D'       = 0xc48e
DeadKey    o 0x13  'd'       = 0xc48f
DeadKey    o 0x13  'E'       = 0xc49a
DeadKey    o 0x13  'e'       = 0xc49b
DeadKey    o 0x13  'L'       = 0xc4bd
DeadKey    o 0x13  'l'       = 0xc4be
DeadKey    o 0x13  'N'       = 0xc587
DeadKey    o 0x13  'n'       = 0xc588
DeadKey    o 0x13  'R'       = 0xc598
DeadKey    o 0x13  'r'       = 0xc599
DeadKey    o 0x13  'S'       = 0xc5a0
DeadKey    o 0x13  's'       = 0xc5a1
DeadKey    o 0x13  'T'       = 0xc5a4
DeadKey    o 0x13  't'       = 0xc5a5
DeadKey    o 0x13  'Z'       = 0xc5bd
DeadKey    o 0x13  'z'       = 0xc5be
DeadKey    o 0x13  0xc7b1    = 0xc784 # Capital DZ
DeadKey    o 0x13  0xc7b2    = 0xc785 # LATIN CAPITAL LETTER D WITH SMALL LETTER Z
DeadKey    o 0x13  0xc7b3    = 0xc786 # Small Dz
DeadKey    o 0x13  'A'       = 0xc78d
DeadKey    o 0x13  'a'       = 0xc78e
DeadKey    o 0x13  'I'       = 0xc78f
DeadKey    o 0x13  'i'       = 0xc790
DeadKey    o 0x13  'O'       = 0xc791
DeadKey    o 0x13  'o'       = 0xc792
DeadKey    o 0x13  'U'       = 0xc793
DeadKey    o 0x13  'u'       = 0xc794
DeadKey    o 0x13  'G'       = 0xc7a6
DeadKey    o 0x13  'g'       = 0xc7a7
DeadKey    o 0x13  'K'       = 0xc7a8
DeadKey    o 0x13  'k'       = 0xc7a9
DeadKey    o 0x13  'j'       = 0xc7b0
DeadKey    o 0x13  'H'       = 0xc89e
DeadKey    o 0x13  'h'       = 0xc89f
DeadKey    o 0x13  0x0       = 0xcb87
#
# Circumflextual accents; ^ key
DeadKey    o 0x14  'a'       = 0xc3a2    
DeadKey    o 0x14  'e'       = 0xc3aa    
DeadKey    o 0x14  'i'       = 0xc3ae    
DeadKey    o 0x14  'o'       = 0xc3b4    
DeadKey    o 0x14  'u'       = 0xc3bb    
DeadKey    o 0x14  'A'       = 0xc382    
DeadKey    o 0x14  'E'       = 0xc38a    
DeadKey    o 0x14  'I'       = 0xc38e    
DeadKey    o 0x14  'O'       = 0xc394    
DeadKey    o 0x14  'U'       = 0xc39b    
DeadKey    o 0x14  'C'       = 0xc488    
DeadKey    o 0x14  'c'       = 0xc489    
DeadKey    o 0x14  'G'       = 0xc49c    
DeadKey    o 0x14  'g'       = 0xc49d    
DeadKey    o 0x14  'H'       = 0xc4a4    
DeadKey    o 0x14  'h'       = 0xc4a5    
DeadKey    o 0x14  'J'       = 0xc4b4    
DeadKey    o 0x14  'j'       = 0xc4b5    
DeadKey    o 0x14  'S'       = 0xc59c    
DeadKey    o 0x14  's'       = 0xc59d    
DeadKey    o 0x14  'W'       = 0xc5b4    
DeadKey    o 0x14  'w'       = 0xc5b5    
DeadKey    o 0x14  'Y'       = 0xc5b6    
DeadKey    o 0x14  'y'       = 0xc5b7    
DeadKey    o 0x14  'Z'       = 0xe1ba90 
DeadKey    o 0x14  'z'       = 0xe1ba91 
DeadKey    o 0x14  0x0       = '^'  
#
# Breve accent; ˘ (soft downward point)
DeadKey    o 0x15  'A'       = 0xc482
DeadKey    o 0x15  'a'       = 0xc483
DeadKey    o 0x15  'E'       = 0xc494
DeadKey    o 0x15  'e'       = 0xc495
DeadKey    o 0x15  'G'       = 0xc49e
DeadKey    o 0x15  'g'       = 0xc49f
DeadKey    o 0x15  'I'       = 0xc4ac
DeadKey    o 0x15  'i'       = 0xc4ad
DeadKey    o 0x15  'O'       = 0xc58e
DeadKey    o 0x15  'o'       = 0xc58f
DeadKey    o 0x15  'U'       = 0xc5ac
DeadKey    o 0x15  'u'       = 0xc5ad
DeadKey    o 0x15  0x0       = 0xcb98
#
# Ring-above accent; ˚
DeadKey    o 0x16  'a'       = 0xc3a5    
DeadKey    o 0x16  'A'       = 0xc385    
DeadKey    o 0x16  'u'       = 0xc5af    
DeadKey    o 0x16  'U'       = 0xc5ae    
DeadKey    o 0x16  'w'       = 0xe1ba98  
DeadKey    o 0x16  'y'       = 0xe1ba99  
#      # The unicode ring-above sign is problematic as it has limited legacy compatibility;
#      # so keymaps usually allocate the Degree Sign in its place.
#
DeadKey    o 0x16  0x0       = 0xc2b0    # DEGREE SIGN
#DeadKey    o 0x16  0x0       = 0xcb9a    # RING ABOVE sign
#
# Ogonek accent; ˛ (anticlockwise lower curl)
DeadKey    o 0x17  'A'       = 0xc484
DeadKey    o 0x17  'a'       = 0xc485
DeadKey    o 0x17  'E'       = 0xc498
DeadKey    o 0x17  'e'       = 0xc499
DeadKey    o 0x17  'I'       = 0xc4ae
DeadKey    o 0x17  'i'       = 0xc4af
DeadKey    o 0x17  'U'       = 0xc5b2
DeadKey    o 0x17  'u'       = 0xc5b3
DeadKey    o 0x17  'O'       = 0xc7aa
DeadKey    o 0x17  'o'       = 0xc7ab
DeadKey    o 0x17  0x0       = 0xcb9b
#
# Grave accent; ` (leftward tilting)
DeadKey    o 0x18  'A'       = 0xc380    
DeadKey    o 0x18  'E'       = 0xc388    
DeadKey    o 0x18  'I'       = 0xc38c    
DeadKey    o 0x18  'O'       = 0xc392    
DeadKey    o 0x18  'U'       = 0xc399    
DeadKey    o 0x18  'a'       = 0xc3a0    
DeadKey    o 0x18  'e'       = 0xc3a8    
DeadKey    o 0x18  'i'       = 0xc3ac    
DeadKey    o 0x18  'o'       = 0xc3b2    
DeadKey    o 0x18  'u'       = 0xc3b9   
DeadKey    o 0x18  'N'       = 0xc7b8
DeadKey    o 0x18  'n'       = 0xc7b9 
DeadKey    o 0x18  'W'       = 0xe1ba80
DeadKey    o 0x18  'w'       = 0xe1ba81 
DeadKey    o 0x18  'Y'       = 0xe1bbb2
DeadKey    o 0x18  'y'       = 0xe1bbb3
DeadKey    o 0x18  0x0       = '`'
#
# Dot above accent; ˙ (elevated full-stop glyth)
DeadKey    o 0x19  'C'       = 0xc48a
DeadKey    o 0x19  'c'       = 0xc48b
DeadKey    o 0x19  'E'       = 0xc496
DeadKey    o 0x19  'e'       = 0xc497
DeadKey    o 0x19  'G'       = 0xc4a0
DeadKey    o 0x19  'g'       = 0xc4a1
DeadKey    o 0x19  'I'       = 0xc4b0
DeadKey    o 0x19  'i'       = 0xc4b1	# LATIN SMALL LETTER DOTLESS I
DeadKey    o 0x19  'Z'       = 0xc5bb
DeadKey    o 0x19  'z'       = 0xc5bc
DeadKey    o 0x19  'A'       = 0xc8a6
DeadKey    o 0x19  'a'       = 0xc8a7
DeadKey    o 0x19  'O'       = 0xc8ae
DeadKey    o 0x19  'o'       = 0xc8af
DeadKey    o 0x19  'B'       = 0xe1b882
DeadKey    o 0x19  'b'       = 0xe1b883
DeadKey    o 0x19  'D'       = 0xe1b88a
DeadKey    o 0x19  'd'       = 0xe1b88b
DeadKey    o 0x19  'F'       = 0xe1b89e
DeadKey    o 0x19  'f'       = 0xe1b89f
DeadKey    o 0x19  'H'       = 0xe1b8a2
DeadKey    o 0x19  'h'       = 0xe1b8a3
DeadKey    o 0x19  'M'       = 0xe1b980
DeadKey    o 0x19  'm'       = 0xe1b981
DeadKey    o 0x19  'N'       = 0xe1b984
DeadKey    o 0x19  'n'       = 0xe1b985
DeadKey    o 0x19  'P'       = 0xe1b996
DeadKey    o 0x19  'p'       = 0xe1b997
DeadKey    o 0x19  'R'       = 0xe1b998
DeadKey    o 0x19  'r'       = 0xe1b999
DeadKey    o 0x19  'S'       = 0xe1b9a0
DeadKey    o 0x19  's'       = 0xe1b9a1
DeadKey    o 0x19  0xc5a0    = 0xe1b9a6	# LATIN CAPITAL LETTER S WITH CARON AND DOT ABOVE
DeadKey    o 0x19  0xc5a1    = 0xe1b9a7	# LATIN SMALL LETTER S WITH CARON AND DOT ABOVE
DeadKey    o 0x19  'T'       = 0xe1b9aa
DeadKey    o 0x19  't'       = 0xe1b9ab
DeadKey    o 0x19  'W'       = 0xe1ba86
DeadKey    o 0x19  'w'       = 0xe1ba87
DeadKey    o 0x19  'X'       = 0xe1ba8a
DeadKey    o 0x19  'x'       = 0xe1ba8b
DeadKey    o 0x19  'Y'       = 0xe1ba8e
DeadKey    o 0x19  'y'       = 0xe1ba8f
# Middle Dot;  ·
DeadKey    o 0x19  0x7c      = 0xe28dbf # VERTICAL LINE WITH MIDDLE DOT
#DeadKey    o 0x19  0x0       = 0xc2b7 
DeadKey    o 0x19  0x0       = 0xcb99
#
#  Acute accent; ´  (rightward tilting)
DeadKey    o 0x1a  'A'       = 0xc381    
DeadKey    o 0x1a  'E'       = 0xc389    
DeadKey    o 0x1a  'I'       = 0xc38d    
DeadKey    o 0x1a  'O'       = 0xc393    
DeadKey    o 0x1a  'U'       = 0xc39a    
DeadKey    o 0x1a  'Y'       = 0xc39d    
DeadKey    o 0x1a  'a'       = 0xc3a1    
DeadKey    o 0x1a  'e'       = 0xc3a9    
DeadKey    o 0x1a  'i'       = 0xc3ad    
DeadKey    o 0x1a  'o'       = 0xc3b3    
DeadKey    o 0x1a  'u'       = 0xc3ba    
DeadKey    o 0x1a  'y'       = 0xc3bd    
DeadKey    o 0x1a  'L'       = 0xc4b9    
DeadKey    o 0x1a  'l'       = 0xc4ba    
DeadKey    o 0x1a  'N'       = 0xc583    
DeadKey    o 0x1a  'n'       = 0xc584    
DeadKey    o 0x1a  'R'       = 0xc594    
DeadKey    o 0x1a  'r'       = 0xc595    
DeadKey    o 0x1a  'S'       = 0xc59a    
DeadKey    o 0x1a  's'       = 0xc59b    
DeadKey    o 0x1a  'Z'       = 0xc5b9    
DeadKey    o 0x1a  'z'       = 0xc5ba    
DeadKey    o 0x1a  'C'       = 0xc486
DeadKey    o 0x1a  'c'       = 0xc487
DeadKey    o 0x1a  'G'       = 0xc7b4
DeadKey    o 0x1a  'g'       = 0xc7b5
DeadKey    o 0x1a  'K'       = 0xe1b8b0	
DeadKey    o 0x1a  'k'       = 0xe1b8b1	
DeadKey    o 0x1a  'M'       = 0xe1b8be	
DeadKey    o 0x1a  'm'       = 0xe1b8bf	
DeadKey    o 0x1a  'P'       = 0xe1b994	
DeadKey    o 0x1a  'p'       = 0xe1b995	
DeadKey    o 0x1a  'W'       = 0xe1ba82	
DeadKey    o 0x1a  'w'       = 0xe1ba83	
DeadKey    o 0x1a  0x0       = 0xc2b4
#
# Double acute accent; ˝ (double rightward-tilting)
DeadKey    o 0x1b  'O'       = 0xc590
DeadKey    o 0x1b  'o'       = 0xc591
DeadKey    o 0x1b  'U'       = 0xc5b0
DeadKey    o 0x1b  'u'       = 0xc5b1
DeadKey    o 0x1b  0x0       = 0xcb9d
#
# Diaeresis accent; ¨ ( two dots )
DeadKey    o 0x1c  'a'       = 0xc3a4    
DeadKey    o 0x1c  'e'       = 0xc3ab    
DeadKey    o 0x1c  'i'       = 0xc3af    
DeadKey    o 0x1c  'o'       = 0xc3b6    
DeadKey    o 0x1c  'u'       = 0xc3bc    
DeadKey    o 0x1c  'y'       = 0xc3bf    
DeadKey    o 0x1c  'A'       = 0xc384    
DeadKey    o 0x1c  'E'       = 0xc38b    
DeadKey    o 0x1c  'I'       = 0xc38f    
DeadKey    o 0x1c  'O'       = 0xc396    
DeadKey    o 0x1c  'U'       = 0xc39c    
DeadKey    o 0x1c  'Y'       = 0xc5b8    
DeadKey    o 0x1c  'H'       = 0xe1b8a6
DeadKey    o 0x1c  'h'       = 0xe1b8a7
DeadKey    o 0x1c  'W'       = 0xe1ba84
DeadKey    o 0x1c  'w'       = 0xe1ba85
DeadKey    o 0x1c  'X'       = 0xe1ba8c
DeadKey    o 0x1c  'x'       = 0xe1ba8d
DeadKey    o 0x1c  't'       = 0xe1ba97
DeadKey    o 0x1c  0x0       = 0xc2a8  
#
# Cedilla accent; ¸ (clockwise lower curl)
DeadKey    o 0x1d  'C'       = 0xc387
DeadKey    o 0x1d  'c'       = 0xc3a7
DeadKey    o 0x1d  'G'       = 0xc4a2
DeadKey    o 0x1d  'g'       = 0xc4a3
DeadKey    o 0x1d  'K'       = 0xc4b6
DeadKey    o 0x1d  'k'       = 0xc4b7
DeadKey    o 0x1d  'L'       = 0xc4bb
DeadKey    o 0x1d  'l'       = 0xc4bc
DeadKey    o 0x1d  'N'       = 0xc585
DeadKey    o 0x1d  'n'       = 0xc586
DeadKey    o 0x1d  'R'       = 0xc596
DeadKey    o 0x1d  'r'       = 0xc597
DeadKey    o 0x1d  'S'       = 0xc59e
DeadKey    o 0x1d  's'       = 0xc59f
DeadKey    o 0x1d  'T'       = 0xc5a2
DeadKey    o 0x1d  't'       = 0xc5a3
DeadKey    o 0x1d  'E'       = 0xc8a8
DeadKey    o 0x1d  'e'       = 0xc8a9
DeadKey    o 0x1d  'D'       = 0xe1b890
DeadKey    o 0x1d  'd'       = 0xe1b891
DeadKey    o 0x1d  'H'       = 0xe1b8a8
DeadKey    o 0x1d  'h'       = 0xe1b8a9
DeadKey    o 0x1d  0xc486    = 0xe1b888  #  LATIN CAPITAL LETTER C WITH CEDILLA AND ACUTE
DeadKey    o 0x1d  0xc487    = 0xe1b889  #  LATIN SMALL LETTER C WITH CEDILLA AND ACUTE
DeadKey    o 0x1d  0x0       = 0xc2b8
#
# Cedilla accent; ¸ (clockwise lower curl)
DeadKey    n 0x11  'C'       = 0xc387
DeadKey    n 0x11  'c'       = 0xc3a7
DeadKey    n 0x11  'G'       = 0xc4a2
DeadKey    n 0x11  'g'       = 0xc4a3
DeadKey    n 0x11  'K'       = 0xc4b6
DeadKey    n 0x11  'k'       = 0xc4b7
DeadKey    n 0x11  'L'       = 0xc4bb
DeadKey    n 0x11  'l'       = 0xc4bc
DeadKey    n 0x11  'N'       = 0xc585
DeadKey    n 0x11  'n'       = 0xc586
DeadKey    n 0x11  'R'       = 0xc596
DeadKey    n 0x11  'r'       = 0xc597
DeadKey    n 0x11  'S'       = 0xc59e
DeadKey    n 0x11  's'       = 0xc59f
DeadKey    n 0x11  'T'       = 0xc5a2
DeadKey    n 0x11  't'       = 0xc5a3
DeadKey    n 0x11  'E'       = 0xc8a8
DeadKey    n 0x11  'e'       = 0xc8a9
DeadKey    n 0x11  'D'       = 0xe1b890
DeadKey    n 0x11  'd'       = 0xe1b891
DeadKey    n 0x11  'H'       = 0xe1b8a8
DeadKey    n 0x11  'h'       = 0xe1b8a9
DeadKey    n 0x11  0xc486    = 0xe1b888  #  LATIN CAPITAL LETTER C WITH CEDILLA AND ACUTE
DeadKey    n 0x11  0xc487    = 0xe1b889  #  LATIN SMALL LETTER C WITH CEDILLA AND ACUTE
DeadKey    n 0x11  0x0       = 0xc2b8
