#	Syllable operating system South African keymap for US101 keyboard,
#	based on Translate.org.za layout.
#
#	This should not be confused with the United States International layout
#	

Version    = 1

#InitialLocks = CapsLock NumLock ScrollLock
#InitialLocks = NumLock

#  Qualifiers:
#   n = Normal
#   s = Shift
#   c = Control
#   C = Caps lock / Shift lock
#   o = Option	(AltGr; right Alt key)
#
#   Key     n          s          c          o          os         C          Cs         Co        Cos

Key 0x00 = 0x0        0x0        0x0        0x0        0x0        0x0        0x0        0x0        0x0       
Key 0x01 = 0x1b       0x1b       0x1b       0x1b       0x1b       0x1b       0x1b       0x1b       0x1b      
Key 0x02 = 0x10       0x10       0x10       0x10       0x10       0x10       0x10       0x10       0x10      
Key 0x03 = 0x10       0x10       0x10       0x10       0x10       0x10       0x10       0x10       0x10      
Key 0x04 = 0x10       0x10       0x10       0x10       0x10       0x10       0x10       0x10       0x10      
Key 0x05 = 0x10       0x10       0x10       0x10       0x10       0x10       0x10       0x10       0x10      
Key 0x06 = 0x10       0x10       0x10       0x10       0x10       0x10       0x10       0x10       0x10      
Key 0x07 = 0x10       0x10       0x10       0x10       0x10       0x10       0x10       0x10       0x10      
Key 0x08 = 0x10       0x10       0x10       0x10       0x10       0x10       0x10       0x10       0x10      
Key 0x09 = 0x10       0x10       0x10       0x10       0x10       0x10       0x10       0x10       0x10      
Key 0x0a = 0x10       0x10       0x10       0x10       0x10       0x10       0x10       0x10       0x10      
Key 0x0b = 0x10       0x10       0x10       0x10       0x10       0x10       0x10       0x10       0x10      
Key 0x0c = 0x10       0x10       0x10       0x10       0x10       0x10       0x10       0x10       0x10      
Key 0x0d = 0x10       0x10       0x10       0x10       0x10       0x10       0x10       0x10       0x10      
Key 0x0e = 0x10       0x10       0x10       0x10       0x10       0x10       0x10       0x10       0x10      
Key 0x0f = 0x10       0x10       0x10       0x10       0x10       0x10       0x10       0x10       0x10      
Key 0x10 = 0x10       0x10       0x10       0x10       0x10       0x10       0x10       0x10       0x10      
#
#		Numeric row:
Key 0x11 = '`'        '~'        0x0        DEADKEY    0x0        '`'        '~'        DEADKEY    0x0       
Key 0x12 = '1'        '!'        0x0        0x0        0x0        '1'        '!'        0x0        0x0       
Key 0x13 = '2'        '@'        0x0        0xc2a5     0x0        '2'        '@'        0xc2a5     0x0       
Key 0x14 = '3'        '#'        0x0        0xc2a3     0x0        '3'        '#'        0xc2a3     0x0       
Key 0x15 = '4'        '$'        0x0        0x0        0x0        '4'        '$'        0x0        0x0       
Key 0x16 = '5'        '%'        0x0        0xe282ac   0xc2a2     '5'        '%'        0xe282ac   0xc2a2    
Key 0x17 = '6'        '^'        0x1e       DEADKEY    DEADKEY    '6'        '^'        DEADKEY    DEADKEY   
Key 0x18 = '7'        '&'        0x0        0x0        0x0        '7'        '&'        0x0        0x0       
Key 0x19 = '8'        '*'        0x0        0x0        0x0        '8'        '*'        0x0        0x0       
Key 0x1a = '9'        '('        0x0        0x0        0x0        '9'        '('        0x0        0x0       
Key 0x1b = '0'        ')'        0x0        0x0        0x0        '0'        ')'        0x0        0x0       
Key 0x1c = '-'        '_'        0x1f       0xe28093   0x0        '-'        '_'        0xe28093   0x0       
Key 0x1d = '='        '+'        0x0        0x0        0x0        '='        '+'        0x0        0x0       
#
Key 0x1e = 0x8        0x8        0x7f       0x8        0x8        0x8        0x8        0x8        0x8       
Key 0x1f = 0x5        0x5        0x5        0x5        0x5        0x5        0x5        0x5        0x5       
Key 0x20 = 0x1        0x1        0x1        0x1        0x1        0x1        0x1        0x1        0x1       
Key 0x21 = 0xb        0xb        0xb        0xb        0xb        0xb        0xb        0xb        0xb       
Key 0x22 = 0x0        0x0        0x0        0x0        0x0        0x0        0x0        0x0        0x0       
Key 0x23 = '/'        '/'        '/'        '/'        '/'        '/'        '/'        '/'        '/'       
Key 0x24 = '*'        '*'        '*'        '*'        '*'        '*'        '*'        '*'        '*'       
Key 0x25 = '-'        '-'        '-'        '-'        '-'        '-'        '-'        '-'        '-'       
Key 0x26 = 0x9        0x9        0x9        0x9        0x9        0x9        0x9        0x9        0x9       
#
#		Top letters row:
Key 0x27 = 'q'        'Q'        0x11       0x0        0x0        'Q'        'q'        0x0        0x0       
Key 0x28 = 'w'        'W'        0x17       0x0        0x0        'W'        'w'        0x0        0x0       
Key 0x29 = 'e'        'E'        0x5        0xc3ab     0xc38b     'E'        'e'        0xc38b     0xc3ab    
Key 0x2a = 'r'        'R'        0x12       0xc3aa     0xc38a     'R'        'r'        0xc38a     0xc3aa    
Key 0x2b = 't'        'T'        0x14       0xe1b9b1   0xe1b9b0   'T'        't'        0xe1b9b0   0xe1b9b1  
Key 0x2c = 'y'        'Y'        0x19       0xc3bb     0xc39b     'Y'        'y'        0xc39b     0xc3bb    
Key 0x2d = 'u'        'U'        0x15       0xc3bc     0xc39c     'U'        'u'        0xc39c     0xc3bc    
Key 0x2e = 'i'        'I'        0x9        0xc3af     0xc38f     'I'        'i'        0xc38f     0xc3af    
Key 0x2f = 'o'        'O'        0xf        0xc3b6     0xc396     'O'        'o'        0xc396     0xc3b6    
Key 0x30 = 'p'        'P'        0x10       0xc3b4     0xc394     'P'        'p'        0xc394     0xc3b4    
Key 0x31 = '['        '{'        0x1b       0xe2809e   0xe2809a   '['        '{'        0xe2809e   0xe2809a  
Key 0x32 = ']'        '}'        0x1d       0xe2809d   0xe28099   ']'        '}'        0xe2809d   0xe28099  
#
Key 0x33 = '\'        '|'        0x1c       0x0        0x0        '\'        '|'        0x0        0x0       
#
Key 0x34 = 0x7f       0x7f       0x7f       0x7f       0x7f       0x7f       0x7f       0x7f       0x7f      
Key 0x35 = 0x4        0x4        0x4        0x4        0x4        0x4        0x4        0x4        0x4       
Key 0x36 = 0xc        0xc        0xc        0xc        0xc        0xc        0xc        0xc        0xc       
Key 0x37 = 0x1        '7'        0x1        0x1        '7'        0x1        '7'        0x1        '7'       
Key 0x38 = 0x1e       '8'        0x1e       0x1e       '8'        0x1e       '8'        0x1e       '8'       
Key 0x39 = 0xb        '9'        0xb        0xb        '9'        0xb        '9'        0xb        '9'       
Key 0x3a = '+'        '+'        '+'        '+'        '+'        '+'        '+'        '+'        '+'       
Key 0x3b = 0x0        0x0        0x0        0x0        0x0        0x0        0x0        0x0        0x0       
#
#		Middle letters row:
Key 0x3c = 'a'        'A'        0x1        0xc3a4     0xc384     'A'        'a'        0xc384     0xc3a4    
Key 0x3d = 's'        'S'        0x13       0xc5a1     0xc5a0     'S'        's'        0xc5a0     0xc5a1    
Key 0x3e = 'd'        'D'        0x4        0xe1b893   0xe1b892   'D'        'd'        0xe1b892   0xe1b893  
Key 0x3f = 'f'        'F'        0x6        0x0        0x0        'F'        'f'        0x0        0x0       
Key 0x40 = 'g'        'G'        0x7        0x0        0x0        'G'        'g'        0x0        0x0       
Key 0x41 = 'h'        'H'        0x8        0x0        0x0        'H'        'h'        0x0        0x0       
Key 0x42 = 'j'        'J'        0xa        0x0        0x0        'J'        'j'        0x0        0x0       
Key 0x43 = 'k'        'K'        0xb        0x0        0x0        'K'        'k'        0x0        0x0       
Key 0x44 = 'l'        'L'        0xc        0xe1b8bd   0xe1b8bc   'L'        'l'        0xe1b8bc   0xe1b8bd  
Key 0x45 = ';'        ':'        0x0        DEADKEY    0x0        ';'        ':'        DEADKEY    0x0       
Key 0x46 = '''        '"'        0x0        DEADKEY    0x0        '''        '"'        DEADKEY    0x0       
#
Key 0x47 = 0xa        0xa        0xa        0xa        0xa        0xa        0xa        0xa        0xa       
Key 0x48 = 0x1c       '4'        0x1c       0x1c       '4'        0x1c       '4'        0x1c       '4'       
Key 0x49 = 0x0        '5'        0x0        0x0        '5'        0x0        '5'        0x0        '5'       
Key 0x4a = 0x1d       '6'        0x1d       0x1d       '6'        0x1d       '6'        0x1d       '6'       
Key 0x4b = 0x0        0x0        0x0        0x0        0x0        0x0        0x0        0x0        0x0       
#
#		Bottom letters row:
Key 0x4c = 'z'        'Z'        0x1a       0x0        0x0        'Z'        'z'        0x0        0x0       
Key 0x4d = 'x'        'X'        0x18       0x0        0x0        'X'        'x'        0x0        0x0       
Key 0x4e = 'c'        'C'        0x3        0x0        0x0        'C'        'c'        0x0        0x0       
Key 0x4f = 'v'        'V'        0x16       0x0        0x0        'V'        'v'        0x0        0x0       
Key 0x50 = 'b'        'B'        0x2        0x0        0x0        'B'        'b'        0x0        0x0       
Key 0x51 = 'n'        'N'        0xe        0xe1b98b   0xe1b98a   'N'        'n'        0xe1b98a   0xe1b98b  
Key 0x52 = 'm'        'M'        0xd        0xe1b985   0xe1b984   'M'        'm'        0xe1b984   0xe1b985  
Key 0x53 = ','        '<'        0x0        0x0        0x0        ','        '<'        0x0        0x0       
Key 0x54 = '.'        '>'        0x0        DEADKEY    0x0        '.'        '>'        DEADKEY    0x0       
Key 0x55 = '/'        '?'        0x0        0x0        0x0        '/'        '?'        0x0        0x0
#
Key 0x56 = 0x0        0x0        0x0        0x0        0x0        0x0        0x0        0x0        0x0       
Key 0x57 = 0x1e       0x1e       0x1e       0x1e       0x1e       0x1e       0x1e       0x1e       0x1e      
Key 0x58 = 0x4        '1'        0x4        0x4        '1'        0x4        '1'        0x4        '1'       
Key 0x59 = 0x1f       '2'        0x1f       0x1f       '2'        0x1f       '2'        0x1f       '2'       
Key 0x5a = 0xc        '3'        0xc        0xc        '3'        0xc        '3'        0xc        '3'       
Key 0x5b = 0xa        0xa        0xa        0xa        0xa        0xa        0xa        0xa        0xa       
Key 0x5c = 0x0        0x0        0x0        0x0        0x0        0x0        0x0        0x0        0x0       
Key 0x5d = 0x0        0x0        0x0        0x0        0x0        0x0        0x0        0x0        0x0       
Key 0x5e = 0x20       0x20       0x20       0xc2a0     0xc2a0     0x20       0x20       0xc2a0     0xc2a0    
Key 0x5f = 0x0        0x0        0x0        0x0        0x0        0x0        0x0        0x0        0x0       
Key 0x60 = 0x0        0x0        0x0        0x0        0x0        0x0        0x0        0x0        0x0       
Key 0x61 = 0x1c       0x1c       0x1c       0x1c       0x1c       0x1c       0x1c       0x1c       0x1c      
Key 0x62 = 0x1f       0x1f       0x1f       0x1f       0x1f       0x1f       0x1f       0x1f       0x1f      
Key 0x63 = 0x1d       0x1d       0x1d       0x1d       0x1d       0x1d       0x1d       0x1d       0x1d      
Key 0x64 = 0x5        '0'        0x5        0x5        '0'        0x5        '0'        0x5        '0'       
#
#		Keypad dot or comma:
Key 0x65 = 0x7f       ','        0x7f       0x7f       ','        0x7f       ','        0x7f       ','       # Comma
#Key 0x65 = 0x7f       '.'        0x7f       0x7f       '.'        0x7f       '.'        0x7f       '.'       # Dot
#
Key 0x66 = 0x0        0x0        0x0        0x0        0x0        0x0        0x0        0x0        0x0       
Key 0x67 = 0x0        0x0        0x0        0x0        0x0        0x0        0x0        0x0        0x0       
Key 0x68 = 0x0        0x0        0x0        0x0        0x0        0x0        0x0        0x0        0x0       
#
Key 0x69 = '\'        '|'        0x1c       0x0        0x0        '\'        '|'        0x0        0x0       
#
Key 0x6a = 0x0        0x0        0x0        0x0        0x0        0x0        0x0        0x0        0x0       
Key 0x6b = 0x0        0x0        0x0        0x0        0x0        0x0        0x0        0x0        0x0       
Key 0x6c = 0x0        0x0        0x0        0x0        0x0        0x0        0x0        0x0        0x0       
Key 0x6d = 0x0        0x0        0x0        0x0        0x0        0x0        0x0        0x0        0x0       
Key 0x6e = 0x0        0x0        0x0        0x0        0x0        0x0        0x0        0x0        0x0       
Key 0x6f = 0x0        0x0        0x0        0x0        0x0        0x0        0x0        0x0        0x0       
Key 0x70 = 0x0        0x0        0x0        0x0        0x0        0x0        0x0        0x0        0x0       
Key 0x71 = 0x0        0x0        0x0        0x0        0x0        0x0        0x0        0x0        0x0       
Key 0x72 = 0x0        0x0        0x0        0x0        0x0        0x0        0x0        0x0        0x0       
Key 0x73 = 0x0        0x0        0x0        0x0        0x0        0x0        0x0        0x0        0x0       
Key 0x74 = 0x0        0x0        0x0        0x0        0x0        0x0        0x0        0x0        0x0       
Key 0x75 = 0x0        0x0        0x0        0x0        0x0        0x0        0x0        0x0        0x0       
Key 0x76 = 0x0        0x0        0x0        0x0        0x0        0x0        0x0        0x0        0x0       
Key 0x77 = 0x0        0x0        0x0        0x0        0x0        0x0        0x0        0x0        0x0       
Key 0x78 = 0x0        0x0        0x0        0x0        0x0        0x0        0x0        0x0        0x0       
Key 0x79 = 0x0        0x0        0x0        0x0        0x0        0x0        0x0        0x0        0x0       
Key 0x7a = 0x0        0x0        0x0        0x0        0x0        0x0        0x0        0x0        0x0       
Key 0x7b = 0x0        0x0        0x0        0x0        0x0        0x0        0x0        0x0        0x0       
Key 0x7c = 0x0        0x0        0x0        0x0        0x0        0x0        0x0        0x0        0x0       
Key 0x7d = 0x0        0x0        0x0        0x0        0x0        0x0        0x0        0x0        0x0       
Key 0x7e = 0x0        0x0        0x0        0x0        0x0        0x0        0x0        0x0        0x0       
Key 0x7f = 0x0        0x0        0x0        0x0        0x0        0x0        0x0        0x0        0x0       

# Dead keys:
# DeadKey <qualifiers> <rawkey> <second_key> = <result>
# qualifier is one of the qualifiers listed above (n, s, c, o, os)
# rawkey is the raw key code of the dead key
# second_key is the translated key code (unicode) of the key following the dead key
# result is the character to display when the key sequence is encountered
#
#       qual raw   second     = result

#
# Grave accent; ` (leftward tilting)
DeadKey    o 0x11  'A'       = 0xc380    
DeadKey    o 0x11  'E'       = 0xc388    
DeadKey    o 0x11  'I'       = 0xc38c    
DeadKey    o 0x11  'O'       = 0xc392    
DeadKey    o 0x11  'U'       = 0xc399    
DeadKey    o 0x11  'a'       = 0xc3a0    
DeadKey    o 0x11  'e'       = 0xc3a8    
DeadKey    o 0x11  'i'       = 0xc3ac    
DeadKey    o 0x11  'o'       = 0xc3b2    
DeadKey    o 0x11  'u'       = 0xc3b9   
DeadKey    o 0x11  'N'       = 0xc7b8
DeadKey    o 0x11  'n'       = 0xc7b9 
DeadKey    o 0x11  0xc39c    = 0xc79b    # LATIN CAPITAL LETTER U WITH DIAERESIS AND GRAVE
DeadKey    o 0x11  0xc3bc    = 0xc79c    # LATIN SMALL LETTER U WITH DIAERESIS AND GRAVE
DeadKey    o 0x11  'W'       = 0xe1ba80
DeadKey    o 0x11  'w'       = 0xe1ba81 
DeadKey    o 0x11  'Y'       = 0xe1bbb2
DeadKey    o 0x11  'y'       = 0xe1bbb3
DeadKey    o 0x11  0xc382    = 0xe1baa6	#  LATIN CAPITAL LETTER A WITH CIRCUMFLEX AND GRAVE
DeadKey    o 0x11  0xc3a2    = 0xe1baa7	#  LATIN SMALL LETTER A WITH CIRCUMFLEX AND GRAVE
DeadKey    o 0x11  0xc38a    = 0xe1bb80	#  LATIN CAPITAL LETTER E WITH CIRCUMFLEX AND GRAVE
DeadKey    o 0x11  0xc3aa    = 0xe1bb81	#  LATIN SMALL LETTER E WITH CIRCUMFLEX AND GRAVE
DeadKey    o 0x11  0xc394    = 0xe1bb92	#  LATIN CAPITAL LETTER O WITH CIRCUMFLEX AND GRAVE
DeadKey    o 0x11  0xc3b4    = 0xe1bb93	#  LATIN SMALL LETTER O WITH CIRCUMFLEX AND GRAVE
DeadKey    o 0x11  0x0       = '`'
#
# Circumflextual accents; ^ key
DeadKey    o 0x17  'a'       = 0xc3a2    
DeadKey    o 0x17  'e'       = 0xc3aa    
DeadKey    o 0x17  'i'       = 0xc3ae    
DeadKey    o 0x17  'o'       = 0xc3b4    
DeadKey    o 0x17  'u'       = 0xc3bb    
DeadKey    o 0x17  'A'       = 0xc382    
DeadKey    o 0x17  'E'       = 0xc38a    
DeadKey    o 0x17  'I'       = 0xc38e    
DeadKey    o 0x17  'O'       = 0xc394    
DeadKey    o 0x17  'U'       = 0xc39b    
DeadKey    o 0x17  'C'       = 0xc488    
DeadKey    o 0x17  'c'       = 0xc489    
DeadKey    o 0x17  'G'       = 0xc49c    
DeadKey    o 0x17  'g'       = 0xc49d    
DeadKey    o 0x17  'H'       = 0xc4a4    
DeadKey    o 0x17  'h'       = 0xc4a5    
DeadKey    o 0x17  'J'       = 0xc4b4    
DeadKey    o 0x17  'j'       = 0xc4b5    
DeadKey    o 0x17  'S'       = 0xc59c    
DeadKey    o 0x17  's'       = 0xc59d    
DeadKey    o 0x17  'W'       = 0xc5b4    
DeadKey    o 0x17  'w'       = 0xc5b5    
DeadKey    o 0x17  'Y'       = 0xc5b6    
DeadKey    o 0x17  'y'       = 0xc5b7    
DeadKey    o 0x17  'Z'       = 0xe1ba90 
DeadKey    o 0x17  'z'       = 0xe1ba91 
DeadKey    o 0x17   0xc381   = 0xe1baa4	# LATIN CAPITAL LETTER A WITH CIRCUMFLEX AND ACUTE
DeadKey    o 0x17   0xc3a1   = 0xe1baa5	# LATIN SMALL LETTER A WITH CIRCUMFLEX AND ACUTE
DeadKey    o 0x17   0xc380   = 0xe1baa6	# LATIN CAPITAL LETTER A WITH CIRCUMFLEX AND GRAVE
DeadKey    o 0x17   0xc3a0   = 0xe1baa7	# LATIN SMALL LETTER A WITH CIRCUMFLEX AND GRAVE
DeadKey    o 0x17   0xc383   = 0xe1baaa	# LATIN CAPITAL LETTER A WITH CIRCUMFLEX AND TILDE
DeadKey    o 0x17   0xc3a3   = 0xe1baab	# LATIN SMALL LETTER A WITH CIRCUMFLEX AND TILDE
DeadKey    o 0x17   0xc389   = 0xe1babe	# LATIN CAPITAL LETTER E WITH CIRCUMFLEX AND ACUTE
DeadKey    o 0x17   0xc3a9   = 0xe1babf	# LATIN SMALL LETTER E WITH CIRCUMFLEX AND ACUTE
DeadKey    o 0x17   0xc388   = 0xe1bb80	# LATIN CAPITAL LETTER E WITH CIRCUMFLEX AND GRAVE
DeadKey    o 0x17   0xc3a8   = 0xe1bb81	# LATIN SMALL LETTER E WITH CIRCUMFLEX AND GRAVE
DeadKey    o 0x17   0xe1babc = 0xe1bb84	# LATIN CAPITAL LETTER E WITH CIRCUMFLEX AND TILDE
DeadKey    o 0x17   0xe1babd = 0xe1bb85	# LATIN SMALL LETTER E WITH CIRCUMFLEX AND TILDE
DeadKey    o 0x17   0xc393   = 0xe1bb90	# LATIN CAPITAL LETTER O WITH CIRCUMFLEX AND ACUTE
DeadKey    o 0x17   0xc3b3   = 0xe1bb91	# LATIN SMALL LETTER O WITH CIRCUMFLEX AND ACUTE
DeadKey    o 0x17   0xc392   = 0xe1bb92	# LATIN CAPITAL LETTER O WITH CIRCUMFLEX AND GRAVE
DeadKey    o 0x17   0xc3b2   = 0xe1bb93	# LATIN SMALL LETTER O WITH CIRCUMFLEX AND GRAVE
DeadKey    o 0x17   0xe1baa0 = 0xe1baac	# LATIN CAPITAL LETTER A WITH CIRCUMFLEX AND DOT BELOW
DeadKey    o 0x17   0xe1baa1 = 0xe1baad	# LATIN SMALL LETTER A WITH CIRCUMFLEX AND DOT BELOW
DeadKey    o 0x17   0xe1bb8c = 0xe1bb98	# LATIN CAPITAL LETTER O WITH CIRCUMFLEX AND DOT BELOW
DeadKey    o 0x17   0xe1bb8d = 0xe1bb99	# LATIN SMALL LETTER O WITH CIRCUMFLEX AND DOT BELOW
DeadKey    o 0x17   0xe1bab8 = 0xe1bb86	# LATIN CAPITAL LETTER E WITH CIRCUMFLEX AND DOT BELOW
DeadKey    o 0x17   0xe1bab9 = 0xe1bb87	# LATIN SMALL LETTER E WITH CIRCUMFLEX AND DOT BELOW
DeadKey    o 0x17   0x0       = '^'
#
# Diaeresis accent; ¨ ( two dots )
DeadKey    o 0x45  'a'       = 0xc3a4    
DeadKey    o 0x45  'e'       = 0xc3ab    
DeadKey    o 0x45  'i'       = 0xc3af    
DeadKey    o 0x45  'o'       = 0xc3b6    
DeadKey    o 0x45  'u'       = 0xc3bc    
DeadKey    o 0x45  'y'       = 0xc3bf    
DeadKey    o 0x45  'A'       = 0xc384    
DeadKey    o 0x45  'E'       = 0xc38b    
DeadKey    o 0x45  'I'       = 0xc38f    
DeadKey    o 0x45  'O'       = 0xc396    
DeadKey    o 0x45  'U'       = 0xc39c    
DeadKey    o 0x45  'Y'       = 0xc5b8    
DeadKey    o 0x45  'H'       = 0xe1b8a6
DeadKey    o 0x45  'h'       = 0xe1b8a7
DeadKey    o 0x45  'W'       = 0xe1ba84
DeadKey    o 0x45  'w'       = 0xe1ba85
DeadKey    o 0x45  'X'       = 0xe1ba8c
DeadKey    o 0x45  'x'       = 0xe1ba8d
DeadKey    o 0x45  't'       = 0xe1ba97
DeadKey    o 0x45  0xc39a    = 0xc797   # LATIN CAPITAL LETTER U WITH DIAERESIS AND ACUTE
DeadKey    o 0x45  0xc3ba    = 0xc798   # LATIN SMALL LETTER U WITH DIAERESIS AND ACUTE
DeadKey    o 0x45  0xc399    = 0xc79b   # LATIN CAPITAL LETTER U WITH DIAERESIS AND GRAVE
DeadKey    o 0x45  0xc3b9    = 0xc79c   # LATIN SMALL LETTER U WITH DIAERESIS AND GRAVE
DeadKey    o 0x45  0xc38d    = 0xe1b8ae # LATIN CAPITAL LETTER I WITH DIAERESIS AND ACUTE
DeadKey    o 0x45  0xc3ad    = 0xe1b8af # LATIN SMALL LETTER I WITH DIAERESIS AND ACUTE
DeadKey    o 0x45  0x0       = 0xc2a8
#
#  Acute accent; ´  (rightward tilting)
DeadKey    o 0x46  'A'       = 0xc381    
DeadKey    o 0x46  'E'       = 0xc389    
DeadKey    o 0x46  'I'       = 0xc38d    
DeadKey    o 0x46  'O'       = 0xc393    
DeadKey    o 0x46  'U'       = 0xc39a    
DeadKey    o 0x46  'Y'       = 0xc39d    
DeadKey    o 0x46  'a'       = 0xc3a1    
DeadKey    o 0x46  'e'       = 0xc3a9    
DeadKey    o 0x46  'i'       = 0xc3ad    
DeadKey    o 0x46  'o'       = 0xc3b3    
DeadKey    o 0x46  'u'       = 0xc3ba    
DeadKey    o 0x46  'y'       = 0xc3bd    
DeadKey    o 0x46  'L'       = 0xc4b9    
DeadKey    o 0x46  'l'       = 0xc4ba    
DeadKey    o 0x46  'N'       = 0xc583    
DeadKey    o 0x46  'n'       = 0xc584    
DeadKey    o 0x46  'R'       = 0xc594    
DeadKey    o 0x46  'r'       = 0xc595    
DeadKey    o 0x46  'S'       = 0xc59a    
DeadKey    o 0x46  's'       = 0xc59b    
DeadKey    o 0x46  'Z'       = 0xc5b9    
DeadKey    o 0x46  'z'       = 0xc5ba    
DeadKey    o 0x46  'C'       = 0xc486
DeadKey    o 0x46  'c'       = 0xc487
DeadKey    o 0x46  'G'       = 0xc7b4
DeadKey    o 0x46  'g'       = 0xc7b5
DeadKey    o 0x46  'K'       = 0xe1b8b0	
DeadKey    o 0x46  'k'       = 0xe1b8b1	
DeadKey    o 0x46  'M'       = 0xe1b8be	
DeadKey    o 0x46  'm'       = 0xe1b8bf	
DeadKey    o 0x46  'P'       = 0xe1b994	
DeadKey    o 0x46  'p'       = 0xe1b995	
DeadKey    o 0x46  'W'       = 0xe1ba82	
DeadKey    o 0x46  'w'       = 0xe1ba83	
DeadKey    o 0x46  0xc3bc    = 0xc798    # LATIN SMALL LETTER U WITH DIAERESIS AND ACUTE
DeadKey    o 0x46  0xc39c    = 0xc797    # LATIN CAPITAL LETTER U WITH DIAERESIS AND ACUTE
DeadKey    o 0x46  0xc38f    = 0xe1b8ae  # LATIN CAPITAL LETTER I WITH DIAERESIS AND ACUTE
DeadKey    o 0x46  0xc3af    = 0xe1b8af  # LATIN SMALL LETTER I WITH DIAERESIS AND ACUTE
DeadKey    o 0x46  0xc387    = 0xe1b888  # LATIN CAPITAL LETTER C WITH CEDILLA AND ACUTE
DeadKey    o 0x46  0xc3a7    = 0xe1b889  # LATIN SMALL LETTER C WITH CEDILLA AND ACUTE
DeadKey    o 0x46  0xc395    = 0xe1b98c  # LATIN CAPITAL LETTER O WITH TILDE AND ACUTE
DeadKey    o 0x46  0xc3b5    = 0xe1b98d  # LATIN SMALL LETTER O WITH TILDE AND ACUTE
DeadKey    o 0x46  0xc5a8    = 0xe1b9b8  # LATIN CAPITAL LETTER U WITH TILDE AND ACUTE
DeadKey    o 0x46  0xc5a9    = 0xe1b9b9  # LATIN SMALL LETTER U WITH TILDE AND ACUTE
DeadKey    o 0x46  0xc382    = 0xe1baa4  # LATIN CAPITAL LETTER A WITH CIRCUMFLEX AND ACUTE
DeadKey    o 0x46  0xc3a2    = 0xe1baa5  # LATIN SMALL LETTER A WITH CIRCUMFLEX AND ACUTE
DeadKey    o 0x46  0xc38a    = 0xe1babe  # LATIN CAPITAL LETTER E WITH CIRCUMFLEX AND ACUTE
DeadKey    o 0x46  0xc3aa    = 0xe1babf  # LATIN SMALL LETTER E WITH CIRCUMFLEX AND ACUTE
DeadKey    o 0x46  0xc394    = 0xe1bb90  # LATIN CAPITAL LETTER O WITH CIRCUMFLEX AND ACUTE
DeadKey    o 0x46  0xc3b4    = 0xe1bb91  # LATIN SMALL LETTER O WITH CIRCUMFLEX AND ACUTE
DeadKey    o 0x46  0xe1b9a0  = 0xe1b9a4  # LATIN CAPITAL LETTER S WITH ACUTE AND DOT ABOVE
DeadKey    o 0x46  0xe1b9a1  = 0xe1b9a5  # LATIN SMALL LETTER S WITH ACUTE AND DOT ABOVE
DeadKey    o 0x46  0x0       = 0xc2b4
#
# Dot above accent; (elevated full-stop glyth)
DeadKey    o 0x54  'C'       = 0xc48a
DeadKey    o 0x54  'c'       = 0xc48b
DeadKey    o 0x54  'E'       = 0xc496
DeadKey    o 0x54  'e'       = 0xc497
DeadKey    o 0x54  'G'       = 0xc4a0
DeadKey    o 0x54  'g'       = 0xc4a1
DeadKey    o 0x54  'I'       = 0xc4b0
DeadKey    o 0x54  0xc4b0    = 'I'
DeadKey    o 0x54  'i'       = 0xc4b1	# LATIN SMALL LETTER DOTLESS I
DeadKey    o 0x54  0xc4b1    = 'i' 
DeadKey    o 0x54  'Z'       = 0xc5bb
DeadKey    o 0x54  'z'       = 0xc5bc
DeadKey    o 0x54  'A'       = 0xc8a6
DeadKey    o 0x54  'a'       = 0xc8a7
DeadKey    o 0x54  'O'       = 0xc8ae
DeadKey    o 0x54  'o'       = 0xc8af
DeadKey    o 0x54  0xc480    = 0xc7a0	# LATIN CAPITAL LETTER A WITH DOT ABOVE AND MACRON
DeadKey    o 0x54  0xc481    = 0xc7a1	# LATIN SMALL LETTER A WITH DOT ABOVE AND MACRON
DeadKey    o 0x54  0xc58c    = 0xc8b0	# LATIN CAPITAL LETTER O WITH DOT ABOVE AND MACRON
DeadKey    o 0x54  0xc58d    = 0xc8b1	# LATIN SMALL LETTER O WITH DOT ABOVE AND MACRON
DeadKey    o 0x54  'B'       = 0xe1b882
DeadKey    o 0x54  'b'       = 0xe1b883
DeadKey    o 0x54  'D'       = 0xe1b88a
DeadKey    o 0x54  'd'       = 0xe1b88b
DeadKey    o 0x54  'F'       = 0xe1b89e
DeadKey    o 0x54  'f'       = 0xe1b89f
DeadKey    o 0x54  'H'       = 0xe1b8a2
DeadKey    o 0x54  'h'       = 0xe1b8a3
DeadKey    o 0x54  'M'       = 0xe1b980
DeadKey    o 0x54  'm'       = 0xe1b981
DeadKey    o 0x54  'N'       = 0xe1b984
DeadKey    o 0x54  'n'       = 0xe1b985
DeadKey    o 0x54  'P'       = 0xe1b996
DeadKey    o 0x54  'p'       = 0xe1b997
DeadKey    o 0x54  'R'       = 0xe1b998
DeadKey    o 0x54  'r'       = 0xe1b999
DeadKey    o 0x54  'S'       = 0xe1b9a0
DeadKey    o 0x54  's'       = 0xe1b9a1
DeadKey    o 0x54  0xc59a    = 0xe1b9a4	# LATIN CAPITAL LETTER S WITH ACUTE AND DOT ABOVE
DeadKey    o 0x54  0xc59b    = 0xe1b9a5	# LATIN SMALL LETTER S WITH ACUTE AND DOT ABOVE
DeadKey    o 0x54  0xc5a0    = 0xe1b9a6	# LATIN CAPITAL LETTER S WITH CARON AND DOT ABOVE
DeadKey    o 0x54  0xc5a1    = 0xe1b9a7	# LATIN SMALL LETTER S WITH CARON AND DOT ABOVE
DeadKey    o 0x54  0xe1b9a2  = 0xe1b9a8	# LATIN CAPITAL LETTER S WITH DOT BELOW AND DOT ABOVE
DeadKey    o 0x54  0xe1b9a3  = 0xe1b9a9	# LATIN SMALL LETTER S WITH DOT BELOW AND DOT ABOVE
DeadKey    o 0x54  'T'       = 0xe1b9aa
DeadKey    o 0x54  't'       = 0xe1b9ab
DeadKey    o 0x54  'W'       = 0xe1ba86
DeadKey    o 0x54  'w'       = 0xe1ba87
DeadKey    o 0x54  'X'       = 0xe1ba8a
DeadKey    o 0x54  'x'       = 0xe1ba8b
DeadKey    o 0x54  'Y'       = 0xe1ba8e
DeadKey    o 0x54  'y'       = 0xe1ba8f
#DeadKey    o 0x54  0x0       = 0xcb99
DeadKey    o 0x54  0x0       = 0xc2b7 

